../Core/Src/main.c:487:6:send_uart	24	static
../Core/Src/main.c:493:5:bufsize	24	static
../Core/Src/main.c:500:6:clear_buffer	16	static
../Core/Src/main.c:586:6:USER_UART_IDLECallback	32	static
../Core/Src/main.c:604:6:USER_UART_IRQHandler	16	static
../Core/Src/main.c:617:6:HAL_UART_ErrorCallback	16	static
../Core/Src/main.c:629:6:HAL_UART_RxCpltCallback	24	static
../Core/Src/main.c:689:6:HAL_TIM_IC_CaptureCallback	16	static
../Core/Src/main.c:740:6:HAL_TIM_PeriodElapsedCallback	16	static
../Core/Src/main.c:757:5:main	88	static
../Core/Src/main.c:914:6:SystemClock_Config	88	static
../Core/Src/main.c:955:13:MX_NVIC_Init	8	static
../Core/Src/main.c:967:13:MX_I2C1_Init	8	static
../Core/Src/main.c:1015:13:MX_I2C2_Init	8	static
../Core/Src/main.c:1063:13:MX_LPUART1_UART_Init	8	static
../Core/Src/main.c:1111:13:MX_USART1_UART_Init	8	static
../Core/Src/main.c:1161:13:MX_USART2_UART_Init	8	static
../Core/Src/main.c:1209:13:MX_USART3_UART_Init	8	static
../Core/Src/main.c:1245:13:MX_USART4_UART_Init	8	static
../Core/Src/main.c:1281:13:MX_SPI1_Init	8	static
../Core/Src/main.c:1321:13:MX_TIM1_Init	40	static
../Core/Src/main.c:1371:13:MX_TIM2_Init	40	static
../Core/Src/main.c:1419:13:MX_TIM3_Init	40	static
../Core/Src/main.c:1462:13:MX_DMA_Init	16	static
../Core/Src/main.c:1480:13:MX_GPIO_Init	56	static
../Core/Src/main.c:1552:6:Status_Check	8	static
../Core/Src/main.c:1722:6:Status_Change	8	static
../Core/Src/main.c:1734:6:HMI_Hired_W	16	static
../Core/Src/main.c:1893:6:HMI_Stop_W	144	static
../Core/Src/main.c:2461:6:HMI_Vacant_W	24	static
../Core/Src/main.c:2765:6:extras_rd	32	static
../Core/Src/main.c:2847:6:printer_rd	8	static
../Core/Src/main.c:2917:6:check_rd	8	static
../Core/Src/main.c:2931:6:clear_rd	8	static
../Core/Src/main.c:2977:6:Long_to_byte	16	static
../Core/Src/main.c:2985:10:byte_to_Long	24	static
../Core/Src/main.c:2997:6:HMI_Command	48	static
../Core/Src/main.c:3007:6:HMI_Transmit	48	static
../Core/Src/main.c:3018:10:CRC16	24	static
../Core/Src/main.c:3043:15:checksum_8bit	24	static
../Core/Src/main.c:3055:6:long_to_byte	16	static
../Core/Src/main.c:3061:10:byte_to_long	24	static
../Core/Src/main.c:3071:6:long_to_byte_crc	16	static
../Core/Src/main.c:3077:6:tbox_start	152	static
../Core/Src/main.c:3127:6:tbox_finish	192	static
../Core/Src/main.c:3178:6:printer_process	16	static
../Core/Src/main.c:3246:6:printer_e	40	static
../Core/Src/main.c:3493:6:printer_transmit	64	static
../Core/Src/main.c:3504:6:printer_transmit2	64	static
../Core/Src/main.c:3517:6:eeprom_w	24	static
../Core/Src/main.c:3533:6:eeprom_check	24	static
../Core/Src/main.c:3549:6:eeprom_r	72	static
../Core/Src/main.c:3685:6:rtc_set	88	static
../Core/Src/main.c:3697:6:time_update	632	static
../Core/Src/main.c:3883:6:DebugLog	480	static
../Core/Src/main.c:3917:6:EventDebugLog	488	static
../Core/Src/main.c:3952:6:BCD2ASC	32	static
../Core/Src/main.c:3971:15:BCD2Dec	24	static
../Core/Src/main.c:3978:15:Dec2BCD	32	static
../Core/Src/main.c:3985:6:Dur_hms_cal	8	static
../Core/Src/main.c:4027:6:Read_Pulse	8	static
../Core/Src/main.c:4054:6:Read_Distance	16	static
../Core/Src/main.c:4060:6:Read_Speed	8	static
../Core/Src/main.c:4076:6:Fare_Calculation	24	static
../Core/Src/main.c:4227:6:Flag_Control_Up	8	static
../Core/Src/main.c:4235:6:Flag_Control_Down	8	static
../Core/Src/main.c:4243:6:Anti_Tamper_Handle	72	static
../Core/Src/main.c:4368:6:Dec2ASC	32	static
../Core/Src/main.c:4385:10:ASC2Dec	24	static
../Core/Src/main.c:4398:6:E_read	24	static
../Core/Src/main.c:4547:6:E_write	24	static
../Core/Src/main.c:4666:6:Voice_init	16	static
../Core/Src/main.c:4700:6:Voice_start	16	static
../Core/Src/main.c:4705:6:Voice_end	16	static
../Core/Src/main.c:4710:6:cal_vcan	16	static
../Core/Src/main.c:4936:6:cal_vcn	16	static
../Core/Src/main.c:5162:6:cal_ven	16	static
../Core/Src/main.c:5422:6:Error_Handler	8	static,ignoring_inline_asm
