../Core/Src/pcf2129.c:33:6:PCF2129_Init	16	static
../Core/Src/pcf2129.c:46:6:PCF2129_searchDevice	8	static
../Core/Src/pcf2129.c:58:6:PCF2129_configure	8	static
../Core/Src/pcf2129.c:71:11:PCF2129_getDate	40	static
../Core/Src/pcf2129.c:129:6:PCF2129_setDate	24	static
../Core/Src/pcf2129.c:149:6:PCF2129_set12mode	24	static
../Core/Src/pcf2129.c:164:6:PCF2129_set24mode	24	static
../Core/Src/pcf2129.c:179:9:PCF2129_read	24	static
../Core/Src/pcf2129.c:201:6:PCF2129_write	32	static
../Core/Src/pcf2129.c:214:9:PCF2129_readCtrl	16	static
../Core/Src/pcf2129.c:225:6:PCF2129_writeCtrl	16	static
../Core/Src/pcf2129.c:237:9:bcdToDec	16	static
../Core/Src/pcf2129.c:249:9:decToBcd	24	static
../Core/Src/pcf2129.c:261:7:unixToUtc	72	static
../Core/Src/pcf2129.c:354:10:utcToUnix	72	static
