../Core/Src/stm32g0xx_it.c:57:6:SDTimer_Handler	8	static
../Core/Src/stm32g0xx_it.c:90:6:NMI_Handler	8	static
../Core/Src/stm32g0xx_it.c:105:6:HardFault_Handler	8	static
../Core/Src/stm32g0xx_it.c:120:6:SVC_Handler	8	static
../Core/Src/stm32g0xx_it.c:133:6:PendSV_Handler	8	static
../Core/Src/stm32g0xx_it.c:146:6:SysTick_Handler	8	static
../Core/Src/stm32g0xx_it.c:173:6:DMA1_Channel1_IRQHandler	8	static
../Core/Src/stm32g0xx_it.c:187:6:TIM1_CC_IRQHandler	8	static
../Core/Src/stm32g0xx_it.c:201:6:TIM2_IRQHandler	8	static
../Core/Src/stm32g0xx_it.c:215:6:TIM3_IRQHandler	8	static
../Core/Src/stm32g0xx_it.c:229:6:I2C1_IRQHandler	8	static
../Core/Src/stm32g0xx_it.c:247:6:SPI1_IRQHandler	8	static
../Core/Src/stm32g0xx_it.c:261:6:USART1_IRQHandler	8	static
../Core/Src/stm32g0xx_it.c:276:6:USART2_IRQHandler	8	static
../Core/Src/stm32g0xx_it.c:290:6:USART3_4_LPUART1_IRQHandler	8	static
