Archive member included to satisfy reference by file (symbol)

C:/ST/STM32CubeIDE_1.16.1/STM32CubeIDE/plugins/com.st.stm32cube.ide.mcu.externaltools.gnu-tools-for-stm32.12.3.rel1.win32_1.0.200.202406191623/tools/bin/../lib/gcc/arm-none-eabi/12.3.1/../../../../arm-none-eabi/lib/thumb/v6-m/nofp\libc_nano.a(libc_a-exit.o)
                              C:/ST/STM32CubeIDE_1.16.1/STM32CubeIDE/plugins/com.st.stm32cube.ide.mcu.externaltools.gnu-tools-for-stm32.12.3.rel1.win32_1.0.200.202406191623/tools/bin/../lib/gcc/arm-none-eabi/12.3.1/../../../../arm-none-eabi/lib/thumb/v6-m/nofp/crt0.o (exit)
C:/ST/STM32CubeIDE_1.16.1/STM32CubeIDE/plugins/com.st.stm32cube.ide.mcu.externaltools.gnu-tools-for-stm32.12.3.rel1.win32_1.0.200.202406191623/tools/bin/../lib/gcc/arm-none-eabi/12.3.1/../../../../arm-none-eabi/lib/thumb/v6-m/nofp\libc_nano.a(libc_a-findfp.o)
                              C:/ST/STM32CubeIDE_1.16.1/STM32CubeIDE/plugins/com.st.stm32cube.ide.mcu.externaltools.gnu-tools-for-stm32.12.3.rel1.win32_1.0.200.202406191623/tools/bin/../lib/gcc/arm-none-eabi/12.3.1/../../../../arm-none-eabi/lib/thumb/v6-m/nofp\libc_nano.a(libc_a-exit.o) (__stdio_exit_handler)
C:/ST/STM32CubeIDE_1.16.1/STM32CubeIDE/plugins/com.st.stm32cube.ide.mcu.externaltools.gnu-tools-for-stm32.12.3.rel1.win32_1.0.200.202406191623/tools/bin/../lib/gcc/arm-none-eabi/12.3.1/../../../../arm-none-eabi/lib/thumb/v6-m/nofp\libc_nano.a(libc_a-fwalk.o)
                              C:/ST/STM32CubeIDE_1.16.1/STM32CubeIDE/plugins/com.st.stm32cube.ide.mcu.externaltools.gnu-tools-for-stm32.12.3.rel1.win32_1.0.200.202406191623/tools/bin/../lib/gcc/arm-none-eabi/12.3.1/../../../../arm-none-eabi/lib/thumb/v6-m/nofp\libc_nano.a(libc_a-findfp.o) (_fwalk_sglue)
C:/ST/STM32CubeIDE_1.16.1/STM32CubeIDE/plugins/com.st.stm32cube.ide.mcu.externaltools.gnu-tools-for-stm32.12.3.rel1.win32_1.0.200.202406191623/tools/bin/../lib/gcc/arm-none-eabi/12.3.1/../../../../arm-none-eabi/lib/thumb/v6-m/nofp\libc_nano.a(libc_a-snprintf.o)
                              ./Core/Src/main.o (snprintf)
C:/ST/STM32CubeIDE_1.16.1/STM32CubeIDE/plugins/com.st.stm32cube.ide.mcu.externaltools.gnu-tools-for-stm32.12.3.rel1.win32_1.0.200.202406191623/tools/bin/../lib/gcc/arm-none-eabi/12.3.1/../../../../arm-none-eabi/lib/thumb/v6-m/nofp\libc_nano.a(libc_a-stdio.o)
                              C:/ST/STM32CubeIDE_1.16.1/STM32CubeIDE/plugins/com.st.stm32cube.ide.mcu.externaltools.gnu-tools-for-stm32.12.3.rel1.win32_1.0.200.202406191623/tools/bin/../lib/gcc/arm-none-eabi/12.3.1/../../../../arm-none-eabi/lib/thumb/v6-m/nofp\libc_nano.a(libc_a-findfp.o) (__sread)
C:/ST/STM32CubeIDE_1.16.1/STM32CubeIDE/plugins/com.st.stm32cube.ide.mcu.externaltools.gnu-tools-for-stm32.12.3.rel1.win32_1.0.200.202406191623/tools/bin/../lib/gcc/arm-none-eabi/12.3.1/../../../../arm-none-eabi/lib/thumb/v6-m/nofp\libc_nano.a(libc_a-memcmp.o)
                              ./Core/Src/main.o (memcmp)
C:/ST/STM32CubeIDE_1.16.1/STM32CubeIDE/plugins/com.st.stm32cube.ide.mcu.externaltools.gnu-tools-for-stm32.12.3.rel1.win32_1.0.200.202406191623/tools/bin/../lib/gcc/arm-none-eabi/12.3.1/../../../../arm-none-eabi/lib/thumb/v6-m/nofp\libc_nano.a(libc_a-memset.o)
                              C:/ST/STM32CubeIDE_1.16.1/STM32CubeIDE/plugins/com.st.stm32cube.ide.mcu.externaltools.gnu-tools-for-stm32.12.3.rel1.win32_1.0.200.202406191623/tools/bin/../lib/gcc/arm-none-eabi/12.3.1/../../../../arm-none-eabi/lib/thumb/v6-m/nofp/crt0.o (memset)
C:/ST/STM32CubeIDE_1.16.1/STM32CubeIDE/plugins/com.st.stm32cube.ide.mcu.externaltools.gnu-tools-for-stm32.12.3.rel1.win32_1.0.200.202406191623/tools/bin/../lib/gcc/arm-none-eabi/12.3.1/../../../../arm-none-eabi/lib/thumb/v6-m/nofp\libc_nano.a(libc_a-closer.o)
                              C:/ST/STM32CubeIDE_1.16.1/STM32CubeIDE/plugins/com.st.stm32cube.ide.mcu.externaltools.gnu-tools-for-stm32.12.3.rel1.win32_1.0.200.202406191623/tools/bin/../lib/gcc/arm-none-eabi/12.3.1/../../../../arm-none-eabi/lib/thumb/v6-m/nofp\libc_nano.a(libc_a-stdio.o) (_close_r)
C:/ST/STM32CubeIDE_1.16.1/STM32CubeIDE/plugins/com.st.stm32cube.ide.mcu.externaltools.gnu-tools-for-stm32.12.3.rel1.win32_1.0.200.202406191623/tools/bin/../lib/gcc/arm-none-eabi/12.3.1/../../../../arm-none-eabi/lib/thumb/v6-m/nofp\libc_nano.a(libc_a-reent.o)
                              C:/ST/STM32CubeIDE_1.16.1/STM32CubeIDE/plugins/com.st.stm32cube.ide.mcu.externaltools.gnu-tools-for-stm32.12.3.rel1.win32_1.0.200.202406191623/tools/bin/../lib/gcc/arm-none-eabi/12.3.1/../../../../arm-none-eabi/lib/thumb/v6-m/nofp\libc_nano.a(libc_a-closer.o) (errno)
C:/ST/STM32CubeIDE_1.16.1/STM32CubeIDE/plugins/com.st.stm32cube.ide.mcu.externaltools.gnu-tools-for-stm32.12.3.rel1.win32_1.0.200.202406191623/tools/bin/../lib/gcc/arm-none-eabi/12.3.1/../../../../arm-none-eabi/lib/thumb/v6-m/nofp\libc_nano.a(libc_a-impure.o)
[...]
Memory Configuration

Name             Origin             Length             Attributes
RAM              0x20000000         0x00009000         xrw
FLASH            0x08000000         0x00020000         xr
*default*        0x00000000         0xffffffff

Linker script and memory map

LOAD C:/ST/STM32CubeIDE_1.16.1/STM32CubeIDE/plugins/com.st.stm32cube.ide.mcu.externaltools.gnu-tools-for-stm32.12.3.rel1.win32_1.0.200.202406191623/tools/bin/../lib/gcc/arm-none-eabi/12.3.1/thumb/v6-m/nofp/crti.o
LOAD C:/ST/STM32CubeIDE_1.16.1/STM32CubeIDE/plugins/com.st.stm32cube.ide.mcu.externaltools.gnu-tools-for-stm32.12.3.rel1.win32_1.0.200.202406191623/tools/bin/../lib/gcc/arm-none-eabi/12.3.1/thumb/v6-m/nofp/crtbegin.o
LOAD C:/ST/STM32CubeIDE_1.16.1/STM32CubeIDE/plugins/com.st.stm32cube.ide.mcu.externaltools.gnu-tools-for-stm32.12.3.rel1.win32_1.0.200.202406191623/tools/bin/../lib/gcc/arm-none-eabi/12.3.1/../../../../arm-none-eabi/lib/thumb/v6-m/nofp/crt0.o
LOAD ./Core/Src/EEPROM.o
LOAD ./Core/Src/fatfs_sd.o
LOAD ./Core/Src/main.o
LOAD ./Core/Src/pcf2129.o
LOAD ./Core/Src/stm32g0xx_hal_msp.o
LOAD ./Core/Src/stm32g0xx_it.o
LOAD ./Core/Src/syscalls.o
LOAD ./Core/Src/sysmem.o
LOAD ./Core/Src/system_stm32g0xx.o
LOAD ./Core/Startup/startup_stm32g071rbtx.o
LOAD ./Drivers/STM32G0xx_HAL_Driver/Src/stm32g0xx_hal.o
LOAD ./Drivers/STM32G0xx_HAL_Driver/Src/stm32g0xx_hal_cortex.o
LOAD ./Drivers/STM32G0xx_HAL_Driver/Src/stm32g0xx_hal_dma.o
LOAD ./Drivers/STM32G0xx_HAL_Driver/Src/stm32g0xx_hal_dma_ex.o
LOAD ./Drivers/STM32G0xx_HAL_Driver/Src/stm32g0xx_hal_exti.o
LOAD ./Drivers/STM32G0xx_HAL_Driver/Src/stm32g0xx_hal_flash.o
LOAD ./Drivers/STM32G0xx_HAL_Driver/Src/stm32g0xx_hal_flash_ex.o
LOAD ./Drivers/STM32G0xx_HAL_Driver/Src/stm32g0xx_hal_gpio.o
LOAD ./Drivers/STM32G0xx_HAL_Driver/Src/stm32g0xx_hal_i2c.o
LOAD ./Drivers/STM32G0xx_HAL_Driver/Src/stm32g0xx_hal_i2c_ex.o
LOAD ./Drivers/STM32G0xx_HAL_Driver/Src/stm32g0xx_hal_pwr.o
LOAD ./Drivers/STM32G0xx_HAL_Driver/Src/stm32g0xx_hal_pwr_ex.o
LOAD ./Drivers/STM32G0xx_HAL_Driver/Src/stm32g0xx_hal_rcc.o
LOAD ./Drivers/STM32G0xx_HAL_Driver/Src/stm32g0xx_hal_rcc_ex.o
LOAD ./Drivers/STM32G0xx_HAL_Driver/Src/stm32g0xx_hal_spi.o
LOAD ./Drivers/STM32G0xx_HAL_Driver/Src/stm32g0xx_hal_spi_ex.o
LOAD ./Drivers/STM32G0xx_HAL_Driver/Src/stm32g0xx_hal_tim.o
LOAD ./Drivers/STM32G0xx_HAL_Driver/Src/stm32g0xx_hal_tim_ex.o
LOAD ./Drivers/STM32G0xx_HAL_Driver/Src/stm32g0xx_hal_uart.o
LOAD ./Drivers/STM32G0xx_HAL_Driver/Src/stm32g0xx_hal_uart_ex.o
LOAD ./Drivers/STM32G0xx_HAL_Driver/Src/stm32g0xx_ll_dma.o
LOAD ./Drivers/STM32G0xx_HAL_Driver/Src/stm32g0xx_ll_rcc.o
LOAD ./FATFS/App/app_fatfs.o
LOAD ./FATFS/Target/user_diskio.o
LOAD ./Middlewares/Third_Party/FatFs/src/diskio.o
LOAD ./Middlewares/Third_Party/FatFs/src/ff.o
LOAD ./Middlewares/Third_Party/FatFs/src/ff_gen_drv.o
LOAD ./Middlewares/Third_Party/FatFs/src/option/syscall.o
START GROUP
LOAD C:/ST/STM32CubeIDE_1.16.1/STM32CubeIDE/plugins/com.st.stm32cube.ide.mcu.externaltools.gnu-tools-for-stm32.12.3.rel1.win32_1.0.200.202406191623/tools/bin/../lib/gcc/arm-none-eabi/12.3.1/../../../../arm-none-eabi/lib/thumb/v6-m/nofp\libc_nano.a
LOAD C:/ST/STM32CubeIDE_1.16.1/STM32CubeIDE/plugins/com.st.stm32cube.ide.mcu.externaltools.gnu-tools-for-stm32.12.3.rel1.win32_1.0.200.202406191623/tools/bin/../lib/gcc/arm-none-eabi/12.3.1/../../../../arm-none-eabi/lib/thumb/v6-m/nofp\libm.a
END GROUP
START GROUP
LOAD C:/ST/STM32CubeIDE_1.16.1/STM32CubeIDE/plugins/com.st.stm32cube.ide.mcu.externaltools.gnu-tools-for-stm32.12.3.rel1.win32_1.0.200.202406191623/tools/bin/../lib/gcc/arm-none-eabi/12.3.1/thumb/v6-m/nofp\libgcc.a
LOAD C:/ST/STM32CubeIDE_1.16.1/STM32CubeIDE/plugins/com.st.stm32cube.ide.mcu.externaltools.gnu-tools-for-stm32.12.3.rel1.win32_1.0.200.202406191623/tools/bin/../lib/gcc/arm-none-eabi/12.3.1/../../../../arm-none-eabi/lib/thumb/v6-m/nofp\libc_nano.a
END GROUP
START GROUP
LOAD C:/ST/STM32CubeIDE_1.16.1/STM32CubeIDE/plugins/com.st.stm32cube.ide.mcu.externaltools.gnu-tools-for-stm32.12.3.rel1.win32_1.0.200.202406191623/tools/bin/../lib/gcc/arm-none-eabi/12.3.1/thumb/v6-m/nofp\libgcc.a
LOAD C:/ST/STM32CubeIDE_1.16.1/STM32CubeIDE/plugins/com.st.stm32cube.ide.mcu.externaltools.gnu-tools-for-stm32.12.3.rel1.win32_1.0.200.202406191623/tools/bin/../lib/gcc/arm-none-eabi/12.3.1/../../../../arm-none-eabi/lib/thumb/v6-m/nofp\libc_nano.a
LOAD C:/ST/STM32CubeIDE_1.16.1/STM32CubeIDE/plugins/com.st.stm32cube.ide.mcu.externaltools.gnu-tools-for-stm32.12.3.rel1.win32_1.0.200.202406191623/tools/bin/../lib/gcc/arm-none-eabi/12.3.1/../../../../arm-none-eabi/lib/thumb/v6-m/nofp\libnosys.a
END GROUP
START GROUP
LOAD C:/ST/STM32CubeIDE_1.16.1/STM32CubeIDE/plugins/com.st.stm32cube.ide.mcu.externaltools.gnu-tools-for-stm32.12.3.rel1.win32_1.0.200.202406191623/tools/bin/../lib/gcc/arm-none-eabi/12.3.1/thumb/v6-m/nofp\libgcc.a
LOAD C:/ST/STM32CubeIDE_1.16.1/STM32CubeIDE/plugins/com.st.stm32cube.ide.mcu.externaltools.gnu-tools-for-stm32.12.3.rel1.win32_1.0.200.202406191623/tools/bin/../lib/gcc/arm-none-eabi/12.3.1/../../../../arm-none-eabi/lib/thumb/v6-m/nofp\libc_nano.a
LOAD C:/ST/STM32CubeIDE_1.16.1/STM32CubeIDE/plugins/com.st.stm32cube.ide.mcu.externaltools.gnu-tools-for-stm32.12.3.rel1.win32_1.0.200.202406191623/tools/bin/../lib/gcc/arm-none-eabi/12.3.1/../../../../arm-none-eabi/lib/thumb/v6-m/nofp\libnosys.a
END GROUP
LOAD C:/ST/STM32CubeIDE_1.16.1/STM32CubeIDE/plugins/com.st.stm32cube.ide.mcu.externaltools.gnu-tools-for-stm32.12.3.rel1.win32_1.0.200.202406191623/tools/bin/../lib/gcc/arm-none-eabi/12.3.1/thumb/v6-m/nofp/crtend.o
LOAD C:/ST/STM32CubeIDE_1.16.1/STM32CubeIDE/plugins/com.st.stm32cube.ide.mcu.externaltools.gnu-tools-for-stm32.12.3.rel1.win32_1.0.200.202406191623/tools/bin/../lib/gcc/arm-none-eabi/12.3.1/thumb/v6-m/nofp/crtn.o
                0x20009000                        _estack = (ORIGIN (RAM) + LENGTH (RAM))
                0x00000200                        _Min_Heap_Size = 0x200
                0x00000400                        _Min_Stack_Size = 0x400

.isr_vector     0x08000000       0xbc
                0x08000000                        . = ALIGN (0x4)
 *(.isr_vector)
 .isr_vector    0x08000000       0xbc ./Core/Startup/startup_stm32g071rbtx.o
                0x08000000                g_pfnVectors
                0x080000bc                        . = ALIGN (0x4)

.text           0x080000bc    0x19928
                0x080000bc                        . = ALIGN (0x4)
 *(.text)
 .text          0x080000bc       0x48 C:/ST/STM32CubeIDE_1.16.1/STM32CubeIDE/plugins/com.st.stm32cube.ide.mcu.externaltools.gnu-tools-for-stm32.12.3.rel1.win32_1.0.200.202406191623/tools/bin/../lib/gcc/arm-none-eabi/12.3.1/thumb/v6-m/nofp/crtbegin.o
 .text          0x08000104        0xe C:/ST/STM32CubeIDE_1.16.1/STM32CubeIDE/plugins/com.st.stm32cube.ide.mcu.externaltools.gnu-tools-for-stm32.12.3.rel1.win32_1.0.200.202406191623/tools/bin/../lib/gcc/arm-none-eabi/12.3.1/../../../../arm-none-eabi/lib/thumb/v6-m/nofp\libc_nano.a(libc_a-strlen.o)
                0x08000104                strlen
 *fill*         0x08000112        0x2 
 .text          0x08000114       0x14 C:/ST/STM32CubeIDE_1.16.1/STM32CubeIDE/plugins/com.st.stm32cube.ide.mcu.externaltools.gnu-tools-for-stm32.12.3.rel1.win32_1.0.200.202406191623/tools/bin/../lib/gcc/arm-none-eabi/12.3.1/thumb/v6-m/nofp\libgcc.a(_thumb1_case_shi.o)
                0x08000114                __gnu_thumb1_case_shi
 .text          0x08000128      0x114 C:/ST/STM32CubeIDE_1.16.1/STM32CubeIDE/plugins/com.st.stm32cube.ide.mcu.externaltools.gnu-tools-for-stm32.12.3.rel1.win32_1.0.200.202406191623/tools/bin/../lib/gcc/arm-none-eabi/12.3.1/thumb/v6-m/nofp\libgcc.a(_udivsi3.o)
                0x08000128                __aeabi_uidiv
                0x08000128                __udivsi3
                0x08000234                __aeabi_uidivmod
 .text          0x0800023c      0x1d4 C:/ST/STM32CubeIDE_1.16.1/STM32CubeIDE/plugins/com.st.stm32cube.ide.mcu.externaltools.gnu-tools-for-stm32.12.3.rel1.win32_1.0.200.202406191623/tools/bin/../lib/gcc/arm-none-eabi/12.3.1/thumb/v6-m/nofp\libgcc.a(_divsi3.o)
                0x0800023c                __divsi3
                0x0800023c                __aeabi_idiv
                0x08000408                __aeabi_idivmod
 .text          0x08000410        0x4 C:/ST/STM32CubeIDE_1.16.1/STM32CubeIDE/plugins/com.st.stm32cube.ide.mcu.externaltools.gnu-tools-for-stm32.12.3.rel1.win32_1.0.200.202406191623/tools/bin/../lib/gcc/arm-none-eabi/12.3.1/thumb/v6-m/nofp\libgcc.a(_dvmd_tls.o)
                0x08000410                __aeabi_idiv0
                0x08000410                __aeabi_ldiv0
 .text          0x08000414       0x7c C:/ST/STM32CubeIDE_1.16.1/STM32CubeIDE/plugins/com.st.stm32cube.ide.mcu.externaltools.gnu-tools-for-stm32.12.3.rel1.win32_1.0.200.202406191623/tools/bin/../lib/gcc/arm-none-eabi/12.3.1/thumb/v6-m/nofp\libgcc.a(_arm_cmpdf2.o)
                0x08000414                __aeabi_cdrcmple
                0x08000424                __aeabi_cdcmple
                0x08000424                __aeabi_cdcmpeq
                0x08000434                __aeabi_dcmpeq
                0x08000440                __aeabi_dcmplt
                0x08000454                __aeabi_dcmple
                0x08000468                __aeabi_dcmpgt
                0x0800047c                __aeabi_dcmpge
 .text          0x08000490       0x74 C:/ST/STM32CubeIDE_1.16.1/STM32CubeIDE/plugins/com.st.stm32cube.ide.mcu.externaltools.gnu-tools-for-stm32.12.3.rel1.win32_1.0.200.202406191623/tools/bin/../lib/gcc/arm-none-eabi/12.3.1/thumb/v6-m/nofp\libgcc.a(_arm_cmpsf2.o)
                0x08000490                __aeabi_cfrcmple
                0x08000498                __aeabi_cfcmpeq
                0x08000498                __aeabi_cfcmple
                0x080004a8                __aeabi_fcmpeq
                0x080004b4                __aeabi_fcmplt
                0x080004c8                __aeabi_fcmple
                0x080004dc                __aeabi_fcmpgt
                0x080004f0                __aeabi_fcmpge
 .text          0x08000504       0x40 C:/ST/STM32CubeIDE_1.16.1/STM32CubeIDE/plugins/com.st.stm32cube.ide.mcu.externaltools.gnu-tools-for-stm32.12.3.rel1.win32_1.0.200.202406191623/tools/bin/../lib/gcc/arm-none-eabi/12.3.1/thumb/v6-m/nofp\libgcc.a(_aeabi_uldivmod.o)
                0x08000504                __aeabi_uldivmod
 .text          0x08000544       0x30 C:/ST/STM32CubeIDE_1.16.1/STM32CubeIDE/plugins/com.st.stm32cube.ide.mcu.externaltools.gnu-tools-for-stm32.12.3.rel1.win32_1.0.200.202406191623/tools/bin/../lib/gcc/arm-none-eabi/12.3.1/thumb/v6-m/nofp\libgcc.a(_fixunssfsi.o)
                0x08000544                __fixunssfsi
                0x08000544                __aeabi_f2uiz
 .text          0x08000574       0x3c C:/ST/STM32CubeIDE_1.16.1/STM32CubeIDE/plugins/com.st.stm32cube.ide.mcu.externaltools.gnu-tools-for-stm32.12.3.rel1.win32_1.0.200.202406191623/tools/bin/../lib/gcc/arm-none-eabi/12.3.1/thumb/v6-m/nofp\libgcc.a(_fixunsdfsi.o)
                0x08000574                __aeabi_d2uiz
                0x08000574                __fixunsdfsi
 .text          0x080005b0      0x198 C:/ST/STM32CubeIDE_1.16.1/STM32CubeIDE/plugins/com.st.stm32cube.ide.mcu.externaltools.gnu-tools-for-stm32.12.3.rel1.win32_1.0.200.202406191623/tools/bin/../lib/gcc/arm-none-eabi/12.3.1/thumb/v6-m/nofp\libgcc.a(_udivmoddi4.o)
                0x080005b0                __udivmoddi4
 .text          0x08000748      0x314 C:/ST/STM32CubeIDE_1.16.1/STM32CubeIDE/plugins/com.st.stm32cube.ide.mcu.externaltools.gnu-tools-for-stm32.12.3.rel1.win32_1.0.200.202406191623/tools/bin/../lib/gcc/arm-none-eabi/12.3.1/thumb/v6-m/nofp\libgcc.a(addsf3.o)
                0x08000748                __aeabi_fadd
 .text          0x08000a5c      0x240 C:/ST/STM32CubeIDE_1.16.1/STM32CubeIDE/plugins/com.st.stm32cube.ide.mcu.externaltools.gnu-tools-for-stm32.12.3.rel1.win32_1.0.200.202406191623/tools/bin/../lib/gcc/arm-none-eabi/12.3.1/thumb/v6-m/nofp\libgcc.a(divsf3.o)
                0x08000a5c                __aeabi_fdiv
 .text          0x08000c9c       0x50 C:/ST/STM32CubeIDE_1.16.1/STM32CubeIDE/plugins/com.st.stm32cube.ide.mcu.externaltools.gnu-tools-for-stm32.12.3.rel1.win32_1.0.200.202406191623/tools/bin/../lib/gcc/arm-none-eabi/12.3.1/thumb/v6-m/nofp\libgcc.a(eqsf2.o)
                0x08000c9c                __eqsf2
                0x08000c9c                __nesf2
 .text          0x08000cec       0xa0 C:/ST/STM32CubeIDE_1.16.1/STM32CubeIDE/plugins/com.st.stm32cube.ide.mcu.externaltools.gnu-tools-for-stm32.12.3.rel1.win32_1.0.200.202406191623/tools/bin/../lib/gcc/arm-none-eabi/12.3.1/thumb/v6-m/nofp\libgcc.a(gesf2.o)
                0x08000cec                __gesf2
                0x08000cec                __gtsf2
 .text          0x08000d8c       0x9c C:/ST/STM32CubeIDE_1.16.1/STM32CubeIDE/plugins/com.st.stm32cube.ide.mcu.externaltools.gnu-tools-for-stm32.12.3.rel1.win32_1.0.200.202406191623/tools/bin/../lib/gcc/arm-none-eabi/12.3.1/thumb/v6-m/nofp\libgcc.a(lesf2.o)
                0x08000d8c                __ltsf2
                0x08000d8c                __lesf2
 .text          0x08000e28      0x27c C:/ST/STM32CubeIDE_1.16.1/STM32CubeIDE/plugins/com.st.stm32cube.ide.mcu.externaltools.gnu-tools-for-stm32.12.3.rel1.win32_1.0.200.202406191623/tools/bin/../lib/gcc/arm-none-eabi/12.3.1/thumb/v6-m/nofp\libgcc.a(mulsf3.o)
                0x08000e28                __aeabi_fmul
 .text          0x080010a4      0x348 C:/ST/STM32CubeIDE_1.16.1/STM32CubeIDE/plugins/com.st.stm32cube.ide.mcu.externaltools.gnu-tools-for-stm32.12.3.rel1.win32_1.0.200.202406191623/tools/bin/../lib/gcc/arm-none-eabi/12.3.1/thumb/v6-m/nofp\libgcc.a(subsf3.o)
                0x080010a4                __aeabi_fsub
 .text          0x080013ec       0x40 C:/ST/STM32CubeIDE_1.16.1/STM32CubeIDE/plugins/com.st.stm32cube.ide.mcu.externaltools.gnu-tools-for-stm32.12.3.rel1.win32_1.0.200.202406191623/tools/bin/../lib/gcc/arm-none-eabi/12.3.1/thumb/v6-m/nofp\libgcc.a(fixsfsi.o)
                0x080013ec                __aeabi_f2iz
 .text          0x0800142c       0x98 C:/ST/STM32CubeIDE_1.16.1/STM32CubeIDE/plugins/com.st.stm32cube.ide.mcu.externaltools.gnu-tools-for-stm32.12.3.rel1.win32_1.0.200.202406191623/tools/bin/../lib/gcc/arm-none-eabi/12.3.1/thumb/v6-m/nofp\libgcc.a(floatsisf.o)
                0x0800142c                __aeabi_i2f
 .text          0x080014c4       0x84 C:/ST/STM32CubeIDE_1.16.1/STM32CubeIDE/plugins/com.st.stm32cube.ide.mcu.externaltools.gnu-tools-for-stm32.12.3.rel1.win32_1.0.200.202406191623/tools/bin/../lib/gcc/arm-none-eabi/12.3.1/thumb/v6-m/nofp\libgcc.a(floatunsisf.o)
                0x080014c4                __aeabi_ui2f
 .text          0x08001548      0x6c8 C:/ST/STM32CubeIDE_1.16.1/STM32CubeIDE/plugins/com.st.stm32cube.ide.mcu.externaltools.gnu-tools-for-stm32.12.3.rel1.win32_1.0.200.202406191623/tools/bin/../lib/gcc/arm-none-eabi/12.3.1/thumb/v6-m/nofp\libgcc.a(adddf3.o)
                0x08001548                __aeabi_dadd
 .text          0x08001c10      0x634 C:/ST/STM32CubeIDE_1.16.1/STM32CubeIDE/plugins/com.st.stm32cube.ide.mcu.externaltools.gnu-tools-for-stm32.12.3.rel1.win32_1.0.200.202406191623/tools/bin/../lib/gcc/arm-none-eabi/12.3.1/thumb/v6-m/nofp\libgcc.a(divdf3.o)
                0x08001c10                __aeabi_ddiv
 .text          0x08002244       0x88 C:/ST/STM32CubeIDE_1.16.1/STM32CubeIDE/plugins/com.st.stm32cube.ide.mcu.externaltools.gnu-tools-for-stm32.12.3.rel1.win32_1.0.200.202406191623/tools/bin/../lib/gcc/arm-none-eabi/12.3.1/thumb/v6-m/nofp\libgcc.a(eqdf2.o)
                0x08002244                __nedf2
                0x08002244                __eqdf2
 .text          0x080022cc       0xe8 C:/ST/STM32CubeIDE_1.16.1/STM32CubeIDE/plugins/com.st.stm32cube.ide.mcu.externaltools.gnu-tools-for-stm32.12.3.rel1.win32_1.0.200.202406191623/tools/bin/../lib/gcc/arm-none-eabi/12.3.1/thumb/v6-m/nofp\libgcc.a(gedf2.o)
                0x080022cc                __gedf2
                0x080022cc                __gtdf2
 .text          0x080023b4       0xe4 C:/ST/STM32CubeIDE_1.16.1/STM32CubeIDE/plugins/com.st.stm32cube.ide.mcu.externaltools.gnu-tools-for-stm32.12.3.rel1.win32_1.0.200.202406191623/tools/bin/../lib/gcc/arm-none-eabi/12.3.1/thumb/v6-m/nofp\libgcc.a(ledf2.o)
                0x080023b4                __ledf2
                0x080023b4                __ltdf2
 .text          0x08002498      0x590 C:/ST/STM32CubeIDE_1.16.1/STM32CubeIDE/plugins/com.st.stm32cube.ide.mcu.externaltools.gnu-tools-for-stm32.12.3.rel1.win32_1.0.200.202406191623/tools/bin/../lib/gcc/arm-none-eabi/12.3.1/thumb/v6-m/nofp\libgcc.a(muldf3.o)
                0x08002498                __aeabi_dmul
 .text          0x08002a28      0x738 C:/ST/STM32CubeIDE_1.16.1/STM32CubeIDE/plugins/com.st.stm32cube.ide.mcu.externaltools.gnu-tools-for-stm32.12.3.rel1.win32_1.0.200.202406191623/tools/bin/../lib/gcc/arm-none-eabi/12.3.1/thumb/v6-m/nofp\libgcc.a(subdf3.o)
                0x08002a28                __aeabi_dsub
 .text          0x08003160       0x78 C:/ST/STM32CubeIDE_1.16.1/STM32CubeIDE/plugins/com.st.stm32cube.ide.mcu.externaltools.gnu-tools-for-stm32.12.3.rel1.win32_1.0.200.202406191623/tools/bin/../lib/gcc/arm-none-eabi/12.3.1/thumb/v6-m/nofp\libgcc.a(fixdfsi.o)
                0x08003160                __aeabi_d2iz
 .text          0x080031d8       0x5c C:/ST/STM32CubeIDE_1.16.1/STM32CubeIDE/plugins/com.st.stm32cube.ide.mcu.externaltools.gnu-tools-for-stm32.12.3.rel1.win32_1.0.200.202406191623/tools/bin/../lib/gcc/arm-none-eabi/12.3.1/thumb/v6-m/nofp\libgcc.a(floatsidf.o)
                0x080031d8                __aeabi_i2d
 .text          0x08003234       0x48 C:/ST/STM32CubeIDE_1.16.1/STM32CubeIDE/plugins/com.st.stm32cube.ide.mcu.externaltools.gnu-tools-for-stm32.12.3.rel1.win32_1.0.200.202406191623/tools/bin/../lib/gcc/arm-none-eabi/12.3.1/thumb/v6-m/nofp\libgcc.a(floatunsidf.o)
                0x08003234                __aeabi_ui2d
 .text          0x0800327c       0x90 C:/ST/STM32CubeIDE_1.16.1/STM32CubeIDE/plugins/com.st.stm32cube.ide.mcu.externaltools.gnu-tools-for-stm32.12.3.rel1.win32_1.0.200.202406191623/tools/bin/../lib/gcc/arm-none-eabi/12.3.1/thumb/v6-m/nofp\libgcc.a(extendsfdf2.o)
                0x0800327c                __aeabi_f2d
 .text          0x0800330c      0x108 C:/ST/STM32CubeIDE_1.16.1/STM32CubeIDE/plugins/com.st.stm32cube.ide.mcu.externaltools.gnu-tools-for-stm32.12.3.rel1.win32_1.0.200.202406191623/tools/bin/../lib/gcc/arm-none-eabi/12.3.1/thumb/v6-m/nofp\libgcc.a(truncdfsf2.o)
                0x0800330c                __aeabi_d2f
 .text          0x08003414       0x3c C:/ST/STM32CubeIDE_1.16.1/STM32CubeIDE/plugins/com.st.stm32cube.ide.mcu.externaltools.gnu-tools-for-stm32.12.3.rel1.win32_1.0.200.202406191623/tools/bin/../lib/gcc/arm-none-eabi/12.3.1/thumb/v6-m/nofp\libgcc.a(_clzsi2.o)
                0x08003414                __clzsi2
 .text          0x08003450       0x18 C:/ST/STM32CubeIDE_1.16.1/STM32CubeIDE/plugins/com.st.stm32cube.ide.mcu.externaltools.gnu-tools-for-stm32.12.3.rel1.win32_1.0.200.202406191623/tools/bin/../lib/gcc/arm-none-eabi/12.3.1/thumb/v6-m/nofp\libgcc.a(_clzdi2.o)
                0x08003450                __clzdi2
 *(.text*)
 .text.SELECT   0x08003468       0x1e ./Core/Src/fatfs_sd.o
 .text.DESELECT
                0x08003486       0x1e ./Core/Src/fatfs_sd.o
 .text.SPI_TxByte
                0x080034a4       0x34 ./Core/Src/fatfs_sd.o
 .text.SPI_TxBuffer
                0x080034d8       0x38 ./Core/Src/fatfs_sd.o
 .text.SPI_RxByte
                0x08003510       0x3c ./Core/Src/fatfs_sd.o
 .text.SPI_RxBytePtr
                0x0800354c       0x1c ./Core/Src/fatfs_sd.o
 .text.SD_ReadyWait
                0x08003568       0x3c ./Core/Src/fatfs_sd.o
 .text.SD_PowerOn
                0x080035a4       0x90 ./Core/Src/fatfs_sd.o
 .text.SD_PowerOff
                0x08003634       0x14 ./Core/Src/fatfs_sd.o
 .text.SD_CheckPower
                0x08003648       0x14 ./Core/Src/fatfs_sd.o
 .text.SD_RxDataBlock
                0x0800365c       0x68 ./Core/Src/fatfs_sd.o
 .text.SD_TxDataBlock
                0x080036c4       0xa6 ./Core/Src/fatfs_sd.o
 .text.SD_SendCmd
                0x0800376a       0xd8 ./Core/Src/fatfs_sd.o
 *fill*         0x08003842        0x2 
 .text.SD_disk_initialize
                0x08003844      0x21c ./Core/Src/fatfs_sd.o
                0x08003844                SD_disk_initialize
 .text.SD_disk_status
                0x08003a60       0x2c ./Core/Src/fatfs_sd.o
                0x08003a60                SD_disk_status
 .text.SD_disk_read
                0x08003a8c       0xe0 ./Core/Src/fatfs_sd.o
                0x08003a8c                SD_disk_read
 .text.SD_disk_write
                0x08003b6c      0x110 ./Core/Src/fatfs_sd.o
                0x08003b6c                SD_disk_write
 .text.SD_disk_ioctl
                0x08003c7c      0x268 ./Core/Src/fatfs_sd.o
                0x08003c7c                SD_disk_ioctl
 .text.bufsize  0x08003ee4       0x2a ./Core/Src/main.o
                0x08003ee4                bufsize
 *fill*         0x08003f0e        0x2 
 .text.clear_buffer
                0x08003f10       0x34 ./Core/Src/main.o
                0x08003f10                clear_buffer
 .text.USER_UART_IDLECallback
                0x08003f44       0x90 ./Core/Src/main.o
                0x08003f44                USER_UART_IDLECallback
 .text.USER_UART_IRQHandler
                0x08003fd4       0x40 ./Core/Src/main.o
                0x08003fd4                USER_UART_IRQHandler
 .text.HAL_UART_ErrorCallback
                0x08004014       0x2c ./Core/Src/main.o
                0x08004014                HAL_UART_ErrorCallback
 .text.HAL_UART_RxCpltCallback
                0x08004040      0x118 ./Core/Src/main.o
                0x08004040                HAL_UART_RxCpltCallback
 .text.HAL_TIM_IC_CaptureCallback
                0x08004158      0x178 ./Core/Src/main.o
                0x08004158                HAL_TIM_IC_CaptureCallback
 .text.HAL_TIM_PeriodElapsedCallback
                0x080042d0       0x30 ./Core/Src/main.o
                0x080042d0                HAL_TIM_PeriodElapsedCallback
 .text.main     0x08004300      0x4e0 ./Core/Src/main.o
                0x08004300                main
 .text.SystemClock_Config
                0x080047e0       0x9e ./Core/Src/main.o
                0x080047e0                SystemClock_Config
 .text.MX_NVIC_Init
                0x0800487e       0x1a ./Core/Src/main.o
 .text.MX_I2C1_Init
                0x08004898       0x80 ./Core/Src/main.o
 .text.MX_I2C2_Init
                0x08004918       0x80 ./Core/Src/main.o
 .text.MX_LPUART1_UART_Init
                0x08004998       0x9c ./Core/Src/main.o
 .text.MX_USART1_UART_Init
                0x08004a34       0xac ./Core/Src/main.o
 .text.MX_USART2_UART_Init
                0x08004ae0       0x9c ./Core/Src/main.o
 .text.MX_USART3_UART_Init
                0x08004b7c       0x68 ./Core/Src/main.o
 .text.MX_USART4_UART_Init
                0x08004be4       0x68 ./Core/Src/main.o
 .text.MX_SPI1_Init
                0x08004c4c       0x7c ./Core/Src/main.o
 .text.MX_TIM1_Init
                0x08004cc8       0xcc ./Core/Src/main.o
 .text.MX_TIM2_Init
                0x08004d94       0xb8 ./Core/Src/main.o
 .text.MX_TIM3_Init
                0x08004e4c       0xb0 ./Core/Src/main.o
 .text.MX_DMA_Init
                0x08004efc       0x3c ./Core/Src/main.o
 .text.MX_GPIO_Init
                0x08004f38      0x1bc ./Core/Src/main.o
 .text.Status_Check
                0x080050f4      0x5c0 ./Core/Src/main.o
                0x080050f4                Status_Check
 .text.Status_Change
                0x080056b4       0x34 ./Core/Src/main.o
                0x080056b4                Status_Change
 .text.HMI_Hired_W
                0x080056e8      0x560 ./Core/Src/main.o
                0x080056e8                HMI_Hired_W
 .text.HMI_Stop_W
                0x08005c48     0x15f8 ./Core/Src/main.o
                0x08005c48                HMI_Stop_W
 .text.HMI_Vacant_W
                0x08007240      0xb24 ./Core/Src/main.o
                0x08007240                HMI_Vacant_W
 .text.extras_rd
                0x08007d64      0x234 ./Core/Src/main.o
                0x08007d64                extras_rd
 .text.printer_rd
                0x08007f98      0x214 ./Core/Src/main.o
                0x08007f98                printer_rd
 .text.check_rd
                0x080081ac       0x48 ./Core/Src/main.o
                0x080081ac                check_rd
 .text.clear_rd
                0x080081f4      0x100 ./Core/Src/main.o
                0x080081f4                clear_rd
 .text.Long_to_byte
                0x080082f4       0x3e ./Core/Src/main.o
                0x080082f4                Long_to_byte
 .text.HMI_Command
                0x08008332       0x4e ./Core/Src/main.o
                0x08008332                HMI_Command
 .text.HMI_Transmit
                0x08008380       0x38 ./Core/Src/main.o
                0x08008380                HMI_Transmit
 .text.CRC16    0x080083b8       0xa4 ./Core/Src/main.o
                0x080083b8                CRC16
 .text.checksum_8bit
                0x0800845c       0x4c ./Core/Src/main.o
                0x0800845c                checksum_8bit
 .text.long_to_byte
                0x080084a8       0x30 ./Core/Src/main.o
                0x080084a8                long_to_byte
 .text.byte_to_long
                0x080084d8       0x2c ./Core/Src/main.o
                0x080084d8                byte_to_long
 .text.long_to_byte_crc
                0x08008504       0x30 ./Core/Src/main.o
                0x08008504                long_to_byte_crc
 .text.tbox_start
                0x08008534      0x1b4 ./Core/Src/main.o
                0x08008534                tbox_start
 .text.tbox_finish
                0x080086e8      0x1b8 ./Core/Src/main.o
                0x080086e8                tbox_finish
 .text.printer_process
                0x080088a0      0x348 ./Core/Src/main.o
                0x080088a0                printer_process
 .text.printer_e
                0x08008be8      0x810 ./Core/Src/main.o
                0x08008be8                printer_e
 .text.printer_transmit
                0x080093f8       0x44 ./Core/Src/main.o
                0x080093f8                printer_transmit
 .text.printer_transmit2
                0x0800943c       0x44 ./Core/Src/main.o
                0x0800943c                printer_transmit2
 .text.eeprom_w
                0x08009480       0x4c ./Core/Src/main.o
                0x08009480                eeprom_w
 .text.eeprom_check
                0x080094cc       0x5c ./Core/Src/main.o
                0x080094cc                eeprom_check
 .text.eeprom_r
                0x08009528      0x4d8 ./Core/Src/main.o
                0x08009528                eeprom_r
 .text.rtc_set  0x08009a00       0x70 ./Core/Src/main.o
                0x08009a00                rtc_set
 .text.time_update
                0x08009a70      0x6a4 ./Core/Src/main.o
                0x08009a70                time_update
 .text.Unlock_Meter
                0x0800a114      0x110 ./Core/Src/main.o
                0x0800a114                Unlock_Meter
 .text.DebugLog
                0x0800a224      0x284 ./Core/Src/main.o
                0x0800a224                DebugLog
 .text.EventDebugLog
                0x0800a4a8      0x27c ./Core/Src/main.o
                0x0800a4a8                EventDebugLog
 .text.BCD2ASC  0x0800a724       0x84 ./Core/Src/main.o
                0x0800a724                BCD2ASC
 .text.Dur_hms_cal
                0x0800a7a8      0x18c ./Core/Src/main.o
                0x0800a7a8                Dur_hms_cal
 .text.Read_Pulse
                0x0800a934       0xe0 ./Core/Src/main.o
                0x0800a934                Read_Pulse
 .text.Read_Distance
                0x0800aa14       0x98 ./Core/Src/main.o
                0x0800aa14                Read_Distance
 .text.Read_Speed
                0x0800aaac       0x6c ./Core/Src/main.o
                0x0800aaac                Read_Speed
 .text.Fare_Calculation
                0x0800ab18      0x6c4 ./Core/Src/main.o
                0x0800ab18                Fare_Calculation
 .text.Flag_Control_Up
                0x0800b1dc       0x38 ./Core/Src/main.o
                0x0800b1dc                Flag_Control_Up
 .text.Flag_Control_Down
                0x0800b214       0x38 ./Core/Src/main.o
                0x0800b214                Flag_Control_Down
 .text.Anti_Tamper_Handle
                0x0800b24c      0x1a8 ./Core/Src/main.o
                0x0800b24c                Anti_Tamper_Handle
 .text.Dec2ASC  0x0800b3f4       0x86 ./Core/Src/main.o
                0x0800b3f4                Dec2ASC
 .text.ASC2Dec  0x0800b47a       0x5a ./Core/Src/main.o
                0x0800b47a                ASC2Dec
 .text.E_read   0x0800b4d4      0x644 ./Core/Src/main.o
                0x0800b4d4                E_read
 .text.E_write  0x0800bb18      0x414 ./Core/Src/main.o
                0x0800bb18                E_write
 .text.Voice_init
                0x0800bf2c      0x11c ./Core/Src/main.o
                0x0800bf2c                Voice_init
 .text.Voice_start
                0x0800c048       0x24 ./Core/Src/main.o
                0x0800c048                Voice_start
 .text.Voice_end
                0x0800c06c       0x24 ./Core/Src/main.o
                0x0800c06c                Voice_end
 .text.cal_vcan
                0x0800c090      0x578 ./Core/Src/main.o
                0x0800c090                cal_vcan
 .text.cal_vcn  0x0800c608      0x578 ./Core/Src/main.o
                0x0800c608                cal_vcn
 .text.cal_ven  0x0800cb80      0x5e4 ./Core/Src/main.o
                0x0800cb80                cal_ven
 .text.Error_Handler
                0x0800d164        0xc ./Core/Src/main.o
                0x0800d164                Error_Handler
 .text.PCF2129_Init
                0x0800d170       0x44 ./Core/Src/pcf2129.o
                0x0800d170                PCF2129_Init
 .text.PCF2129_configure
                0x0800d1b4        0xe ./Core/Src/pcf2129.o
                0x0800d1b4                PCF2129_configure
 *fill*         0x0800d1c2        0x2 
 .text.PCF2129_getDate
                0x0800d1c4      0x18c ./Core/Src/pcf2129.o
                0x0800d1c4                PCF2129_getDate
 .text.PCF2129_setDate
                0x0800d350       0x84 ./Core/Src/pcf2129.o
                0x0800d350                PCF2129_setDate
 .text.PCF2129_set24mode
                0x0800d3d4       0x32 ./Core/Src/pcf2129.o
                0x0800d3d4                PCF2129_set24mode
 *fill*         0x0800d406        0x2 
 .text.PCF2129_read
                0x0800d408       0x50 ./Core/Src/pcf2129.o
                0x0800d408                PCF2129_read
 .text.PCF2129_write
                0x0800d458       0x40 ./Core/Src/pcf2129.o
                0x0800d458                PCF2129_write
 .text.PCF2129_readCtrl
                0x0800d498       0x1c ./Core/Src/pcf2129.o
                0x0800d498                PCF2129_readCtrl
 .text.PCF2129_writeCtrl
                0x0800d4b4       0x26 ./Core/Src/pcf2129.o
                0x0800d4b4                PCF2129_writeCtrl
 .text.bcdToDec
                0x0800d4da       0x34 ./Core/Src/pcf2129.o
                0x0800d4da                bcdToDec
 .text.decToBcd
                0x0800d50e       0x3c ./Core/Src/pcf2129.o
                0x0800d50e                decToBcd
 *fill*         0x0800d54a        0x2 
 .text.unixToUtc
                0x0800d54c      0x29c ./Core/Src/pcf2129.o
                0x0800d54c                unixToUtc
 .text.utcToUnix
                0x0800d7e8      0x234 ./Core/Src/pcf2129.o
                0x0800d7e8                utcToUnix
 .text.HAL_MspInit
                0x0800da1c       0x50 ./Core/Src/stm32g0xx_hal_msp.o
                0x0800da1c                HAL_MspInit
 .text.HAL_I2C_MspInit
                0x0800da6c      0x148 ./Core/Src/stm32g0xx_hal_msp.o
                0x0800da6c                HAL_I2C_MspInit
 .text.HAL_UART_MspInit
                0x0800dbb4      0x3a8 ./Core/Src/stm32g0xx_hal_msp.o
                0x0800dbb4                HAL_UART_MspInit
 .text.HAL_SPI_MspInit
                0x0800df5c       0xa4 ./Core/Src/stm32g0xx_hal_msp.o
                0x0800df5c                HAL_SPI_MspInit
 .text.HAL_TIM_IC_MspInit
                0x0800e000      0x154 ./Core/Src/stm32g0xx_hal_msp.o
                0x0800e000                HAL_TIM_IC_MspInit
 .text.HAL_TIM_Base_MspInit
                0x0800e154       0x4c ./Core/Src/stm32g0xx_hal_msp.o
                0x0800e154                HAL_TIM_Base_MspInit
 .text.SDTimer_Handler
                0x0800e1a0       0x44 ./Core/Src/stm32g0xx_it.o
                0x0800e1a0                SDTimer_Handler
 .text.NMI_Handler
                0x0800e1e4        0x8 ./Core/Src/stm32g0xx_it.o
                0x0800e1e4                NMI_Handler
 .text.HardFault_Handler
                0x0800e1ec        0x8 ./Core/Src/stm32g0xx_it.o
                0x0800e1ec                HardFault_Handler
 .text.SVC_Handler
                0x0800e1f4        0xa ./Core/Src/stm32g0xx_it.o
                0x0800e1f4                SVC_Handler
 .text.PendSV_Handler
                0x0800e1fe        0xa ./Core/Src/stm32g0xx_it.o
                0x0800e1fe                PendSV_Handler
 .text.SysTick_Handler
                0x0800e208       0x34 ./Core/Src/stm32g0xx_it.o
                0x0800e208                SysTick_Handler
 .text.DMA1_Channel1_IRQHandler
                0x0800e23c       0x18 ./Core/Src/stm32g0xx_it.o
                0x0800e23c                DMA1_Channel1_IRQHandler
 .text.TIM1_CC_IRQHandler
                0x0800e254       0x18 ./Core/Src/stm32g0xx_it.o
                0x0800e254                TIM1_CC_IRQHandler
 .text.TIM2_IRQHandler
                0x0800e26c       0x18 ./Core/Src/stm32g0xx_it.o
                0x0800e26c                TIM2_IRQHandler
 .text.TIM3_IRQHandler
                0x0800e284       0x18 ./Core/Src/stm32g0xx_it.o
                0x0800e284                TIM3_IRQHandler
 .text.I2C1_IRQHandler
                0x0800e29c       0x30 ./Core/Src/stm32g0xx_it.o
                0x0800e29c                I2C1_IRQHandler
 .text.SPI1_IRQHandler
                0x0800e2cc       0x18 ./Core/Src/stm32g0xx_it.o
                0x0800e2cc                SPI1_IRQHandler
 .text.USART1_IRQHandler
                0x0800e2e4       0x20 ./Core/Src/stm32g0xx_it.o
                0x0800e2e4                USART1_IRQHandler
 .text.USART2_IRQHandler
                0x0800e304       0x18 ./Core/Src/stm32g0xx_it.o
                0x0800e304                USART2_IRQHandler
 .text.USART3_4_LPUART1_IRQHandler
                0x0800e31c       0x30 ./Core/Src/stm32g0xx_it.o
                0x0800e31c                USART3_4_LPUART1_IRQHandler
 .text._sbrk    0x0800e34c       0x6c ./Core/Src/sysmem.o
                0x0800e34c                _sbrk
 .text.SystemInit
                0x0800e3b8        0xa ./Core/Src/system_stm32g0xx.o
                0x0800e3b8                SystemInit
 *fill*         0x0800e3c2        0x2 
 .text.Reset_Handler
                0x0800e3c4       0x50 ./Core/Startup/startup_stm32g071rbtx.o
                0x0800e3c4                Reset_Handler
 .text.Default_Handler
                0x0800e414        0x2 ./Core/Startup/startup_stm32g071rbtx.o
                0x0800e414                ADC1_COMP_IRQHandler
                0x0800e414                PVD_IRQHandler
                0x0800e414                TIM7_LPTIM2_IRQHandler
                0x0800e414                RTC_TAMP_IRQHandler
                0x0800e414                EXTI2_3_IRQHandler
                0x0800e414                I2C2_IRQHandler
                0x0800e414                TIM17_IRQHandler
                0x0800e414                TIM16_IRQHandler
                0x0800e414                EXTI4_15_IRQHandler
                0x0800e414                RCC_IRQHandler
                0x0800e414                Default_Handler
                0x0800e414                CEC_IRQHandler
                0x0800e414                TIM14_IRQHandler
                0x0800e414                TIM15_IRQHandler
                0x0800e414                EXTI0_1_IRQHandler
                0x0800e414                SPI2_IRQHandler
                0x0800e414                TIM6_DAC_LPTIM1_IRQHandler
                0x0800e414                WWDG_IRQHandler
                0x0800e414                DMA1_Ch4_7_DMAMUX1_OVR_IRQHandler
                0x0800e414                DMA1_Channel2_3_IRQHandler
                0x0800e414                UCPD1_2_IRQHandler
                0x0800e414                FLASH_IRQHandler
                0x0800e414                TIM1_BRK_UP_TRG_COM_IRQHandler
 *fill*         0x0800e416        0x2 
 .text.HAL_Init
                0x0800e418       0x40 ./Drivers/STM32G0xx_HAL_Driver/Src/stm32g0xx_hal.o
                0x0800e418                HAL_Init
 .text.HAL_InitTick
                0x0800e458       0x94 ./Drivers/STM32G0xx_HAL_Driver/Src/stm32g0xx_hal.o
                0x0800e458                HAL_InitTick
 .text.HAL_IncTick
                0x0800e4ec       0x24 ./Drivers/STM32G0xx_HAL_Driver/Src/stm32g0xx_hal.o
                0x0800e4ec                HAL_IncTick
 .text.HAL_GetTick
                0x0800e510       0x14 ./Drivers/STM32G0xx_HAL_Driver/Src/stm32g0xx_hal.o
                0x0800e510                HAL_GetTick
 .text.HAL_Delay
                0x0800e524       0x48 ./Drivers/STM32G0xx_HAL_Driver/Src/stm32g0xx_hal.o
                0x0800e524                HAL_Delay
 .text.HAL_SYSCFG_StrobeDBattpinsConfig
                0x0800e56c       0x2c ./Drivers/STM32G0xx_HAL_Driver/Src/stm32g0xx_hal.o
                0x0800e56c                HAL_SYSCFG_StrobeDBattpinsConfig
 .text.__NVIC_EnableIRQ
                0x0800e598       0x34 ./Drivers/STM32G0xx_HAL_Driver/Src/stm32g0xx_hal_cortex.o
 .text.__NVIC_SetPriority
                0x0800e5cc       0xdc ./Drivers/STM32G0xx_HAL_Driver/Src/stm32g0xx_hal_cortex.o
 .text.SysTick_Config
                0x0800e6a8       0x48 ./Drivers/STM32G0xx_HAL_Driver/Src/stm32g0xx_hal_cortex.o
 .text.HAL_NVIC_SetPriority
                0x0800e6f0       0x2a ./Drivers/STM32G0xx_HAL_Driver/Src/stm32g0xx_hal_cortex.o
                0x0800e6f0                HAL_NVIC_SetPriority
 .text.HAL_NVIC_EnableIRQ
                0x0800e71a       0x20 ./Drivers/STM32G0xx_HAL_Driver/Src/stm32g0xx_hal_cortex.o
                0x0800e71a                HAL_NVIC_EnableIRQ
 .text.HAL_SYSTICK_Config
                0x0800e73a       0x1a ./Drivers/STM32G0xx_HAL_Driver/Src/stm32g0xx_hal_cortex.o
                0x0800e73a                HAL_SYSTICK_Config
 .text.HAL_DMA_Init
                0x0800e754      0x114 ./Drivers/STM32G0xx_HAL_Driver/Src/stm32g0xx_hal_dma.o
                0x0800e754                HAL_DMA_Init
 .text.HAL_DMA_Start_IT
                0x0800e868      0x10c ./Drivers/STM32G0xx_HAL_Driver/Src/stm32g0xx_hal_dma.o
                0x0800e868                HAL_DMA_Start_IT
 .text.HAL_DMA_Abort
                0x0800e974       0xc4 ./Drivers/STM32G0xx_HAL_Driver/Src/stm32g0xx_hal_dma.o
                0x0800e974                HAL_DMA_Abort
 .text.HAL_DMA_Abort_IT
                0x0800ea38       0xd4 ./Drivers/STM32G0xx_HAL_Driver/Src/stm32g0xx_hal_dma.o
                0x0800ea38                HAL_DMA_Abort_IT
 .text.HAL_DMA_IRQHandler
                0x0800eb0c      0x164 ./Drivers/STM32G0xx_HAL_Driver/Src/stm32g0xx_hal_dma.o
                0x0800eb0c                HAL_DMA_IRQHandler
 .text.HAL_DMA_GetState
                0x0800ec70       0x18 ./Drivers/STM32G0xx_HAL_Driver/Src/stm32g0xx_hal_dma.o
                0x0800ec70                HAL_DMA_GetState
 .text.HAL_DMA_GetError
                0x0800ec88       0x14 ./Drivers/STM32G0xx_HAL_Driver/Src/stm32g0xx_hal_dma.o
                0x0800ec88                HAL_DMA_GetError
 .text.DMA_SetConfig
                0x0800ec9c       0x80 ./Drivers/STM32G0xx_HAL_Driver/Src/stm32g0xx_hal_dma.o
 .text.DMA_CalcDMAMUXChannelBaseAndMask
                0x0800ed1c       0x58 ./Drivers/STM32G0xx_HAL_Driver/Src/stm32g0xx_hal_dma.o
 .text.DMA_CalcDMAMUXRequestGenBaseAndMask
                0x0800ed74       0x48 ./Drivers/STM32G0xx_HAL_Driver/Src/stm32g0xx_hal_dma.o
 .text.HAL_GPIO_Init
                0x0800edbc      0x2c8 ./Drivers/STM32G0xx_HAL_Driver/Src/stm32g0xx_hal_gpio.o
                0x0800edbc                HAL_GPIO_Init
 .text.HAL_GPIO_ReadPin
                0x0800f084       0x3a ./Drivers/STM32G0xx_HAL_Driver/Src/stm32g0xx_hal_gpio.o
                0x0800f084                HAL_GPIO_ReadPin
 .text.HAL_GPIO_WritePin
                0x0800f0be       0x3a ./Drivers/STM32G0xx_HAL_Driver/Src/stm32g0xx_hal_gpio.o
                0x0800f0be                HAL_GPIO_WritePin
 .text.HAL_I2C_Init
                0x0800f0f8      0x12c ./Drivers/STM32G0xx_HAL_Driver/Src/stm32g0xx_hal_i2c.o
                0x0800f0f8                HAL_I2C_Init
 .text.HAL_I2C_Master_Transmit
                0x0800f224      0x210 ./Drivers/STM32G0xx_HAL_Driver/Src/stm32g0xx_hal_i2c.o
                0x0800f224                HAL_I2C_Master_Transmit
 .text.HAL_I2C_Master_Receive
                0x0800f434      0x210 ./Drivers/STM32G0xx_HAL_Driver/Src/stm32g0xx_hal_i2c.o
                0x0800f434                HAL_I2C_Master_Receive
 .text.HAL_I2C_Mem_Write
                0x0800f644      0x25c ./Drivers/STM32G0xx_HAL_Driver/Src/stm32g0xx_hal_i2c.o
                0x0800f644                HAL_I2C_Mem_Write
 .text.HAL_I2C_Mem_Read
                0x0800f8a0      0x268 ./Drivers/STM32G0xx_HAL_Driver/Src/stm32g0xx_hal_i2c.o
                0x0800f8a0                HAL_I2C_Mem_Read
 .text.HAL_I2C_EV_IRQHandler
                0x0800fb08       0x34 ./Drivers/STM32G0xx_HAL_Driver/Src/stm32g0xx_hal_i2c.o
                0x0800fb08                HAL_I2C_EV_IRQHandler
 .text.HAL_I2C_ER_IRQHandler
                0x0800fb3c       0xb2 ./Drivers/STM32G0xx_HAL_Driver/Src/stm32g0xx_hal_i2c.o
                0x0800fb3c                HAL_I2C_ER_IRQHandler
 .text.HAL_I2C_SlaveTxCpltCallback
                0x0800fbee       0x10 ./Drivers/STM32G0xx_HAL_Driver/Src/stm32g0xx_hal_i2c.o
                0x0800fbee                HAL_I2C_SlaveTxCpltCallback
 .text.HAL_I2C_SlaveRxCpltCallback
                0x0800fbfe       0x10 ./Drivers/STM32G0xx_HAL_Driver/Src/stm32g0xx_hal_i2c.o
                0x0800fbfe                HAL_I2C_SlaveRxCpltCallback
 .text.HAL_I2C_AddrCallback
                0x0800fc0e       0x20 ./Drivers/STM32G0xx_HAL_Driver/Src/stm32g0xx_hal_i2c.o
                0x0800fc0e                HAL_I2C_AddrCallback
 .text.HAL_I2C_ListenCpltCallback
                0x0800fc2e       0x10 ./Drivers/STM32G0xx_HAL_Driver/Src/stm32g0xx_hal_i2c.o
                0x0800fc2e                HAL_I2C_ListenCpltCallback
 .text.HAL_I2C_ErrorCallback
                0x0800fc3e       0x10 ./Drivers/STM32G0xx_HAL_Driver/Src/stm32g0xx_hal_i2c.o
                0x0800fc3e                HAL_I2C_ErrorCallback
 .text.HAL_I2C_AbortCpltCallback
                0x0800fc4e       0x10 ./Drivers/STM32G0xx_HAL_Driver/Src/stm32g0xx_hal_i2c.o
                0x0800fc4e                HAL_I2C_AbortCpltCallback
 *fill*         0x0800fc5e        0x2 
 .text.I2C_Slave_ISR_IT
                0x0800fc60      0x200 ./Drivers/STM32G0xx_HAL_Driver/Src/stm32g0xx_hal_i2c.o
 .text.I2C_RequestMemoryWrite
                0x0800fe60       0xc8 ./Drivers/STM32G0xx_HAL_Driver/Src/stm32g0xx_hal_i2c.o
 .text.I2C_RequestMemoryRead
                0x0800ff28       0xc4 ./Drivers/STM32G0xx_HAL_Driver/Src/stm32g0xx_hal_i2c.o
 .text.I2C_ITAddrCplt
                0x0800ffec      0x148 ./Drivers/STM32G0xx_HAL_Driver/Src/stm32g0xx_hal_i2c.o
 .text.I2C_ITSlaveSeqCplt
                0x08010134       0xc8 ./Drivers/STM32G0xx_HAL_Driver/Src/stm32g0xx_hal_i2c.o
 .text.I2C_ITSlaveCplt
                0x080101fc      0x240 ./Drivers/STM32G0xx_HAL_Driver/Src/stm32g0xx_hal_i2c.o
 .text.I2C_ITListenCplt
                0x0801043c       0xb0 ./Drivers/STM32G0xx_HAL_Driver/Src/stm32g0xx_hal_i2c.o
 .text.I2C_ITError
                0x080104ec      0x1c4 ./Drivers/STM32G0xx_HAL_Driver/Src/stm32g0xx_hal_i2c.o
 .text.I2C_TreatErrorCallback
                0x080106b0       0x52 ./Drivers/STM32G0xx_HAL_Driver/Src/stm32g0xx_hal_i2c.o
 .text.I2C_Flush_TXDR
                0x08010702       0x44 ./Drivers/STM32G0xx_HAL_Driver/Src/stm32g0xx_hal_i2c.o
 .text.I2C_DMAAbort
                0x08010746       0x3e ./Drivers/STM32G0xx_HAL_Driver/Src/stm32g0xx_hal_i2c.o
 .text.I2C_WaitOnFlagUntilTimeout
                0x08010784       0x7e ./Drivers/STM32G0xx_HAL_Driver/Src/stm32g0xx_hal_i2c.o
 .text.I2C_WaitOnTXISFlagUntilTimeout
                0x08010802       0x7e ./Drivers/STM32G0xx_HAL_Driver/Src/stm32g0xx_hal_i2c.o
 .text.I2C_WaitOnSTOPFlagUntilTimeout
                0x08010880       0x78 ./Drivers/STM32G0xx_HAL_Driver/Src/stm32g0xx_hal_i2c.o
 .text.I2C_WaitOnRXNEFlagUntilTimeout
                0x080108f8       0xf4 ./Drivers/STM32G0xx_HAL_Driver/Src/stm32g0xx_hal_i2c.o
 .text.I2C_IsErrorOccurred
                0x080109ec      0x210 ./Drivers/STM32G0xx_HAL_Driver/Src/stm32g0xx_hal_i2c.o
 .text.I2C_TransferConfig
                0x08010bfc       0x74 ./Drivers/STM32G0xx_HAL_Driver/Src/stm32g0xx_hal_i2c.o
 .text.I2C_Disable_IRQ
                0x08010c70       0xc6 ./Drivers/STM32G0xx_HAL_Driver/Src/stm32g0xx_hal_i2c.o
 *fill*         0x08010d36        0x2 
 .text.HAL_I2CEx_ConfigAnalogFilter
                0x08010d38       0x98 ./Drivers/STM32G0xx_HAL_Driver/Src/stm32g0xx_hal_i2c_ex.o
                0x08010d38                HAL_I2CEx_ConfigAnalogFilter
 .text.HAL_I2CEx_ConfigDigitalFilter
                0x08010dd0       0x98 ./Drivers/STM32G0xx_HAL_Driver/Src/stm32g0xx_hal_i2c_ex.o
                0x08010dd0                HAL_I2CEx_ConfigDigitalFilter
 .text.HAL_PWREx_ControlVoltageScaling
                0x08010e68       0x80 ./Drivers/STM32G0xx_HAL_Driver/Src/stm32g0xx_hal_pwr_ex.o
                0x08010e68                HAL_PWREx_ControlVoltageScaling
 .text.LL_RCC_GetAPB1Prescaler
                0x08010ee8       0x18 ./Drivers/STM32G0xx_HAL_Driver/Src/stm32g0xx_hal_rcc.o
 .text.HAL_RCC_OscConfig
                0x08010f00      0x634 ./Drivers/STM32G0xx_HAL_Driver/Src/stm32g0xx_hal_rcc.o
                0x08010f00                HAL_RCC_OscConfig
 .text.HAL_RCC_ClockConfig
                0x08011534      0x210 ./Drivers/STM32G0xx_HAL_Driver/Src/stm32g0xx_hal_rcc.o
                0x08011534                HAL_RCC_ClockConfig
 .text.HAL_RCC_MCOConfig
                0x08011744       0x80 ./Drivers/STM32G0xx_HAL_Driver/Src/stm32g0xx_hal_rcc.o
                0x08011744                HAL_RCC_MCOConfig
 .text.HAL_RCC_GetSysClockFreq
                0x080117c4      0x104 ./Drivers/STM32G0xx_HAL_Driver/Src/stm32g0xx_hal_rcc.o
                0x080117c4                HAL_RCC_GetSysClockFreq
 .text.HAL_RCC_GetHCLKFreq
                0x080118c8       0x14 ./Drivers/STM32G0xx_HAL_Driver/Src/stm32g0xx_hal_rcc.o
                0x080118c8                HAL_RCC_GetHCLKFreq
 .text.HAL_RCC_GetPCLK1Freq
                0x080118dc       0x2c ./Drivers/STM32G0xx_HAL_Driver/Src/stm32g0xx_hal_rcc.o
                0x080118dc                HAL_RCC_GetPCLK1Freq
 .text.HAL_RCCEx_PeriphCLKConfig
                0x08011908      0x370 ./Drivers/STM32G0xx_HAL_Driver/Src/stm32g0xx_hal_rcc_ex.o
                0x08011908                HAL_RCCEx_PeriphCLKConfig
 .text.HAL_SPI_Init
                0x08011c78      0x170 ./Drivers/STM32G0xx_HAL_Driver/Src/stm32g0xx_hal_spi.o
                0x08011c78                HAL_SPI_Init
 .text.HAL_SPI_Transmit
                0x08011de8      0x2b0 ./Drivers/STM32G0xx_HAL_Driver/Src/stm32g0xx_hal_spi.o
                0x08011de8                HAL_SPI_Transmit
 .text.HAL_SPI_TransmitReceive
                0x08012098      0x3a4 ./Drivers/STM32G0xx_HAL_Driver/Src/stm32g0xx_hal_spi.o
                0x08012098                HAL_SPI_TransmitReceive
 .text.HAL_SPI_IRQHandler
                0x0801243c      0x1d4 ./Drivers/STM32G0xx_HAL_Driver/Src/stm32g0xx_hal_spi.o
                0x0801243c                HAL_SPI_IRQHandler
 .text.HAL_SPI_ErrorCallback
                0x08012610       0x10 ./Drivers/STM32G0xx_HAL_Driver/Src/stm32g0xx_hal_spi.o
                0x08012610                HAL_SPI_ErrorCallback
 .text.SPI_DMAAbortOnError
                0x08012620       0x2c ./Drivers/STM32G0xx_HAL_Driver/Src/stm32g0xx_hal_spi.o
 .text.SPI_WaitFlagStateUntilTimeout
                0x0801264c      0x11c ./Drivers/STM32G0xx_HAL_Driver/Src/stm32g0xx_hal_spi.o
 .text.SPI_WaitFifoStateUntilTimeout
                0x08012768      0x144 ./Drivers/STM32G0xx_HAL_Driver/Src/stm32g0xx_hal_spi.o
 .text.SPI_EndRxTxTransaction
                0x080128ac       0x8c ./Drivers/STM32G0xx_HAL_Driver/Src/stm32g0xx_hal_spi.o
 .text.HAL_TIM_Base_Init
                0x08012938       0xb0 ./Drivers/STM32G0xx_HAL_Driver/Src/stm32g0xx_hal_tim.o
                0x08012938                HAL_TIM_Base_Init
 .text.HAL_TIM_Base_Start_IT
                0x080129e8       0xb8 ./Drivers/STM32G0xx_HAL_Driver/Src/stm32g0xx_hal_tim.o
                0x080129e8                HAL_TIM_Base_Start_IT
 .text.HAL_TIM_IC_Init
                0x08012aa0       0xb0 ./Drivers/STM32G0xx_HAL_Driver/Src/stm32g0xx_hal_tim.o
                0x08012aa0                HAL_TIM_IC_Init
 .text.HAL_TIM_IC_Start_IT
                0x08012b50      0x270 ./Drivers/STM32G0xx_HAL_Driver/Src/stm32g0xx_hal_tim.o
                0x08012b50                HAL_TIM_IC_Start_IT
 .text.HAL_TIM_IRQHandler
                0x08012dc0      0x264 ./Drivers/STM32G0xx_HAL_Driver/Src/stm32g0xx_hal_tim.o
                0x08012dc0                HAL_TIM_IRQHandler
 .text.HAL_TIM_IC_ConfigChannel
                0x08013024      0x148 ./Drivers/STM32G0xx_HAL_Driver/Src/stm32g0xx_hal_tim.o
                0x08013024                HAL_TIM_IC_ConfigChannel
 .text.HAL_TIM_ConfigClockSource
                0x0801316c      0x1ac ./Drivers/STM32G0xx_HAL_Driver/Src/stm32g0xx_hal_tim.o
                0x0801316c                HAL_TIM_ConfigClockSource
 .text.HAL_TIM_ReadCapturedValue
                0x08013318       0x68 ./Drivers/STM32G0xx_HAL_Driver/Src/stm32g0xx_hal_tim.o
                0x08013318                HAL_TIM_ReadCapturedValue
 .text.HAL_TIM_OC_DelayElapsedCallback
                0x08013380       0x10 ./Drivers/STM32G0xx_HAL_Driver/Src/stm32g0xx_hal_tim.o
                0x08013380                HAL_TIM_OC_DelayElapsedCallback
 .text.HAL_TIM_PWM_PulseFinishedCallback
                0x08013390       0x10 ./Drivers/STM32G0xx_HAL_Driver/Src/stm32g0xx_hal_tim.o
                0x08013390                HAL_TIM_PWM_PulseFinishedCallback
 .text.HAL_TIM_TriggerCallback
                0x080133a0       0x10 ./Drivers/STM32G0xx_HAL_Driver/Src/stm32g0xx_hal_tim.o
                0x080133a0                HAL_TIM_TriggerCallback
 .text.TIM_Base_SetConfig
                0x080133b0      0x100 ./Drivers/STM32G0xx_HAL_Driver/Src/stm32g0xx_hal_tim.o
                0x080133b0                TIM_Base_SetConfig
 .text.TIM_TI1_SetConfig
                0x080134b0       0xb8 ./Drivers/STM32G0xx_HAL_Driver/Src/stm32g0xx_hal_tim.o
                0x080134b0                TIM_TI1_SetConfig
 .text.TIM_TI1_ConfigInputStage
                0x08013568       0x5c ./Drivers/STM32G0xx_HAL_Driver/Src/stm32g0xx_hal_tim.o
 .text.TIM_TI2_SetConfig
                0x080135c4       0x84 ./Drivers/STM32G0xx_HAL_Driver/Src/stm32g0xx_hal_tim.o
 .text.TIM_TI2_ConfigInputStage
                0x08013648       0x64 ./Drivers/STM32G0xx_HAL_Driver/Src/stm32g0xx_hal_tim.o
 .text.TIM_TI3_SetConfig
                0x080136ac       0x80 ./Drivers/STM32G0xx_HAL_Driver/Src/stm32g0xx_hal_tim.o
 .text.TIM_TI4_SetConfig
                0x0801372c       0x8c ./Drivers/STM32G0xx_HAL_Driver/Src/stm32g0xx_hal_tim.o
 .text.TIM_ITRx_SetConfig
                0x080137b8       0x38 ./Drivers/STM32G0xx_HAL_Driver/Src/stm32g0xx_hal_tim.o
 .text.TIM_ETR_SetConfig
                0x080137f0       0x40 ./Drivers/STM32G0xx_HAL_Driver/Src/stm32g0xx_hal_tim.o
                0x080137f0                TIM_ETR_SetConfig
 .text.TIM_CCxChannelCmd
                0x08013830       0x46 ./Drivers/STM32G0xx_HAL_Driver/Src/stm32g0xx_hal_tim.o
                0x08013830                TIM_CCxChannelCmd
 *fill*         0x08013876        0x2 
 .text.HAL_TIMEx_MasterConfigSynchronization
                0x08013878       0xdc ./Drivers/STM32G0xx_HAL_Driver/Src/stm32g0xx_hal_tim_ex.o
                0x08013878                HAL_TIMEx_MasterConfigSynchronization
 .text.HAL_TIMEx_CommutCallback
                0x08013954       0x10 ./Drivers/STM32G0xx_HAL_Driver/Src/stm32g0xx_hal_tim_ex.o
                0x08013954                HAL_TIMEx_CommutCallback
 .text.HAL_TIMEx_BreakCallback
                0x08013964       0x10 ./Drivers/STM32G0xx_HAL_Driver/Src/stm32g0xx_hal_tim_ex.o
                0x08013964                HAL_TIMEx_BreakCallback
 .text.HAL_TIMEx_Break2Callback
                0x08013974       0x10 ./Drivers/STM32G0xx_HAL_Driver/Src/stm32g0xx_hal_tim_ex.o
                0x08013974                HAL_TIMEx_Break2Callback
 .text.HAL_UART_Init
                0x08013984       0xac ./Drivers/STM32G0xx_HAL_Driver/Src/stm32g0xx_hal_uart.o
                0x08013984                HAL_UART_Init
 .text.HAL_UART_Transmit
                0x08013a30      0x156 ./Drivers/STM32G0xx_HAL_Driver/Src/stm32g0xx_hal_uart.o
                0x08013a30                HAL_UART_Transmit
 *fill*         0x08013b86        0x2 
 .text.HAL_UART_Receive_IT
                0x08013b88       0xd4 ./Drivers/STM32G0xx_HAL_Driver/Src/stm32g0xx_hal_uart.o
                0x08013b88                HAL_UART_Receive_IT
 .text.HAL_UART_Receive_DMA
                0x08013c5c       0xd4 ./Drivers/STM32G0xx_HAL_Driver/Src/stm32g0xx_hal_uart.o
                0x08013c5c                HAL_UART_Receive_DMA
 .text.HAL_UART_DMAStop
                0x08013d30      0x122 ./Drivers/STM32G0xx_HAL_Driver/Src/stm32g0xx_hal_uart.o
                0x08013d30                HAL_UART_DMAStop
 *fill*         0x08013e52        0x2 
 .text.HAL_UART_AbortReceive
                0x08013e54      0x160 ./Drivers/STM32G0xx_HAL_Driver/Src/stm32g0xx_hal_uart.o
                0x08013e54                HAL_UART_AbortReceive
 .text.HAL_UART_IRQHandler
                0x08013fb4      0x634 ./Drivers/STM32G0xx_HAL_Driver/Src/stm32g0xx_hal_uart.o
                0x08013fb4                HAL_UART_IRQHandler
 .text.HAL_UART_TxCpltCallback
                0x080145e8       0x10 ./Drivers/STM32G0xx_HAL_Driver/Src/stm32g0xx_hal_uart.o
                0x080145e8                HAL_UART_TxCpltCallback
 .text.HAL_UART_RxHalfCpltCallback
                0x080145f8       0x10 ./Drivers/STM32G0xx_HAL_Driver/Src/stm32g0xx_hal_uart.o
                0x080145f8                HAL_UART_RxHalfCpltCallback
 .text.HAL_UARTEx_RxEventCallback
                0x08014608       0x16 ./Drivers/STM32G0xx_HAL_Driver/Src/stm32g0xx_hal_uart.o
                0x08014608                HAL_UARTEx_RxEventCallback
 *fill*         0x0801461e        0x2 
 .text.UART_SetConfig
                0x08014620      0x57c ./Drivers/STM32G0xx_HAL_Driver/Src/stm32g0xx_hal_uart.o
                0x08014620                UART_SetConfig
 .text.UART_AdvFeatureConfig
                0x08014b9c      0x168 ./Drivers/STM32G0xx_HAL_Driver/Src/stm32g0xx_hal_uart.o
                0x08014b9c                UART_AdvFeatureConfig
 .text.UART_CheckIdleState
                0x08014d04       0x94 ./Drivers/STM32G0xx_HAL_Driver/Src/stm32g0xx_hal_uart.o
                0x08014d04                UART_CheckIdleState
 .text.UART_WaitOnFlagUntilTimeout
                0x08014d98      0x190 ./Drivers/STM32G0xx_HAL_Driver/Src/stm32g0xx_hal_uart.o
                0x08014d98                UART_WaitOnFlagUntilTimeout
 .text.UART_Start_Receive_IT
                0x08014f28      0x258 ./Drivers/STM32G0xx_HAL_Driver/Src/stm32g0xx_hal_uart.o
                0x08014f28                UART_Start_Receive_IT
 .text.UART_Start_Receive_DMA
                0x08015180      0x150 ./Drivers/STM32G0xx_HAL_Driver/Src/stm32g0xx_hal_uart.o
                0x08015180                UART_Start_Receive_DMA
 .text.UART_EndTxTransfer
                0x080152d0       0x80 ./Drivers/STM32G0xx_HAL_Driver/Src/stm32g0xx_hal_uart.o
 .text.UART_EndRxTransfer
                0x08015350       0xcc ./Drivers/STM32G0xx_HAL_Driver/Src/stm32g0xx_hal_uart.o
 .text.UART_DMAReceiveCplt
                0x0801541c      0x128 ./Drivers/STM32G0xx_HAL_Driver/Src/stm32g0xx_hal_uart.o
 .text.UART_DMARxHalfCplt
                0x08015544       0x3c ./Drivers/STM32G0xx_HAL_Driver/Src/stm32g0xx_hal_uart.o
 .text.UART_DMAError
                0x08015580       0x86 ./Drivers/STM32G0xx_HAL_Driver/Src/stm32g0xx_hal_uart.o
 .text.UART_DMAAbortOnError
                0x08015606       0x2e ./Drivers/STM32G0xx_HAL_Driver/Src/stm32g0xx_hal_uart.o
 .text.UART_EndTransmit_IT
                0x08015634       0x58 ./Drivers/STM32G0xx_HAL_Driver/Src/stm32g0xx_hal_uart.o
 .text.UART_RxISR_8BIT
                0x0801568c      0x16c ./Drivers/STM32G0xx_HAL_Driver/Src/stm32g0xx_hal_uart.o
 .text.UART_RxISR_16BIT
                0x080157f8      0x16c ./Drivers/STM32G0xx_HAL_Driver/Src/stm32g0xx_hal_uart.o
 .text.UART_RxISR_8BIT_FIFOEN
                0x08015964      0x2e4 ./Drivers/STM32G0xx_HAL_Driver/Src/stm32g0xx_hal_uart.o
 .text.UART_RxISR_16BIT_FIFOEN
                0x08015c48      0x2e4 ./Drivers/STM32G0xx_HAL_Driver/Src/stm32g0xx_hal_uart.o
 .text.HAL_UARTEx_WakeupCallback
                0x08015f2c       0x10 ./Drivers/STM32G0xx_HAL_Driver/Src/stm32g0xx_hal_uart_ex.o
                0x08015f2c                HAL_UARTEx_WakeupCallback
 .text.HAL_UARTEx_RxFifoFullCallback
                0x08015f3c       0x10 ./Drivers/STM32G0xx_HAL_Driver/Src/stm32g0xx_hal_uart_ex.o
                0x08015f3c                HAL_UARTEx_RxFifoFullCallback
 .text.HAL_UARTEx_TxFifoEmptyCallback
                0x08015f4c       0x10 ./Drivers/STM32G0xx_HAL_Driver/Src/stm32g0xx_hal_uart_ex.o
                0x08015f4c                HAL_UARTEx_TxFifoEmptyCallback
 .text.HAL_UARTEx_DisableFifoMode
                0x08015f5c       0x74 ./Drivers/STM32G0xx_HAL_Driver/Src/stm32g0xx_hal_uart_ex.o
                0x08015f5c                HAL_UARTEx_DisableFifoMode
 .text.HAL_UARTEx_SetTxFifoThreshold
                0x08015fd0       0x7e ./Drivers/STM32G0xx_HAL_Driver/Src/stm32g0xx_hal_uart_ex.o
                0x08015fd0                HAL_UARTEx_SetTxFifoThreshold
 *fill*         0x0801604e        0x2 
 .text.HAL_UARTEx_SetRxFifoThreshold
                0x08016050       0x84 ./Drivers/STM32G0xx_HAL_Driver/Src/stm32g0xx_hal_uart_ex.o
                0x08016050                HAL_UARTEx_SetRxFifoThreshold
 .text.UARTEx_SetNbDataToProcess
                0x080160d4       0xbc ./Drivers/STM32G0xx_HAL_Driver/Src/stm32g0xx_hal_uart_ex.o
 .text.MX_FATFS_Init
                0x08016190       0x34 ./FATFS/App/app_fatfs.o
                0x08016190                MX_FATFS_Init
 .text.get_fattime
                0x080161c4        0xc ./FATFS/App/app_fatfs.o
                0x080161c4                get_fattime
 .text.USER_initialize
                0x080161d0       0x20 ./FATFS/Target/user_diskio.o
                0x080161d0                USER_initialize
 .text.USER_status
                0x080161f0       0x20 ./FATFS/Target/user_diskio.o
                0x080161f0                USER_status
 .text.USER_read
                0x08016210       0x2e ./FATFS/Target/user_diskio.o
                0x08016210                USER_read
 .text.USER_write
                0x0801623e       0x2e ./FATFS/Target/user_diskio.o
                0x0801623e                USER_write
 .text.USER_ioctl
                0x0801626c       0x2e ./FATFS/Target/user_diskio.o
                0x0801626c                USER_ioctl
 *fill*         0x0801629a        0x2 
 .text.disk_status
                0x0801629c       0x44 ./Middlewares/Third_Party/FatFs/src/diskio.o
                0x0801629c                disk_status
 .text.disk_initialize
                0x080162e0       0x60 ./Middlewares/Third_Party/FatFs/src/diskio.o
                0x080162e0                disk_initialize
 .text.disk_read
                0x08016340       0x50 ./Middlewares/Third_Party/FatFs/src/diskio.o
                0x08016340                disk_read
 .text.disk_write
                0x08016390       0x50 ./Middlewares/Third_Party/FatFs/src/diskio.o
                0x08016390                disk_write
 .text.disk_ioctl
                0x080163e0       0x50 ./Middlewares/Third_Party/FatFs/src/diskio.o
                0x080163e0                disk_ioctl
 .text.ld_word  0x08016430       0x36 ./Middlewares/Third_Party/FatFs/src/ff.o
 .text.ld_dword
                0x08016466       0x42 ./Middlewares/Third_Party/FatFs/src/ff.o
 .text.st_word  0x080164a8       0x3c ./Middlewares/Third_Party/FatFs/src/ff.o
 .text.st_dword
                0x080164e4       0x54 ./Middlewares/Third_Party/FatFs/src/ff.o
 .text.mem_cpy  0x08016538       0x3e ./Middlewares/Third_Party/FatFs/src/ff.o
 .text.mem_set  0x08016576       0x32 ./Middlewares/Third_Party/FatFs/src/ff.o
 .text.mem_cmp  0x080165a8       0x4a ./Middlewares/Third_Party/FatFs/src/ff.o
 .text.chk_chr  0x080165f2       0x32 ./Middlewares/Third_Party/FatFs/src/ff.o
 .text.chk_lock
                0x08016624       0xb0 ./Middlewares/Third_Party/FatFs/src/ff.o
 .text.enq_lock
                0x080166d4       0x3c ./Middlewares/Third_Party/FatFs/src/ff.o
 .text.inc_lock
                0x08016710      0x114 ./Middlewares/Third_Party/FatFs/src/ff.o
 .text.dec_lock
                0x08016824       0x94 ./Middlewares/Third_Party/FatFs/src/ff.o
 .text.clear_lock
                0x080168b8       0x40 ./Middlewares/Third_Party/FatFs/src/ff.o
 .text.sync_window
                0x080168f8       0x90 ./Middlewares/Third_Party/FatFs/src/ff.o
 .text.move_window
                0x08016988       0x6a ./Middlewares/Third_Party/FatFs/src/ff.o
 *fill*         0x080169f2        0x2 
 .text.sync_fs  0x080169f4       0xf8 ./Middlewares/Third_Party/FatFs/src/ff.o
 .text.clust2sect
                0x08016aec       0x38 ./Middlewares/Third_Party/FatFs/src/ff.o
 .text.get_fat  0x08016b24      0x1b4 ./Middlewares/Third_Party/FatFs/src/ff.o
 .text.put_fat  0x08016cd8      0x260 ./Middlewares/Third_Party/FatFs/src/ff.o
 .text.remove_chain
                0x08016f38       0xe6 ./Middlewares/Third_Party/FatFs/src/ff.o
 .text.create_chain
                0x0801701e      0x14c ./Middlewares/Third_Party/FatFs/src/ff.o
 .text.clmt_clust
                0x0801716a       0x76 ./Middlewares/Third_Party/FatFs/src/ff.o
 .text.dir_sdi  0x080171e0      0x118 ./Middlewares/Third_Party/FatFs/src/ff.o
 .text.dir_next
                0x080172f8      0x1b8 ./Middlewares/Third_Party/FatFs/src/ff.o
 .text.dir_alloc
                0x080174b0       0xb0 ./Middlewares/Third_Party/FatFs/src/ff.o
 .text.ld_clust
                0x08017560       0x3e ./Middlewares/Third_Party/FatFs/src/ff.o
 .text.st_clust
                0x0801759e       0x40 ./Middlewares/Third_Party/FatFs/src/ff.o
 .text.dir_find
                0x080175de       0xd0 ./Middlewares/Third_Party/FatFs/src/ff.o
 .text.dir_register
                0x080176ae       0x76 ./Middlewares/Third_Party/FatFs/src/ff.o
 .text.create_name
                0x08017724      0x160 ./Middlewares/Third_Party/FatFs/src/ff.o
 .text.follow_path
                0x08017884      0x114 ./Middlewares/Third_Party/FatFs/src/ff.o
 .text.get_ldnumber
                0x08017998       0x84 ./Middlewares/Third_Party/FatFs/src/ff.o
 .text.check_fs
                0x08017a1c       0xb0 ./Middlewares/Third_Party/FatFs/src/ff.o
 .text.find_volume
                0x08017acc      0x54c ./Middlewares/Third_Party/FatFs/src/ff.o
 .text.validate
                0x08018018       0x78 ./Middlewares/Third_Party/FatFs/src/ff.o
 .text.f_mount  0x08018090       0x98 ./Middlewares/Third_Party/FatFs/src/ff.o
                0x08018090                f_mount
 .text.f_open   0x08018128      0x40a ./Middlewares/Third_Party/FatFs/src/ff.o
                0x08018128                f_open
 .text.f_write  0x08018532      0x336 ./Middlewares/Third_Party/FatFs/src/ff.o
                0x08018532                f_write
 .text.f_sync   0x08018868      0x112 ./Middlewares/Third_Party/FatFs/src/ff.o
                0x08018868                f_sync
 .text.f_close  0x0801897a       0x68 ./Middlewares/Third_Party/FatFs/src/ff.o
                0x0801897a                f_close
 .text.f_lseek  0x080189e2      0x466 ./Middlewares/Third_Party/FatFs/src/ff.o
                0x080189e2                f_lseek
 .text.putc_bfd
                0x08018e48       0x82 ./Middlewares/Third_Party/FatFs/src/ff.o
 .text.putc_flush
                0x08018eca       0x48 ./Middlewares/Third_Party/FatFs/src/ff.o
 .text.putc_init
                0x08018f12       0x26 ./Middlewares/Third_Party/FatFs/src/ff.o
 .text.f_puts   0x08018f38       0x4a ./Middlewares/Third_Party/FatFs/src/ff.o
                0x08018f38                f_puts
 *fill*         0x08018f82        0x2 
 .text.FATFS_LinkDriverEx
                0x08018f84       0xa8 ./Middlewares/Third_Party/FatFs/src/ff_gen_drv.o
                0x08018f84                FATFS_LinkDriverEx
 .text.FATFS_LinkDriver
                0x0801902c       0x20 ./Middlewares/Third_Party/FatFs/src/ff_gen_drv.o
                0x0801902c                FATFS_LinkDriver
 .text.snprintf
                0x0801904c       0x68 C:/ST/STM32CubeIDE_1.16.1/STM32CubeIDE/plugins/com.st.stm32cube.ide.mcu.externaltools.gnu-tools-for-stm32.12.3.rel1.win32_1.0.200.202406191623/tools/bin/../lib/gcc/arm-none-eabi/12.3.1/../../../../arm-none-eabi/lib/thumb/v6-m/nofp\libc_nano.a(libc_a-snprintf.o)
                0x0801904c                sniprintf
                0x0801904c                snprintf
 .text.memcmp   0x080190b4       0x1c C:/ST/STM32CubeIDE_1.16.1/STM32CubeIDE/plugins/com.st.stm32cube.ide.mcu.externaltools.gnu-tools-for-stm32.12.3.rel1.win32_1.0.200.202406191623/tools/bin/../lib/gcc/arm-none-eabi/12.3.1/../../../../arm-none-eabi/lib/thumb/v6-m/nofp\libc_nano.a(libc_a-memcmp.o)
                0x080190b4                memcmp
 .text.memset   0x080190d0       0x10 C:/ST/STM32CubeIDE_1.16.1/STM32CubeIDE/plugins/com.st.stm32cube.ide.mcu.externaltools.gnu-tools-for-stm32.12.3.rel1.win32_1.0.200.202406191623/tools/bin/../lib/gcc/arm-none-eabi/12.3.1/../../../../arm-none-eabi/lib/thumb/v6-m/nofp\libc_nano.a(libc_a-memset.o)
                0x080190d0                memset
 .text.__errno  0x080190e0        0xc C:/ST/STM32CubeIDE_1.16.1/STM32CubeIDE/plugins/com.st.stm32cube.ide.mcu.externaltools.gnu-tools-for-stm32.12.3.rel1.win32_1.0.200.202406191623/tools/bin/../lib/gcc/arm-none-eabi/12.3.1/../../../../arm-none-eabi/lib/thumb/v6-m/nofp\libc_nano.a(libc_a-errno.o)
                0x080190e0                __errno
 .text.__libc_init_array
                0x080190ec       0x48 C:/ST/STM32CubeIDE_1.16.1/STM32CubeIDE/plugins/com.st.stm32cube.ide.mcu.externaltools.gnu-tools-for-stm32.12.3.rel1.win32_1.0.200.202406191623/tools/bin/../lib/gcc/arm-none-eabi/12.3.1/../../../../arm-none-eabi/lib/thumb/v6-m/nofp\libc_nano.a(libc_a-init.o)
                0x080190ec                __libc_init_array
 .text.__retarget_lock_acquire_recursive
                0x08019134        0x2 C:/ST/STM32CubeIDE_1.16.1/STM32CubeIDE/plugins/com.st.stm32cube.ide.mcu.externaltools.gnu-tools-for-stm32.12.3.rel1.win32_1.0.200.202406191623/tools/bin/../lib/gcc/arm-none-eabi/12.3.1/../../../../arm-none-eabi/lib/thumb/v6-m/nofp\libc_nano.a(libc_a-lock.o)
                0x08019134                __retarget_lock_acquire_recursive
 .text.__retarget_lock_release_recursive
                0x08019136        0x2 C:/ST/STM32CubeIDE_1.16.1/STM32CubeIDE/plugins/com.st.stm32cube.ide.mcu.externaltools.gnu-tools-for-stm32.12.3.rel1.win32_1.0.200.202406191623/tools/bin/../lib/gcc/arm-none-eabi/12.3.1/../../../../arm-none-eabi/lib/thumb/v6-m/nofp\libc_nano.a(libc_a-lock.o)
                0x08019136                __retarget_lock_release_recursive
 .text.memcpy   0x08019138       0x12 C:/ST/STM32CubeIDE_1.16.1/STM32CubeIDE/plugins/com.st.stm32cube.ide.mcu.externaltools.gnu-tools-for-stm32.12.3.rel1.win32_1.0.200.202406191623/tools/bin/../lib/gcc/arm-none-eabi/12.3.1/../../../../arm-none-eabi/lib/thumb/v6-m/nofp\libc_nano.a(libc_a-memcpy-stub.o)
                0x08019138                memcpy
 *fill*         0x0801914a        0x2 
 .text._free_r  0x0801914c       0x94 C:/ST/STM32CubeIDE_1.16.1/STM32CubeIDE/plugins/com.st.stm32cube.ide.mcu.externaltools.gnu-tools-for-stm32.12.3.rel1.win32_1.0.200.202406191623/tools/bin/../lib/gcc/arm-none-eabi/12.3.1/../../../../arm-none-eabi/lib/thumb/v6-m/nofp\libc_nano.a(libc_a-freer.o)
                0x0801914c                _free_r
 .text.sbrk_aligned
                0x080191e0       0x44 C:/ST/STM32CubeIDE_1.16.1/STM32CubeIDE/plugins/com.st.stm32cube.ide.mcu.externaltools.gnu-tools-for-stm32.12.3.rel1.win32_1.0.200.202406191623/tools/bin/../lib/gcc/arm-none-eabi/12.3.1/../../../../arm-none-eabi/lib/thumb/v6-m/nofp\libc_nano.a(libc_a-mallocr.o)
 .text._malloc_r
                0x08019224      0x100 C:/ST/STM32CubeIDE_1.16.1/STM32CubeIDE/plugins/com.st.stm32cube.ide.mcu.externaltools.gnu-tools-for-stm32.12.3.rel1.win32_1.0.200.202406191623/tools/bin/../lib/gcc/arm-none-eabi/12.3.1/../../../../arm-none-eabi/lib/thumb/v6-m/nofp\libc_nano.a(libc_a-mallocr.o)
                0x08019224                _malloc_r
 .text.__malloc_lock
                0x08019324       0x10 C:/ST/STM32CubeIDE_1.16.1/STM32CubeIDE/plugins/com.st.stm32cube.ide.mcu.externaltools.gnu-tools-for-stm32.12.3.rel1.win32_1.0.200.202406191623/tools/bin/../lib/gcc/arm-none-eabi/12.3.1/../../../../arm-none-eabi/lib/thumb/v6-m/nofp\libc_nano.a(libc_a-mlock.o)
                0x08019324                __malloc_lock
 .text.__malloc_unlock
                0x08019334       0x10 C:/ST/STM32CubeIDE_1.16.1/STM32CubeIDE/plugins/com.st.stm32cube.ide.mcu.externaltools.gnu-tools-for-stm32.12.3.rel1.win32_1.0.200.202406191623/tools/bin/../lib/gcc/arm-none-eabi/12.3.1/../../../../arm-none-eabi/lib/thumb/v6-m/nofp\libc_nano.a(libc_a-mlock.o)
                0x08019334                __malloc_unlock
 .text.__ssputs_r
                0x08019344       0xc0 C:/ST/STM32CubeIDE_1.16.1/STM32CubeIDE/plugins/com.st.stm32cube.ide.mcu.externaltools.gnu-tools-for-stm32.12.3.rel1.win32_1.0.200.202406191623/tools/bin/../lib/gcc/arm-none-eabi/12.3.1/../../../../arm-none-eabi/lib/thumb/v6-m/nofp\libc_nano.a(libc_a-nano-svfprintf.o)
                0x08019344                __ssputs_r
 .text._svfprintf_r
                0x08019404      0x1fc C:/ST/STM32CubeIDE_1.16.1/STM32CubeIDE/plugins/com.st.stm32cube.ide.mcu.externaltools.gnu-tools-for-stm32.12.3.rel1.win32_1.0.200.202406191623/tools/bin/../lib/gcc/arm-none-eabi/12.3.1/../../../../arm-none-eabi/lib/thumb/v6-m/nofp\libc_nano.a(libc_a-nano-svfprintf.o)
                0x08019404                _svfiprintf_r
                0x08019404                _svfprintf_r
 .text._printf_common
                0x08019600       0xde C:/ST/STM32CubeIDE_1.16.1/STM32CubeIDE/plugins/com.st.stm32cube.ide.mcu.externaltools.gnu-tools-for-stm32.12.3.rel1.win32_1.0.200.202406191623/tools/bin/../lib/gcc/arm-none-eabi/12.3.1/../../../../arm-none-eabi/lib/thumb/v6-m/nofp\libc_nano.a(libc_a-nano-vfprintf_i.o)
                0x08019600                _printf_common
 *fill*         0x080196de        0x2 
 .text._printf_i
                0x080196e0      0x21c C:/ST/STM32CubeIDE_1.16.1/STM32CubeIDE/plugins/com.st.stm32cube.ide.mcu.externaltools.gnu-tools-for-stm32.12.3.rel1.win32_1.0.200.202406191623/tools/bin/../lib/gcc/arm-none-eabi/12.3.1/../../../../arm-none-eabi/lib/thumb/v6-m/nofp\libc_nano.a(libc_a-nano-vfprintf_i.o)
                0x080196e0                _printf_i
 .text.memmove  0x080198fc       0x26 C:/ST/STM32CubeIDE_1.16.1/STM32CubeIDE/plugins/com.st.stm32cube.ide.mcu.externaltools.gnu-tools-for-stm32.12.3.rel1.win32_1.0.200.202406191623/tools/bin/../lib/gcc/arm-none-eabi/12.3.1/../../../../arm-none-eabi/lib/thumb/v6-m/nofp\libc_nano.a(libc_a-memmove.o)
                0x080198fc                memmove
 *fill*         0x08019922        0x2 
 .text._sbrk_r  0x08019924       0x24 C:/ST/STM32CubeIDE_1.16.1/STM32CubeIDE/plugins/com.st.stm32cube.ide.mcu.externaltools.gnu-tools-for-stm32.12.3.rel1.win32_1.0.200.202406191623/tools/bin/../lib/gcc/arm-none-eabi/12.3.1/../../../../arm-none-eabi/lib/thumb/v6-m/nofp\libc_nano.a(libc_a-sbrkr.o)
                0x08019924                _sbrk_r
 .text.memchr   0x08019948       0x16 C:/ST/STM32CubeIDE_1.16.1/STM32CubeIDE/plugins/com.st.stm32cube.ide.mcu.externaltools.gnu-tools-for-stm32.12.3.rel1.win32_1.0.200.202406191623/tools/bin/../lib/gcc/arm-none-eabi/12.3.1/../../../../arm-none-eabi/lib/thumb/v6-m/nofp\libc_nano.a(libc_a-memchr-stub.o)
                0x08019948                memchr
 .text._realloc_r
                0x0801995e       0x5e C:/ST/STM32CubeIDE_1.16.1/STM32CubeIDE/plugins/com.st.stm32cube.ide.mcu.externaltools.gnu-tools-for-stm32.12.3.rel1.win32_1.0.200.202406191623/tools/bin/../lib/gcc/arm-none-eabi/12.3.1/../../../../arm-none-eabi/lib/thumb/v6-m/nofp\libc_nano.a(libc_a-reallocr.o)
                0x0801995e                _realloc_r
 .text._malloc_usable_size_r
                0x080199bc       0x10 C:/ST/STM32CubeIDE_1.16.1/STM32CubeIDE/plugins/com.st.stm32cube.ide.mcu.externaltools.gnu-tools-for-stm32.12.3.rel1.win32_1.0.200.202406191623/tools/bin/../lib/gcc/arm-none-eabi/12.3.1/../../../../arm-none-eabi/lib/thumb/v6-m/nofp\libc_nano.a(libc_a-msizer.o)
                0x080199bc                _malloc_usable_size_r
 *(.glue_7)
 .glue_7        0x080199cc        0x0 linker stubs
 *(.glue_7t)
 .glue_7t       0x080199cc        0x0 linker stubs
 *(.eh_frame)
 .eh_frame      0x080199cc        0x0 C:/ST/STM32CubeIDE_1.16.1/STM32CubeIDE/plugins/com.st.stm32cube.ide.mcu.externaltools.gnu-tools-for-stm32.12.3.rel1.win32_1.0.200.202406191623/tools/bin/../lib/gcc/arm-none-eabi/12.3.1/thumb/v6-m/nofp/crtbegin.o
 *(.init)
 .init          0x080199cc        0x4 C:/ST/STM32CubeIDE_1.16.1/STM32CubeIDE/plugins/com.st.stm32cube.ide.mcu.externaltools.gnu-tools-for-stm32.12.3.rel1.win32_1.0.200.202406191623/tools/bin/../lib/gcc/arm-none-eabi/12.3.1/thumb/v6-m/nofp/crti.o
                0x080199cc                _init
 .init          0x080199d0        0x8 C:/ST/STM32CubeIDE_1.16.1/STM32CubeIDE/plugins/com.st.stm32cube.ide.mcu.externaltools.gnu-tools-for-stm32.12.3.rel1.win32_1.0.200.202406191623/tools/bin/../lib/gcc/arm-none-eabi/12.3.1/thumb/v6-m/nofp/crtn.o
 *(.fini)
 .fini          0x080199d8        0x4 C:/ST/STM32CubeIDE_1.16.1/STM32CubeIDE/plugins/com.st.stm32cube.ide.mcu.externaltools.gnu-tools-for-stm32.12.3.rel1.win32_1.0.200.202406191623/tools/bin/../lib/gcc/arm-none-eabi/12.3.1/thumb/v6-m/nofp/crti.o
                0x080199d8                _fini
 .fini          0x080199dc        0x8 C:/ST/STM32CubeIDE_1.16.1/STM32CubeIDE/plugins/com.st.stm32cube.ide.mcu.externaltools.gnu-tools-for-stm32.12.3.rel1.win32_1.0.200.202406191623/tools/bin/../lib/gcc/arm-none-eabi/12.3.1/thumb/v6-m/nofp/crtn.o
                0x080199e4                        . = ALIGN (0x4)
                0x080199e4                        _etext = .

.vfp11_veneer   0x080199e4        0x0
 .vfp11_veneer  0x080199e4        0x0 linker stubs

.v4_bx          0x080199e4        0x0
 .v4_bx         0x080199e4        0x0 linker stubs

.iplt           0x080199e4        0x0
 .iplt          0x080199e4        0x0 C:/ST/STM32CubeIDE_1.16.1/STM32CubeIDE/plugins/com.st.stm32cube.ide.mcu.externaltools.gnu-tools-for-stm32.12.3.rel1.win32_1.0.200.202406191623/tools/bin/../lib/gcc/arm-none-eabi/12.3.1/thumb/v6-m/nofp/crtbegin.o

.rodata         0x080199e4      0x878
                0x080199e4                        . = ALIGN (0x4)
 *(.rodata)
 .rodata        0x080199e4      0x4e4 ./Core/Src/main.o
 .rodata        0x08019ec8       0x1d ./Core/Src/pcf2129.o
 *fill*         0x08019ee5        0x3 
 .rodata        0x08019ee8       0x44 ./Middlewares/Third_Party/FatFs/src/ff.o
 .rodata        0x08019f2c       0x7c C:/ST/STM32CubeIDE_1.16.1/STM32CubeIDE/plugins/com.st.stm32cube.ide.mcu.externaltools.gnu-tools-for-stm32.12.3.rel1.win32_1.0.200.202406191623/tools/bin/../lib/gcc/arm-none-eabi/12.3.1/thumb/v6-m/nofp\libgcc.a(divsf3.o)
 .rodata        0x08019fa8       0x40 C:/ST/STM32CubeIDE_1.16.1/STM32CubeIDE/plugins/com.st.stm32cube.ide.mcu.externaltools.gnu-tools-for-stm32.12.3.rel1.win32_1.0.200.202406191623/tools/bin/../lib/gcc/arm-none-eabi/12.3.1/thumb/v6-m/nofp\libgcc.a(divdf3.o)
 *(.rodata*)
 .rodata.SD_disk_ioctl
                0x08019fe8       0x38 ./Core/Src/fatfs_sd.o
 .rodata.Fee    0x0801a020        0xa ./Core/Src/main.o
                0x0801a020                Fee
 *fill*         0x0801a02a        0x2 
 .rodata.Add_Charge
                0x0801a02c        0xa ./Core/Src/main.o
                0x0801a02c                Add_Charge
 *fill*         0x0801a036        0x2 
 .rodata.RD_Hired
                0x0801a038        0x7 ./Core/Src/main.o
                0x0801a038                RD_Hired
 *fill*         0x0801a03f        0x1 
 .rodata.RD_Stop
                0x0801a040        0x7 ./Core/Src/main.o
                0x0801a040                RD_Stop
 *fill*         0x0801a047        0x1 
 .rodata.RD_Vacant
                0x0801a048        0x7 ./Core/Src/main.o
                0x0801a048                RD_Vacant
 *fill*         0x0801a04f        0x1 
 .rodata.RD_Plus10
                0x0801a050        0x7 ./Core/Src/main.o
                0x0801a050                RD_Plus10
 *fill*         0x0801a057        0x1 
 .rodata.RD_Plus1
                0x0801a058        0x7 ./Core/Src/main.o
                0x0801a058                RD_Plus1
 *fill*         0x0801a05f        0x1 
 .rodata.RD_Clear
                0x0801a060        0x7 ./Core/Src/main.o
                0x0801a060                RD_Clear
 *fill*         0x0801a067        0x1 
 .rodata.RD_Print
                0x0801a068        0x7 ./Core/Src/main.o
                0x0801a068                RD_Print
 *fill*         0x0801a06f        0x1 
 .rodata.RD_Audio
                0x0801a070        0x7 ./Core/Src/main.o
                0x0801a070                RD_Audio
 *fill*         0x0801a077        0x1 
 .rodata.Dis_A  0x0801a078        0xa ./Core/Src/main.o
                0x0801a078                Dis_A
 *fill*         0x0801a082        0x2 
 .rodata.RD_qr  0x0801a084        0x7 ./Core/Src/main.o
                0x0801a084                RD_qr
 *fill*         0x0801a08b        0x1 
 .rodata.cmd_off
                0x0801a08c        0x8 ./Core/Src/main.o
                0x0801a08c                cmd_off
 .rodata.cmd_on
                0x0801a094        0x8 ./Core/Src/main.o
                0x0801a094                cmd_on
 .rodata.cmd_bg_green
                0x0801a09c        0x8 ./Core/Src/main.o
                0x0801a09c                cmd_bg_green
 .rodata.cmd_content_black
                0x0801a0a4        0x8 ./Core/Src/main.o
                0x0801a0a4                cmd_content_black
 .rodata.cmd_bg_white
                0x0801a0ac        0x8 ./Core/Src/main.o
                0x0801a0ac                cmd_bg_white
 .rodata.cmd_content_red
                0x0801a0b4        0x8 ./Core/Src/main.o
                0x0801a0b4                cmd_content_red
 .rodata.CLR_RD_qr
                0x0801a0bc        0x8 ./Core/Src/main.o
                0x0801a0bc                CLR_RD_qr
 .rodata.RD_cleardata
                0x0801a0c4        0x7 ./Core/Src/main.o
                0x0801a0c4                RD_cleardata
 *fill*         0x0801a0cb        0x1 
 .rodata.cdata_clear
                0x0801a0cc        0x8 ./Core/Src/main.o
                0x0801a0cc                cdata_clear
 .rodata.cmd_close
                0x0801a0d4        0xa ./Core/Src/main.o
                0x0801a0d4                cmd_close
 *fill*         0x0801a0de        0x2 
 .rodata.cmd_clear
                0x0801a0e0       0x12 ./Core/Src/main.o
                0x0801a0e0                cmd_clear
 *fill*         0x0801a0f2        0x2 
 .rodata.RD_page
                0x0801a0f4        0x7 ./Core/Src/main.o
                0x0801a0f4                RD_page
 *fill*         0x0801a0fb        0x1 
 .rodata.Page01
                0x0801a0fc        0xa ./Core/Src/main.o
                0x0801a0fc                Page01
 *fill*         0x0801a106        0x2 
 .rodata.page_clear
                0x0801a108        0x8 ./Core/Src/main.o
                0x0801a108                page_clear
 .rodata.RD_print_data
                0x0801a110        0x7 ./Core/Src/main.o
                0x0801a110                RD_print_data
 *fill*         0x0801a117        0x1 
 .rodata.print_data_clr
                0x0801a118        0x8 ./Core/Src/main.o
                0x0801a118                print_data_clr
 .rodata.AHBPrescTable
                0x0801a120       0x40 ./Core/Src/system_stm32g0xx.o
                0x0801a120                AHBPrescTable
 .rodata.APBPrescTable
                0x0801a160       0x20 ./Core/Src/system_stm32g0xx.o
                0x0801a160                APBPrescTable
 .rodata.UARTPrescTable
                0x0801a180       0x18 ./Drivers/STM32G0xx_HAL_Driver/Src/stm32g0xx_hal_uart.o
                0x0801a180                UARTPrescTable
 .rodata.numerator.1
                0x0801a198        0x8 ./Drivers/STM32G0xx_HAL_Driver/Src/stm32g0xx_hal_uart_ex.o
 .rodata.denominator.0
                0x0801a1a0        0x8 ./Drivers/STM32G0xx_HAL_Driver/Src/stm32g0xx_hal_uart_ex.o
 .rodata.ExCvt  0x0801a1a8       0x80 ./Middlewares/Third_Party/FatFs/src/ff.o
 .rodata._svfprintf_r.str1.1
                0x0801a228       0x11 C:/ST/STM32CubeIDE_1.16.1/STM32CubeIDE/plugins/com.st.stm32cube.ide.mcu.externaltools.gnu-tools-for-stm32.12.3.rel1.win32_1.0.200.202406191623/tools/bin/../lib/gcc/arm-none-eabi/12.3.1/../../../../arm-none-eabi/lib/thumb/v6-m/nofp\libc_nano.a(libc_a-nano-svfprintf.o)
 .rodata._printf_i.str1.1
                0x0801a239       0x22 C:/ST/STM32CubeIDE_1.16.1/STM32CubeIDE/plugins/com.st.stm32cube.ide.mcu.externaltools.gnu-tools-for-stm32.12.3.rel1.win32_1.0.200.202406191623/tools/bin/../lib/gcc/arm-none-eabi/12.3.1/../../../../arm-none-eabi/lib/thumb/v6-m/nofp\libc_nano.a(libc_a-nano-vfprintf_i.o)
                0x0801a25c                        . = ALIGN (0x4)
 *fill*         0x0801a25b        0x1 

.ARM.extab      0x0801a25c        0x0
                0x0801a25c                        . = ALIGN (0x4)
 *(.ARM.extab* .gnu.linkonce.armextab.*)
                0x0801a25c                        . = ALIGN (0x4)

.ARM            0x0801a25c        0x8
                0x0801a25c                        . = ALIGN (0x4)
                0x0801a25c                        __exidx_start = .
 *(.ARM.exidx*)
 .ARM.exidx     0x0801a25c        0x8 C:/ST/STM32CubeIDE_1.16.1/STM32CubeIDE/plugins/com.st.stm32cube.ide.mcu.externaltools.gnu-tools-for-stm32.12.3.rel1.win32_1.0.200.202406191623/tools/bin/../lib/gcc/arm-none-eabi/12.3.1/thumb/v6-m/nofp\libgcc.a(_udivmoddi4.o)
                0x0801a264                        __exidx_end = .
                0x0801a264                        . = ALIGN (0x4)

.rel.dyn        0x0801a264        0x0
 .rel.iplt      0x0801a264        0x0 C:/ST/STM32CubeIDE_1.16.1/STM32CubeIDE/plugins/com.st.stm32cube.ide.mcu.externaltools.gnu-tools-for-stm32.12.3.rel1.win32_1.0.200.202406191623/tools/bin/../lib/gcc/arm-none-eabi/12.3.1/thumb/v6-m/nofp/crtbegin.o

.preinit_array  0x0801a264        0x0
                0x0801a264                        . = ALIGN (0x4)
                0x0801a264                        PROVIDE (__preinit_array_start = .)
 *(.preinit_array*)
                0x0801a264                        PROVIDE (__preinit_array_end = .)
                0x0801a264                        . = ALIGN (0x4)

.init_array     0x0801a264        0x4
                0x0801a264                        . = ALIGN (0x4)
                0x0801a264                        PROVIDE (__init_array_start = .)
 *(SORT_BY_NAME(.init_array.*))
 *(.init_array*)
 .init_array    0x0801a264        0x4 C:/ST/STM32CubeIDE_1.16.1/STM32CubeIDE/plugins/com.st.stm32cube.ide.mcu.externaltools.gnu-tools-for-stm32.12.3.rel1.win32_1.0.200.202406191623/tools/bin/../lib/gcc/arm-none-eabi/12.3.1/thumb/v6-m/nofp/crtbegin.o
                0x0801a268                        PROVIDE (__init_array_end = .)
                0x0801a268                        . = ALIGN (0x4)

.fini_array     0x0801a268        0x4
                0x0801a268                        . = ALIGN (0x4)
                [!provide]                        PROVIDE (__fini_array_start = .)
 *(SORT_BY_NAME(.fini_array.*))
 *(.fini_array*)
 .fini_array    0x0801a268        0x4 C:/ST/STM32CubeIDE_1.16.1/STM32CubeIDE/plugins/com.st.stm32cube.ide.mcu.externaltools.gnu-tools-for-stm32.12.3.rel1.win32_1.0.200.202406191623/tools/bin/../lib/gcc/arm-none-eabi/12.3.1/thumb/v6-m/nofp/crtbegin.o
                [!provide]                        PROVIDE (__fini_array_end = .)
                0x0801a26c                        . = ALIGN (0x4)
                0x0801a26c                        _sidata = LOADADDR (.data)

.data           0x20000000      0x5b8 load address 0x0801a26c
                0x20000000                        . = ALIGN (0x4)
                0x20000000                        _sdata = .
 *(.data)
 *(.data*)
 .data.Stat     0x20000000        0x1 ./Core/Src/fatfs_sd.o
 *fill*         0x20000001        0x3 
 .data.LED_Hired_On
                0x20000004        0x8 ./Core/Src/main.o
                0x20000004                LED_Hired_On
 .data.LED_Hired_Off
                0x2000000c        0x8 ./Core/Src/main.o
                0x2000000c                LED_Hired_Off
 .data.LED_Stop_On
                0x20000014        0x8 ./Core/Src/main.o
                0x20000014                LED_Stop_On
 .data.LED_Stop_Off
                0x2000001c        0x8 ./Core/Src/main.o
                0x2000001c                LED_Stop_Off
 .data.LED_Vacant_On
                0x20000024        0x8 ./Core/Src/main.o
                0x20000024                LED_Vacant_On
 .data.LED_Vacant_Off
                0x2000002c        0x8 ./Core/Src/main.o
                0x2000002c                LED_Vacant_Off
 .data.Plus10_clear
                0x20000034        0x8 ./Core/Src/main.o
                0x20000034                Plus10_clear
 .data.Plus1_clear
                0x2000003c        0x8 ./Core/Src/main.o
                0x2000003c                Plus1_clear
 .data.Print_clear
                0x20000044        0x8 ./Core/Src/main.o
                0x20000044                Print_clear
 .data.Clear_clear
                0x2000004c        0x8 ./Core/Src/main.o
                0x2000004c                Clear_clear
 .data.Dur_HMS  0x20000054        0xe ./Core/Src/main.o
                0x20000054                Dur_HMS
 *fill*         0x20000062        0x2 
 .data.Dur_HMS_clear
                0x20000064        0xe ./Core/Src/main.o
                0x20000064                Dur_HMS_clear
 *fill*         0x20000072        0x2 
 .data.hmi_rtc  0x20000074       0x19 ./Core/Src/main.o
                0x20000074                hmi_rtc
 *fill*         0x2000008d        0x3 
 .data.plate_qr
                0x20000090       0x12 ./Core/Src/main.o
                0x20000090                plate_qr
 *fill*         0x200000a2        0x2 
 .data.etoll_qr
                0x200000a4       0x3f ./Core/Src/main.o
                0x200000a4                etoll_qr
 *fill*         0x200000e3        0x1 
 .data.epay_qr  0x200000e4       0x10 ./Core/Src/main.o
                0x200000e4                epay_qr
 .data.total_hmi
                0x200000f4       0x2e ./Core/Src/main.o
                0x200000f4                total_hmi
 *fill*         0x20000122        0x2 
 .data.total_detail
                0x20000124       0x22 ./Core/Src/main.o
                0x20000124                total_detail
 *fill*         0x20000146        0x2 
 .data.msg01    0x20000148        0x9 ./Core/Src/main.o
                0x20000148                msg01
 *fill*         0x20000151        0x3 
 .data.msg03    0x20000154        0x9 ./Core/Src/main.o
                0x20000154                msg03
 *fill*         0x2000015d        0x3 
 .data.msg05    0x20000160        0x9 ./Core/Src/main.o
                0x20000160                msg05
 *fill*         0x20000169        0x3 
 .data.msg07    0x2000016c        0x9 ./Core/Src/main.o
                0x2000016c                msg07
 *fill*         0x20000175        0x3 
 .data.msg09    0x20000178        0x9 ./Core/Src/main.o
                0x20000178                msg09
 *fill*         0x20000181        0x3 
 .data.msg11    0x20000184        0x9 ./Core/Src/main.o
                0x20000184                msg11
 *fill*         0x2000018d        0x3 
 .data.msg13    0x20000190        0x9 ./Core/Src/main.o
                0x20000190                msg13
 *fill*         0x20000199        0x3 
 .data.msg15    0x2000019c        0x9 ./Core/Src/main.o
                0x2000019c                msg15
 *fill*         0x200001a5        0x3 
 .data.msg02    0x200001a8        0x9 ./Core/Src/main.o
                0x200001a8                msg02
 *fill*         0x200001b1        0x3 
 .data.msg04    0x200001b4        0x9 ./Core/Src/main.o
                0x200001b4                msg04
 *fill*         0x200001bd        0x3 
 .data.msg06    0x200001c0        0x9 ./Core/Src/main.o
                0x200001c0                msg06
 *fill*         0x200001c9        0x3 
 .data.msg08    0x200001cc        0x9 ./Core/Src/main.o
                0x200001cc                msg08
 *fill*         0x200001d5        0x3 
 .data.msg10    0x200001d8        0x9 ./Core/Src/main.o
                0x200001d8                msg10
 *fill*         0x200001e1        0x3 
 .data.msg12    0x200001e4        0x9 ./Core/Src/main.o
                0x200001e4                msg12
 *fill*         0x200001ed        0x3 
 .data.msg14    0x200001f0        0x9 ./Core/Src/main.o
                0x200001f0                msg14
 *fill*         0x200001f9        0x3 
 .data.msg16    0x200001fc        0xa ./Core/Src/main.o
                0x200001fc                msg16
 *fill*         0x20000206        0x2 
 .data.msg17    0x20000208       0x10 ./Core/Src/main.o
                0x20000208                msg17
 .data.msg18    0x20000218       0x10 ./Core/Src/main.o
                0x20000218                msg18
 .data.enter    0x20000228        0x2 ./Core/Src/main.o
                0x20000228                enter
 *fill*         0x2000022a        0x2 
 .data.uTx_Data
                0x2000022c        0x6 ./Core/Src/main.o
                0x2000022c                uTx_Data
 *fill*         0x20000232        0x2 
 .data.cmd      0x20000234        0x6 ./Core/Src/main.o
                0x20000234                cmd
 *fill*         0x2000023a        0x2 
 .data.plate    0x2000023c        0xe ./Core/Src/main.o
                0x2000023c                plate
 *fill*         0x2000024a        0x2 
 .data.start    0x2000024c        0xe ./Core/Src/main.o
                0x2000024c                start
 *fill*         0x2000025a        0x2 
 .data.end      0x2000025c        0xe ./Core/Src/main.o
                0x2000025c                end
 *fill*         0x2000026a        0x2 
 .data.re_stop  0x2000026c        0xe ./Core/Src/main.o
                0x2000026c                re_stop
 *fill*         0x2000027a        0x2 
 .data.total_km
                0x2000027c        0xe ./Core/Src/main.o
                0x2000027c                total_km
 *fill*         0x2000028a        0x2 
 .data.paid_km  0x2000028c        0xe ./Core/Src/main.o
                0x2000028c                paid_km
 *fill*         0x2000029a        0x2 
 .data.paid_min
                0x2000029c        0xe ./Core/Src/main.o
                0x2000029c                paid_min
 *fill*         0x200002aa        0x2 
 .data.sub      0x200002ac        0xe ./Core/Src/main.o
                0x200002ac                sub
 *fill*         0x200002ba        0x2 
 .data.t_fare   0x200002bc        0xd ./Core/Src/main.o
                0x200002bc                t_fare
 .data.Flag_Printer_Start
                0x200002c9        0x1 ./Core/Src/main.o
                0x200002c9                Flag_Printer_Start
 .data.Flag_End_Record
                0x200002ca        0x1 ./Core/Src/main.o
                0x200002ca                Flag_End_Record
 .data.Flag_Tbox_Start
                0x200002cb        0x1 ./Core/Src/main.o
                0x200002cb                Flag_Tbox_Start
 .data.zone     0x200002cc        0x2 ./Core/Src/main.o
                0x200002cc                zone
 *fill*         0x200002ce        0x2 
 .data.hd1      0x200002d0        0x6 ./Core/Src/main.o
                0x200002d0                hd1
 *fill*         0x200002d6        0x2 
 .data.hd2      0x200002d8        0x6 ./Core/Src/main.o
                0x200002d8                hd2
 *fill*         0x200002de        0x2 
 .data.HW       0x200002e0        0x8 ./Core/Src/main.o
                0x200002e0                HW
 .data.FW       0x200002e8        0x8 ./Core/Src/main.o
                0x200002e8                FW
 .data.unlock_hh
                0x200002f0        0x1 ./Core/Src/main.o
                0x200002f0                unlock_hh
 *fill*         0x200002f1        0x1 
 .data.ck       0x200002f2        0x2 ./Core/Src/main.o
                0x200002f2                ck
 .data.Speed_co
                0x200002f4        0x2 ./Core/Src/main.o
                0x200002f4                Speed_co
 .data.Speed_max
                0x200002f6        0x2 ./Core/Src/main.o
                0x200002f6                Speed_max
 .data.Flag_alarm
                0x200002f8        0x1 ./Core/Src/main.o
                0x200002f8                Flag_alarm
 *fill*         0x200002f9        0x3 
 .data.unlock_clear
                0x200002fc        0xc ./Core/Src/main.o
                0x200002fc                unlock_clear
 .data.C_Fare_clear
                0x20000308        0x7 ./Core/Src/main.o
                0x20000308                C_Fare_clear
 *fill*         0x2000030f        0x1 
 .data.C_Fare_Min