../Core/Src/main.c:526:6:send_uart	8	static
../Core/Src/main.c:532:5:bufsize	8	static
../Core/Src/main.c:539:6:clear_buffer	8	static
../Core/Src/main.c:656:6:HAL_UART_ErrorCallback	8	static
../Core/Src/main.c:625:6:USER_UART_IDLECallback	32	static
../Core/Src/main.c:643:6:USER_UART_IRQHandler	8	static
../Core/Src/main.c:668:6:HAL_UART_RxCpltCallback	32	static
../Core/Src/main.c:728:6:HAL_TIM_IC_CaptureCallback	16	static
../Core/Src/main.c:779:6:HAL_TIM_PeriodElapsedCallback	0	static
../Core/Src/main.c:943:6:SystemClock_Config	80	static,ignoring_inline_asm
../Core/Src/main.c:1751:6:Status_Change	0	static
../Core/Src/main.c:3005:6:Long_to_byte	0	static
../Core/Src/main.c:3013:10:byte_to_Long	0	static
../Core/Src/main.c:3035:6:HMI_Transmit	8	static
../Core/Src/main.c:3025:6:HMI_Command	32	static
../Core/Src/main.c:2794:6:extras_rd	40	static
../Core/Src/main.c:3046:10:CRC16	16	static
../Core/Src/main.c:3071:15:checksum_8bit	8	static
../Core/Src/main.c:3083:6:long_to_byte	0	static
../Core/Src/main.c:3089:10:byte_to_long	0	static
../Core/Src/main.c:3099:6:long_to_byte_crc	0	static
../Core/Src/main.c:3105:6:tbox_start	152	static
../Core/Src/main.c:3155:6:tbox_finish	184	static
../Core/Src/main.c:3521:6:printer_transmit	48	static
../Core/Src/main.c:3206:6:printer_process	32	static
../Core/Src/main.c:2876:6:printer_rd	16	static
../Core/Src/main.c:3532:6:printer_transmit2	8	static
../Core/Src/main.c:3545:6:eeprom_w	24	static
../Core/Src/main.c:3561:6:eeprom_check	32	static
../Core/Src/main.c:3577:6:eeprom_r	48	static
../Core/Src/main.c:3713:6:rtc_set	80	static
../Core/Src/main.c:3911:6:DebugLog	0	static
../Core/Src/main.c:3945:6:EventDebugLog	448	static
../Core/Src/main.c:3980:6:BCD2ASC	20	static
../Core/Src/main.c:3725:6:time_update	632	static
../Core/Src/main.c:3999:15:BCD2Dec	0	static
../Core/Src/main.c:4006:15:Dec2BCD	16	static
../Core/Src/main.c:4013:6:Dur_hms_cal	32	static
../Core/Src/main.c:4055:6:Read_Pulse	16	static
../Core/Src/main.c:4082:6:Read_Distance	24	static
../Core/Src/main.c:4088:6:Read_Speed	16	static
../Core/Src/main.c:4255:6:Flag_Control_Up	8	static
../Core/Src/main.c:4263:6:Flag_Control_Down	8	static
../Core/Src/main.c:4271:6:Anti_Tamper_Handle	64	static
../Core/Src/main.c:4396:6:Dec2ASC	24	static
../Core/Src/main.c:4104:6:Fare_Calculation	56	static
../Core/Src/main.c:4413:10:ASC2Dec	12	static
../Core/Src/main.c:4424:6:E_read	64	static
../Core/Src/main.c:3274:6:printer_e	32	static
../Core/Src/main.c:2946:6:check_rd	8	static
../Core/Src/main.c:4573:6:E_write	24	static
../Core/Src/main.c:2960:6:clear_rd	8	static
../Core/Src/main.c:2490:6:HMI_Vacant_W	88	static
../Core/Src/main.c:4692:6:Voice_init	24	static
../Core/Src/main.c:4726:6:Voice_start	8	static
../Core/Src/main.c:1763:6:HMI_Hired_W	40	static
../Core/Src/main.c:4731:6:Voice_end	8	static
../Core/Src/main.c:4736:6:cal_vcan	12	static
../Core/Src/main.c:4962:6:cal_vcn	12	static
../Core/Src/main.c:5188:6:cal_ven	12	static
../Core/Src/main.c:1922:6:HMI_Stop_W	168	static
../Core/Src/main.c:1581:6:Status_Check	32	static
../Core/Src/main.c:796:5:main	152	static,ignoring_inline_asm
../Core/Src/main.c:5448:6:Error_Handler	0	static,ignoring_inline_asm
