../Core/Src/main.c:573:6:send_uart	8	static
../Core/Src/main.c:579:5:bufsize	8	static
../Core/Src/main.c:586:6:clear_buffer	8	static
../Core/Src/main.c:704:6:HAL_UART_ErrorCallback	8	static
../Core/Src/main.c:673:6:USER_UART_IDLECallback	32	static
../Core/Src/main.c:691:6:USER_UART_IRQHandler	8	static
../Core/Src/main.c:716:6:HAL_UART_RxCpltCallback	32	static
../Core/Src/main.c:781:6:HAL_TIM_IC_CaptureCallback	16	static
../Core/Src/main.c:832:6:HAL_TIM_PeriodElapsedCallback	0	static
../Core/Src/main.c:1076:6:SystemClock_Config	80	static,ignoring_inline_asm
../Core/Src/main.c:1997:6:Status_Change	0	static
../Core/Src/main.c:3335:6:Long_to_byte	0	static
../Core/Src/main.c:3343:10:byte_to_Long	0	static
../Core/Src/main.c:3365:6:HMI_Transmit	8	static
../Core/Src/main.c:3355:6:HMI_Command	32	static
../Core/Src/main.c:3112:6:extras_rd	40	static
../Core/Src/main.c:3376:10:CRC16	16	static
../Core/Src/main.c:3401:15:checksum_8bit	8	static
../Core/Src/main.c:3413:6:long_to_byte	0	static
../Core/Src/main.c:3419:10:byte_to_long	0	static
../Core/Src/main.c:3429:6:long_to_byte_crc	0	static
../Core/Src/main.c:3435:5:hex2Dec	16	static
../Core/Src/main.c:3459:6:tbox_start	152	static
../Core/Src/main.c:3509:6:tbox_finish	184	static
../Core/Src/main.c:3875:6:printer_transmit	48	static
../Core/Src/main.c:3560:6:printer_process	32	static
../Core/Src/main.c:3194:6:printer_rd	24	static
../Core/Src/main.c:3886:6:printer_transmit2	8	static
../Core/Src/main.c:3899:6:eeprom_w	24	static
../Core/Src/main.c:3915:6:eeprom_check	32	static
../Core/Src/main.c:3931:6:eeprom_r	80	static
../Core/Src/main.c:4109:6:rtc_set	80	static
../Core/Src/main.c:4304:6:Unlock_Meter	16	static
../Core/Src/main.c:4336:6:DebugLog	0	static
../Core/Src/main.c:4371:6:BCD2ASC	20	static
../Core/Src/main.c:4121:6:time_update	632	static
../Core/Src/main.c:4390:15:BCD2Dec	0	static
../Core/Src/main.c:4397:15:Dec2BCD	16	static
../Core/Src/main.c:4404:6:Dur_hms_cal	32	static
../Core/Src/main.c:4446:6:Read_Pulse	16	static
../Core/Src/main.c:4473:6:Read_Distance	24	static
../Core/Src/main.c:4479:6:Read_Speed	16	static
../Core/Src/main.c:4642:6:Flag_Control_Up	8	static
../Core/Src/main.c:4650:6:Flag_Control_Down	8	static
../Core/Src/main.c:4658:6:Anti_Tamper_Handle	64	static
../Core/Src/main.c:4726:6:Lock_Count_Down	80	static
../Core/Src/main.c:4791:6:Dec2ASC	24	static
../Core/Src/main.c:4495:6:Fare_Calculation	48	static
../Core/Src/main.c:4808:10:ASC2Dec	12	static
../Core/Src/main.c:4819:6:E_read	80	static
../Core/Src/main.c:3628:6:printer_e	32	static
../Core/Src/main.c:3276:6:check_rd	8	static
../Core/Src/main.c:4969:6:E_write	24	static
../Core/Src/main.c:3290:6:clear_rd	8	static
../Core/Src/main.c:2757:6:HMI_Vacant_W	88	static
../Core/Src/main.c:5088:6:Voice_init	24	static
../Core/Src/main.c:5122:6:Voice_start	8	static
../Core/Src/main.c:2009:6:HMI_Hired_W	40	static
../Core/Src/main.c:5127:6:Voice_end	8	static
../Core/Src/main.c:5132:6:cal_vcan	12	static
../Core/Src/main.c:5358:6:cal_vcn	12	static
../Core/Src/main.c:5584:6:cal_ven	12	static
../Core/Src/main.c:2169:6:HMI_Stop_W	168	static
../Core/Src/main.c:1714:6:Status_Check	40	static
../Core/Src/main.c:849:5:main	160	static,ignoring_inline_asm
../Core/Src/main.c:5844:6:Error_Handler	0	static,ignoring_inline_asm
