Archive member included to satisfy reference by file (symbol)

C:/ST/STM32CubeIDE_1.16.0/STM32CubeIDE/plugins/com.st.stm32cube.ide.mcu.externaltools.gnu-tools-for-stm32.12.3.rel1.win32_1.0.200.202406191623/tools/bin/../lib/gcc/arm-none-eabi/12.3.1/../../../../arm-none-eabi/lib/thumb/v6-m/nofp\libc_nano.a(libc_a-exit.o)
                              C:/ST/STM32CubeIDE_1.16.0/STM32CubeIDE/plugins/com.st.stm32cube.ide.mcu.externaltools.gnu-tools-for-stm32.12.3.rel1.win32_1.0.200.202406191623/tools/bin/../lib/gcc/arm-none-eabi/12.3.1/../../../../arm-none-eabi/lib/thumb/v6-m/nofp/crt0.o (exit)
C:/ST/STM32CubeIDE_1.16.0/STM32CubeIDE/plugins/com.st.stm32cube.ide.mcu.externaltools.gnu-tools-for-stm32.12.3.rel1.win32_1.0.200.202406191623/tools/bin/../lib/gcc/arm-none-eabi/12.3.1/../../../../arm-none-eabi/lib/thumb/v6-m/nofp\libc_nano.a(libc_a-findfp.o)
                              C:/ST/STM32CubeIDE_1.16.0/STM32CubeIDE/plugins/com.st.stm32cube.ide.mcu.externaltools.gnu-tools-for-stm32.12.3.rel1.win32_1.0.200.202406191623/tools/bin/../lib/gcc/arm-none-eabi/12.3.1/../../../../arm-none-eabi/lib/thumb/v6-m/nofp\libc_nano.a(libc_a-exit.o) (__stdio_exit_handler)
C:/ST/STM32CubeIDE_1.16.0/STM32CubeIDE/plugins/com.st.stm32cube.ide.mcu.externaltools.gnu-tools-for-stm32.12.3.rel1.win32_1.0.200.202406191623/tools/bin/../lib/gcc/arm-none-eabi/12.3.1/../../../../arm-none-eabi/lib/thumb/v6-m/nofp\libc_nano.a(libc_a-fwalk.o)
                              C:/ST/STM32CubeIDE_1.16.0/STM32CubeIDE/plugins/com.st.stm32cube.ide.mcu.externaltools.gnu-tools-for-stm32.12.3.rel1.win32_1.0.200.202406191623/tools/bin/../lib/gcc/arm-none-eabi/12.3.1/../../../../arm-none-eabi/lib/thumb/v6-m/nofp\libc_nano.a(libc_a-findfp.o) (_fwalk_sglue)
C:/ST/STM32CubeIDE_1.16.0/STM32CubeIDE/plugins/com.st.stm32cube.ide.mcu.externaltools.gnu-tools-for-stm32.12.3.rel1.win32_1.0.200.202406191623/tools/bin/../lib/gcc/arm-none-eabi/12.3.1/../../../../arm-none-eabi/lib/thumb/v6-m/nofp\libc_nano.a(libc_a-snprintf.o)
                              ./Core/Src/main.o (snprintf)
C:/ST/STM32CubeIDE_1.16.0/STM32CubeIDE/plugins/com.st.stm32cube.ide.mcu.externaltools.gnu-tools-for-stm32.12.3.rel1.win32_1.0.200.202406191623/tools/bin/../lib/gcc/arm-none-eabi/12.3.1/../../../../arm-none-eabi/lib/thumb/v6-m/nofp\libc_nano.a(libc_a-stdio.o)
                              C:/ST/STM32CubeIDE_1.16.0/STM32CubeIDE/plugins/com.st.stm32cube.ide.mcu.externaltools.gnu-tools-for-stm32.12.3.rel1.win32_1.0.200.202406191623/tools/bin/../lib/gcc/arm-none-eabi/12.3.1/../../../../arm-none-eabi/lib/thumb/v6-m/nofp\libc_nano.a(libc_a-findfp.o) (__sread)
C:/ST/STM32CubeIDE_1.16.0/STM32CubeIDE/plugins/com.st.stm32cube.ide.mcu.externaltools.gnu-tools-for-stm32.12.3.rel1.win32_1.0.200.202406191623/tools/bin/../lib/gcc/arm-none-eabi/12.3.1/../../../../arm-none-eabi/lib/thumb/v6-m/nofp\libc_nano.a(libc_a-memcmp.o)
                              ./Core/Src/main.o (memcmp)
C:/ST/STM32CubeIDE_1.16.0/STM32CubeIDE/plugins/com.st.stm32cube.ide.mcu.externaltools.gnu-tools-for-stm32.12.3.rel1.win32_1.0.200.202406191623/tools/bin/../lib/gcc/arm-none-eabi/12.3.1/../../../../arm-none-eabi/lib/thumb/v6-m/nofp\libc_nano.a(libc_a-memset.o)
                              C:/ST/STM32CubeIDE_1.16.0/STM32CubeIDE/plugins/com.st.stm32cube.ide.mcu.externaltools.gnu-tools-for-stm32.12.3.rel1.win32_1.0.200.202406191623/tools/bin/../lib/gcc/arm-none-eabi/12.3.1/../../../../arm-none-eabi/lib/thumb/v6-m/nofp/crt0.o (memset)
C:/ST/STM32CubeIDE_1.16.0/STM32CubeIDE/plugins/com.st.stm32cube.ide.mcu.externaltools.gnu-tools-for-stm32.12.3.rel1.win32_1.0.200.202406191623/tools/bin/../lib/gcc/arm-none-eabi/12.3.1/../../../../arm-none-eabi/lib/thumb/v6-m/nofp\libc_nano.a(libc_a-closer.o)
                              C:/ST/STM32CubeIDE_1.16.0/STM32CubeIDE/plugins/com.st.stm32cube.ide.mcu.externaltools.gnu-tools-for-stm32.12.3.rel1.win32_1.0.200.202406191623/tools/bin/../lib/gcc/arm-none-eabi/12.3.1/../../../../arm-none-eabi/lib/thumb/v6-m/nofp\libc_nano.a(libc_a-stdio.o) (_close_r)
C:/ST/STM32CubeIDE_1.16.0/STM32CubeIDE/plugins/com.st.stm32cube.ide.mcu.externaltools.gnu-tools-for-stm32.12.3.rel1.win32_1.0.200.202406191623/tools/bin/../lib/gcc/arm-none-eabi/12.3.1/../../../../arm-none-eabi/lib/thumb/v6-m/nofp\libc_nano.a(libc_a-reent.o)
                              C:/ST/STM32CubeIDE_1.16.0/STM32CubeIDE/plugins/com.st.stm32cube.ide.mcu.externaltools.gnu-tools-for-stm32.12.3.rel1.win32_1.0.200.202406191623/tools/bin/../lib/gcc/arm-none-eabi/12.3.1/../../../../arm-none-eabi/lib/thumb/v6-m/nofp\libc_nano.a(libc_a-closer.o) (errno)
C:/ST/STM32CubeIDE_1.16.0/STM32CubeIDE/plugins/com.st.stm32cube.ide.mcu.externaltools.gnu-tools-for-stm32.12.3.rel1.win32_1.0.200.202406191623/tools/bin/../lib/gcc/arm-none-eabi/12.3.1/../../../../arm-none-eabi/lib/thumb/v6-m/nofp\libc_nano.a(libc_a-impure.o)
[...]
Memory Configuration

Name             Origin             Length             Attributes
RAM              0x20000000         0x00009000         xrw
FLASH            0x08000000         0x00020000         xr
*default*        0x00000000         0xffffffff

Linker script and memory map

LOAD C:/ST/STM32CubeIDE_1.16.0/STM32CubeIDE/plugins/com.st.stm32cube.ide.mcu.externaltools.gnu-tools-for-stm32.12.3.rel1.win32_1.0.200.202406191623/tools/bin/../lib/gcc/arm-none-eabi/12.3.1/thumb/v6-m/nofp/crti.o
LOAD C:/ST/STM32CubeIDE_1.16.0/STM32CubeIDE/plugins/com.st.stm32cube.ide.mcu.externaltools.gnu-tools-for-stm32.12.3.rel1.win32_1.0.200.202406191623/tools/bin/../lib/gcc/arm-none-eabi/12.3.1/thumb/v6-m/nofp/crtbegin.o
LOAD C:/ST/STM32CubeIDE_1.16.0/STM32CubeIDE/plugins/com.st.stm32cube.ide.mcu.externaltools.gnu-tools-for-stm32.12.3.rel1.win32_1.0.200.202406191623/tools/bin/../lib/gcc/arm-none-eabi/12.3.1/../../../../arm-none-eabi/lib/thumb/v6-m/nofp/crt0.o
LOAD ./Core/Src/EEPROM.o
LOAD ./Core/Src/fatfs_sd.o
LOAD ./Core/Src/main.o
LOAD ./Core/Src/pcf2129.o
LOAD ./Core/Src/stm32g0xx_hal_msp.o
LOAD ./Core/Src/stm32g0xx_it.o
LOAD ./Core/Src/syscalls.o
LOAD ./Core/Src/sysmem.o
LOAD ./Core/Src/system_stm32g0xx.o
LOAD ./Core/Startup/startup_stm32g071rbtx.o
LOAD ./Drivers/STM32G0xx_HAL_Driver/Src/stm32g0xx_hal.o
LOAD ./Drivers/STM32G0xx_HAL_Driver/Src/stm32g0xx_hal_cortex.o
LOAD ./Drivers/STM32G0xx_HAL_Driver/Src/stm32g0xx_hal_dma.o
LOAD ./Drivers/STM32G0xx_HAL_Driver/Src/stm32g0xx_hal_dma_ex.o
LOAD ./Drivers/STM32G0xx_HAL_Driver/Src/stm32g0xx_hal_exti.o
LOAD ./Drivers/STM32G0xx_HAL_Driver/Src/stm32g0xx_hal_flash.o
LOAD ./Drivers/STM32G0xx_HAL_Driver/Src/stm32g0xx_hal_flash_ex.o
LOAD ./Drivers/STM32G0xx_HAL_Driver/Src/stm32g0xx_hal_gpio.o
LOAD ./Drivers/STM32G0xx_HAL_Driver/Src/stm32g0xx_hal_i2c.o
LOAD ./Drivers/STM32G0xx_HAL_Driver/Src/stm32g0xx_hal_i2c_ex.o
LOAD ./Drivers/STM32G0xx_HAL_Driver/Src/stm32g0xx_hal_pwr.o
LOAD ./Drivers/STM32G0xx_HAL_Driver/Src/stm32g0xx_hal_pwr_ex.o
LOAD ./Drivers/STM32G0xx_HAL_Driver/Src/stm32g0xx_hal_rcc.o
LOAD ./Drivers/STM32G0xx_HAL_Driver/Src/stm32g0xx_hal_rcc_ex.o
LOAD ./Drivers/STM32G0xx_HAL_Driver/Src/stm32g0xx_hal_spi.o
LOAD ./Drivers/STM32G0xx_HAL_Driver/Src/stm32g0xx_hal_spi_ex.o
LOAD ./Drivers/STM32G0xx_HAL_Driver/Src/stm32g0xx_hal_tim.o
LOAD ./Drivers/STM32G0xx_HAL_Driver/Src/stm32g0xx_hal_tim_ex.o
LOAD ./Drivers/STM32G0xx_HAL_Driver/Src/stm32g0xx_hal_uart.o
LOAD ./Drivers/STM32G0xx_HAL_Driver/Src/stm32g0xx_hal_uart_ex.o
LOAD ./Drivers/STM32G0xx_HAL_Driver/Src/stm32g0xx_ll_dma.o
LOAD ./Drivers/STM32G0xx_HAL_Driver/Src/stm32g0xx_ll_rcc.o
LOAD ./FATFS/App/app_fatfs.o
LOAD ./FATFS/Target/user_diskio.o
LOAD ./Middlewares/Third_Party/FatFs/src/diskio.o
LOAD ./Middlewares/Third_Party/FatFs/src/ff.o
LOAD ./Middlewares/Third_Party/FatFs/src/ff_gen_drv.o
LOAD ./Middlewares/Third_Party/FatFs/src/option/syscall.o
START GROUP
LOAD C:/ST/STM32CubeIDE_1.16.0/STM32CubeIDE/plugins/com.st.stm32cube.ide.mcu.externaltools.gnu-tools-for-stm32.12.3.rel1.win32_1.0.200.202406191623/tools/bin/../lib/gcc/arm-none-eabi/12.3.1/../../../../arm-none-eabi/lib/thumb/v6-m/nofp\libc_nano.a
LOAD C:/ST/STM32CubeIDE_1.16.0/STM32CubeIDE/plugins/com.st.stm32cube.ide.mcu.externaltools.gnu-tools-for-stm32.12.3.rel1.win32_1.0.200.202406191623/tools/bin/../lib/gcc/arm-none-eabi/12.3.1/../../../../arm-none-eabi/lib/thumb/v6-m/nofp\libm.a
END GROUP
START GROUP
LOAD C:/ST/STM32CubeIDE_1.16.0/STM32CubeIDE/plugins/com.st.stm32cube.ide.mcu.externaltools.gnu-tools-for-stm32.12.3.rel1.win32_1.0.200.202406191623/tools/bin/../lib/gcc/arm-none-eabi/12.3.1/thumb/v6-m/nofp\libgcc.a
LOAD C:/ST/STM32CubeIDE_1.16.0/STM32CubeIDE/plugins/com.st.stm32cube.ide.mcu.externaltools.gnu-tools-for-stm32.12.3.rel1.win32_1.0.200.202406191623/tools/bin/../lib/gcc/arm-none-eabi/12.3.1/../../../../arm-none-eabi/lib/thumb/v6-m/nofp\libc_nano.a
END GROUP
START GROUP
LOAD C:/ST/STM32CubeIDE_1.16.0/STM32CubeIDE/plugins/com.st.stm32cube.ide.mcu.externaltools.gnu-tools-for-stm32.12.3.rel1.win32_1.0.200.202406191623/tools/bin/../lib/gcc/arm-none-eabi/12.3.1/thumb/v6-m/nofp\libgcc.a
LOAD C:/ST/STM32CubeIDE_1.16.0/STM32CubeIDE/plugins/com.st.stm32cube.ide.mcu.externaltools.gnu-tools-for-stm32.12.3.rel1.win32_1.0.200.202406191623/tools/bin/../lib/gcc/arm-none-eabi/12.3.1/../../../../arm-none-eabi/lib/thumb/v6-m/nofp\libc_nano.a
LOAD C:/ST/STM32CubeIDE_1.16.0/STM32CubeIDE/plugins/com.st.stm32cube.ide.mcu.externaltools.gnu-tools-for-stm32.12.3.rel1.win32_1.0.200.202406191623/tools/bin/../lib/gcc/arm-none-eabi/12.3.1/../../../../arm-none-eabi/lib/thumb/v6-m/nofp\libnosys.a
END GROUP
START GROUP
LOAD C:/ST/STM32CubeIDE_1.16.0/STM32CubeIDE/plugins/com.st.stm32cube.ide.mcu.externaltools.gnu-tools-for-stm32.12.3.rel1.win32_1.0.200.202406191623/tools/bin/../lib/gcc/arm-none-eabi/12.3.1/thumb/v6-m/nofp\libgcc.a
LOAD C:/ST/STM32CubeIDE_1.16.0/STM32CubeIDE/plugins/com.st.stm32cube.ide.mcu.externaltools.gnu-tools-for-stm32.12.3.rel1.win32_1.0.200.202406191623/tools/bin/../lib/gcc/arm-none-eabi/12.3.1/../../../../arm-none-eabi/lib/thumb/v6-m/nofp\libc_nano.a
LOAD C:/ST/STM32CubeIDE_1.16.0/STM32CubeIDE/plugins/com.st.stm32cube.ide.mcu.externaltools.gnu-tools-for-stm32.12.3.rel1.win32_1.0.200.202406191623/tools/bin/../lib/gcc/arm-none-eabi/12.3.1/../../../../arm-none-eabi/lib/thumb/v6-m/nofp\libnosys.a
END GROUP
LOAD C:/ST/STM32CubeIDE_1.16.0/STM32CubeIDE/plugins/com.st.stm32cube.ide.mcu.externaltools.gnu-tools-for-stm32.12.3.rel1.win32_1.0.200.202406191623/tools/bin/../lib/gcc/arm-none-eabi/12.3.1/thumb/v6-m/nofp/crtend.o
LOAD C:/ST/STM32CubeIDE_1.16.0/STM32CubeIDE/plugins/com.st.stm32cube.ide.mcu.externaltools.gnu-tools-for-stm32.12.3.rel1.win32_1.0.200.202406191623/tools/bin/../lib/gcc/arm-none-eabi/12.3.1/thumb/v6-m/nofp/crtn.o
                0x20009000                        _estack = (ORIGIN (RAM) + LENGTH (RAM))
                0x00000200                        _Min_Heap_Size = 0x200
                0x00000400                        _Min_Stack_Size = 0x400

.isr_vector     0x08000000       0xbc
                0x08000000                        . = ALIGN (0x4)
 *(.isr_vector)
 .isr_vector    0x08000000       0xbc ./Core/Startup/startup_stm32g071rbtx.o
                0x08000000                g_pfnVectors
                0x080000bc                        . = ALIGN (0x4)

.text           0x080000bc     0xfac0
                0x080000bc                        . = ALIGN (0x4)
 *(.text)
 .text          0x080000bc       0x48 C:/ST/STM32CubeIDE_1.16.0/STM32CubeIDE/plugins/com.st.stm32cube.ide.mcu.externaltools.gnu-tools-for-stm32.12.3.rel1.win32_1.0.200.202406191623/tools/bin/../lib/gcc/arm-none-eabi/12.3.1/thumb/v6-m/nofp/crtbegin.o
 .text          0x08000104        0xe C:/ST/STM32CubeIDE_1.16.0/STM32CubeIDE/plugins/com.st.stm32cube.ide.mcu.externaltools.gnu-tools-for-stm32.12.3.rel1.win32_1.0.200.202406191623/tools/bin/../lib/gcc/arm-none-eabi/12.3.1/../../../../arm-none-eabi/lib/thumb/v6-m/nofp\libc_nano.a(libc_a-strlen.o)
                0x08000104                strlen
 *fill*         0x08000112        0x2 
 .text          0x08000114       0x14 C:/ST/STM32CubeIDE_1.16.0/STM32CubeIDE/plugins/com.st.stm32cube.ide.mcu.externaltools.gnu-tools-for-stm32.12.3.rel1.win32_1.0.200.202406191623/tools/bin/../lib/gcc/arm-none-eabi/12.3.1/thumb/v6-m/nofp\libgcc.a(_thumb1_case_uqi.o)
                0x08000114                __gnu_thumb1_case_uqi
 .text          0x08000128       0x14 C:/ST/STM32CubeIDE_1.16.0/STM32CubeIDE/plugins/com.st.stm32cube.ide.mcu.externaltools.gnu-tools-for-stm32.12.3.rel1.win32_1.0.200.202406191623/tools/bin/../lib/gcc/arm-none-eabi/12.3.1/thumb/v6-m/nofp\libgcc.a(_thumb1_case_shi.o)
                0x08000128                __gnu_thumb1_case_shi
 .text          0x0800013c      0x114 C:/ST/STM32CubeIDE_1.16.0/STM32CubeIDE/plugins/com.st.stm32cube.ide.mcu.externaltools.gnu-tools-for-stm32.12.3.rel1.win32_1.0.200.202406191623/tools/bin/../lib/gcc/arm-none-eabi/12.3.1/thumb/v6-m/nofp\libgcc.a(_udivsi3.o)
                0x0800013c                __aeabi_uidiv
                0x0800013c                __udivsi3
                0x08000248                __aeabi_uidivmod
 .text          0x08000250      0x1d4 C:/ST/STM32CubeIDE_1.16.0/STM32CubeIDE/plugins/com.st.stm32cube.ide.mcu.externaltools.gnu-tools-for-stm32.12.3.rel1.win32_1.0.200.202406191623/tools/bin/../lib/gcc/arm-none-eabi/12.3.1/thumb/v6-m/nofp\libgcc.a(_divsi3.o)
                0x08000250                __divsi3
                0x08000250                __aeabi_idiv
                0x0800041c                __aeabi_idivmod
 .text          0x08000424        0x4 C:/ST/STM32CubeIDE_1.16.0/STM32CubeIDE/plugins/com.st.stm32cube.ide.mcu.externaltools.gnu-tools-for-stm32.12.3.rel1.win32_1.0.200.202406191623/tools/bin/../lib/gcc/arm-none-eabi/12.3.1/thumb/v6-m/nofp\libgcc.a(_dvmd_tls.o)
                0x08000424                __aeabi_idiv0
                0x08000424                __aeabi_ldiv0
 .text          0x08000428       0x7c C:/ST/STM32CubeIDE_1.16.0/STM32CubeIDE/plugins/com.st.stm32cube.ide.mcu.externaltools.gnu-tools-for-stm32.12.3.rel1.win32_1.0.200.202406191623/tools/bin/../lib/gcc/arm-none-eabi/12.3.1/thumb/v6-m/nofp\libgcc.a(_arm_cmpdf2.o)
                0x08000428                __aeabi_cdrcmple
                0x08000438                __aeabi_cdcmple
                0x08000438                __aeabi_cdcmpeq
                0x08000448                __aeabi_dcmpeq
                0x08000454                __aeabi_dcmplt
                0x08000468                __aeabi_dcmple
                0x0800047c                __aeabi_dcmpgt
                0x08000490                __aeabi_dcmpge
 .text          0x080004a4       0x74 C:/ST/STM32CubeIDE_1.16.0/STM32CubeIDE/plugins/com.st.stm32cube.ide.mcu.externaltools.gnu-tools-for-stm32.12.3.rel1.win32_1.0.200.202406191623/tools/bin/../lib/gcc/arm-none-eabi/12.3.1/thumb/v6-m/nofp\libgcc.a(_arm_cmpsf2.o)
                0x080004a4                __aeabi_cfrcmple
                0x080004ac                __aeabi_cfcmpeq
                0x080004ac                __aeabi_cfcmple
                0x080004bc                __aeabi_fcmpeq
                0x080004c8                __aeabi_fcmplt
                0x080004dc                __aeabi_fcmple
                0x080004f0                __aeabi_fcmpgt
                0x08000504                __aeabi_fcmpge
 .text          0x08000518       0x40 C:/ST/STM32CubeIDE_1.16.0/STM32CubeIDE/plugins/com.st.stm32cube.ide.mcu.externaltools.gnu-tools-for-stm32.12.3.rel1.win32_1.0.200.202406191623/tools/bin/../lib/gcc/arm-none-eabi/12.3.1/thumb/v6-m/nofp\libgcc.a(_aeabi_uldivmod.o)
                0x08000518                __aeabi_uldivmod
 .text          0x08000558       0x30 C:/ST/STM32CubeIDE_1.16.0/STM32CubeIDE/plugins/com.st.stm32cube.ide.mcu.externaltools.gnu-tools-for-stm32.12.3.rel1.win32_1.0.200.202406191623/tools/bin/../lib/gcc/arm-none-eabi/12.3.1/thumb/v6-m/nofp\libgcc.a(_fixunssfsi.o)
                0x08000558                __fixunssfsi
                0x08000558                __aeabi_f2uiz
 .text          0x08000588       0x3c C:/ST/STM32CubeIDE_1.16.0/STM32CubeIDE/plugins/com.st.stm32cube.ide.mcu.externaltools.gnu-tools-for-stm32.12.3.rel1.win32_1.0.200.202406191623/tools/bin/../lib/gcc/arm-none-eabi/12.3.1/thumb/v6-m/nofp\libgcc.a(_fixunsdfsi.o)
                0x08000588                __aeabi_d2uiz
                0x08000588                __fixunsdfsi
 .text          0x080005c4      0x198 C:/ST/STM32CubeIDE_1.16.0/STM32CubeIDE/plugins/com.st.stm32cube.ide.mcu.externaltools.gnu-tools-for-stm32.12.3.rel1.win32_1.0.200.202406191623/tools/bin/../lib/gcc/arm-none-eabi/12.3.1/thumb/v6-m/nofp\libgcc.a(_udivmoddi4.o)
                0x080005c4                __udivmoddi4
 .text          0x0800075c      0x314 C:/ST/STM32CubeIDE_1.16.0/STM32CubeIDE/plugins/com.st.stm32cube.ide.mcu.externaltools.gnu-tools-for-stm32.12.3.rel1.win32_1.0.200.202406191623/tools/bin/../lib/gcc/arm-none-eabi/12.3.1/thumb/v6-m/nofp\libgcc.a(addsf3.o)
                0x0800075c                __aeabi_fadd
 .text          0x08000a70      0x240 C:/ST/STM32CubeIDE_1.16.0/STM32CubeIDE/plugins/com.st.stm32cube.ide.mcu.externaltools.gnu-tools-for-stm32.12.3.rel1.win32_1.0.200.202406191623/tools/bin/../lib/gcc/arm-none-eabi/12.3.1/thumb/v6-m/nofp\libgcc.a(divsf3.o)
                0x08000a70                __aeabi_fdiv
 .text          0x08000cb0       0x50 C:/ST/STM32CubeIDE_1.16.0/STM32CubeIDE/plugins/com.st.stm32cube.ide.mcu.externaltools.gnu-tools-for-stm32.12.3.rel1.win32_1.0.200.202406191623/tools/bin/../lib/gcc/arm-none-eabi/12.3.1/thumb/v6-m/nofp\libgcc.a(eqsf2.o)
                0x08000cb0                __eqsf2
                0x08000cb0                __nesf2
 .text          0x08000d00       0xa0 C:/ST/STM32CubeIDE_1.16.0/STM32CubeIDE/plugins/com.st.stm32cube.ide.mcu.externaltools.gnu-tools-for-stm32.12.3.rel1.win32_1.0.200.202406191623/tools/bin/../lib/gcc/arm-none-eabi/12.3.1/thumb/v6-m/nofp\libgcc.a(gesf2.o)
                0x08000d00                __gesf2
                0x08000d00                __gtsf2
 .text          0x08000da0       0x9c C:/ST/STM32CubeIDE_1.16.0/STM32CubeIDE/plugins/com.st.stm32cube.ide.mcu.externaltools.gnu-tools-for-stm32.12.3.rel1.win32_1.0.200.202406191623/tools/bin/../lib/gcc/arm-none-eabi/12.3.1/thumb/v6-m/nofp\libgcc.a(lesf2.o)
                0x08000da0                __ltsf2
                0x08000da0                __lesf2
 .text          0x08000e3c      0x27c C:/ST/STM32CubeIDE_1.16.0/STM32CubeIDE/plugins/com.st.stm32cube.ide.mcu.externaltools.gnu-tools-for-stm32.12.3.rel1.win32_1.0.200.202406191623/tools/bin/../lib/gcc/arm-none-eabi/12.3.1/thumb/v6-m/nofp\libgcc.a(mulsf3.o)
                0x08000e3c                __aeabi_fmul
 .text          0x080010b8      0x348 C:/ST/STM32CubeIDE_1.16.0/STM32CubeIDE/plugins/com.st.stm32cube.ide.mcu.externaltools.gnu-tools-for-stm32.12.3.rel1.win32_1.0.200.202406191623/tools/bin/../lib/gcc/arm-none-eabi/12.3.1/thumb/v6-m/nofp\libgcc.a(subsf3.o)
                0x080010b8                __aeabi_fsub
 .text          0x08001400       0x40 C:/ST/STM32CubeIDE_1.16.0/STM32CubeIDE/plugins/com.st.stm32cube.ide.mcu.externaltools.gnu-tools-for-stm32.12.3.rel1.win32_1.0.200.202406191623/tools/bin/../lib/gcc/arm-none-eabi/12.3.1/thumb/v6-m/nofp\libgcc.a(fixsfsi.o)
                0x08001400                __aeabi_f2iz
 .text          0x08001440       0x98 C:/ST/STM32CubeIDE_1.16.0/STM32CubeIDE/plugins/com.st.stm32cube.ide.mcu.externaltools.gnu-tools-for-stm32.12.3.rel1.win32_1.0.200.202406191623/tools/bin/../lib/gcc/arm-none-eabi/12.3.1/thumb/v6-m/nofp\libgcc.a(floatsisf.o)
                0x08001440                __aeabi_i2f
 .text          0x080014d8       0x84 C:/ST/STM32CubeIDE_1.16.0/STM32CubeIDE/plugins/com.st.stm32cube.ide.mcu.externaltools.gnu-tools-for-stm32.12.3.rel1.win32_1.0.200.202406191623/tools/bin/../lib/gcc/arm-none-eabi/12.3.1/thumb/v6-m/nofp\libgcc.a(floatunsisf.o)
                0x080014d8                __aeabi_ui2f
 .text          0x0800155c      0x6c8 C:/ST/STM32CubeIDE_1.16.0/STM32CubeIDE/plugins/com.st.stm32cube.ide.mcu.externaltools.gnu-tools-for-stm32.12.3.rel1.win32_1.0.200.202406191623/tools/bin/../lib/gcc/arm-none-eabi/12.3.1/thumb/v6-m/nofp\libgcc.a(adddf3.o)
                0x0800155c                __aeabi_dadd
 .text          0x08001c24      0x634 C:/ST/STM32CubeIDE_1.16.0/STM32CubeIDE/plugins/com.st.stm32cube.ide.mcu.externaltools.gnu-tools-for-stm32.12.3.rel1.win32_1.0.200.202406191623/tools/bin/../lib/gcc/arm-none-eabi/12.3.1/thumb/v6-m/nofp\libgcc.a(divdf3.o)
                0x08001c24                __aeabi_ddiv
 .text          0x08002258       0x88 C:/ST/STM32CubeIDE_1.16.0/STM32CubeIDE/plugins/com.st.stm32cube.ide.mcu.externaltools.gnu-tools-for-stm32.12.3.rel1.win32_1.0.200.202406191623/tools/bin/../lib/gcc/arm-none-eabi/12.3.1/thumb/v6-m/nofp\libgcc.a(eqdf2.o)
                0x08002258                __nedf2
                0x08002258                __eqdf2
 .text          0x080022e0       0xe8 C:/ST/STM32CubeIDE_1.16.0/STM32CubeIDE/plugins/com.st.stm32cube.ide.mcu.externaltools.gnu-tools-for-stm32.12.3.rel1.win32_1.0.200.202406191623/tools/bin/../lib/gcc/arm-none-eabi/12.3.1/thumb/v6-m/nofp\libgcc.a(gedf2.o)
                0x080022e0                __gedf2
                0x080022e0                __gtdf2
 .text          0x080023c8       0xe4 C:/ST/STM32CubeIDE_1.16.0/STM32CubeIDE/plugins/com.st.stm32cube.ide.mcu.externaltools.gnu-tools-for-stm32.12.3.rel1.win32_1.0.200.202406191623/tools/bin/../lib/gcc/arm-none-eabi/12.3.1/thumb/v6-m/nofp\libgcc.a(ledf2.o)
                0x080023c8                __ledf2
                0x080023c8                __ltdf2
 .text          0x080024ac      0x590 C:/ST/STM32CubeIDE_1.16.0/STM32CubeIDE/plugins/com.st.stm32cube.ide.mcu.externaltools.gnu-tools-for-stm32.12.3.rel1.win32_1.0.200.202406191623/tools/bin/../lib/gcc/arm-none-eabi/12.3.1/thumb/v6-m/nofp\libgcc.a(muldf3.o)
                0x080024ac                __aeabi_dmul
 .text          0x08002a3c      0x738 C:/ST/STM32CubeIDE_1.16.0/STM32CubeIDE/plugins/com.st.stm32cube.ide.mcu.externaltools.gnu-tools-for-stm32.12.3.rel1.win32_1.0.200.202406191623/tools/bin/../lib/gcc/arm-none-eabi/12.3.1/thumb/v6-m/nofp\libgcc.a(subdf3.o)
                0x08002a3c                __aeabi_dsub
 .text          0x08003174       0x78 C:/ST/STM32CubeIDE_1.16.0/STM32CubeIDE/plugins/com.st.stm32cube.ide.mcu.externaltools.gnu-tools-for-stm32.12.3.rel1.win32_1.0.200.202406191623/tools/bin/../lib/gcc/arm-none-eabi/12.3.1/thumb/v6-m/nofp\libgcc.a(fixdfsi.o)
                0x08003174                __aeabi_d2iz
 .text          0x080031ec       0x5c C:/ST/STM32CubeIDE_1.16.0/STM32CubeIDE/plugins/com.st.stm32cube.ide.mcu.externaltools.gnu-tools-for-stm32.12.3.rel1.win32_1.0.200.202406191623/tools/bin/../lib/gcc/arm-none-eabi/12.3.1/thumb/v6-m/nofp\libgcc.a(floatsidf.o)
                0x080031ec                __aeabi_i2d
 .text          0x08003248       0x48 C:/ST/STM32CubeIDE_1.16.0/STM32CubeIDE/plugins/com.st.stm32cube.ide.mcu.externaltools.gnu-tools-for-stm32.12.3.rel1.win32_1.0.200.202406191623/tools/bin/../lib/gcc/arm-none-eabi/12.3.1/thumb/v6-m/nofp\libgcc.a(floatunsidf.o)
                0x08003248                __aeabi_ui2d
 .text          0x08003290       0x90 C:/ST/STM32CubeIDE_1.16.0/STM32CubeIDE/plugins/com.st.stm32cube.ide.mcu.externaltools.gnu-tools-for-stm32.12.3.rel1.win32_1.0.200.202406191623/tools/bin/../lib/gcc/arm-none-eabi/12.3.1/thumb/v6-m/nofp\libgcc.a(extendsfdf2.o)
                0x08003290                __aeabi_f2d
 .text          0x08003320      0x108 C:/ST/STM32CubeIDE_1.16.0/STM32CubeIDE/plugins/com.st.stm32cube.ide.mcu.externaltools.gnu-tools-for-stm32.12.3.rel1.win32_1.0.200.202406191623/tools/bin/../lib/gcc/arm-none-eabi/12.3.1/thumb/v6-m/nofp\libgcc.a(truncdfsf2.o)
                0x08003320                __aeabi_d2f
 .text          0x08003428       0x3c C:/ST/STM32CubeIDE_1.16.0/STM32CubeIDE/plugins/com.st.stm32cube.ide.mcu.externaltools.gnu-tools-for-stm32.12.3.rel1.win32_1.0.200.202406191623/tools/bin/../lib/gcc/arm-none-eabi/12.3.1/thumb/v6-m/nofp\libgcc.a(_clzsi2.o)
                0x08003428                __clzsi2
 .text          0x08003464       0x18 C:/ST/STM32CubeIDE_1.16.0/STM32CubeIDE/plugins/com.st.stm32cube.ide.mcu.externaltools.gnu-tools-for-stm32.12.3.rel1.win32_1.0.200.202406191623/tools/bin/../lib/gcc/arm-none-eabi/12.3.1/thumb/v6-m/nofp\libgcc.a(_clzdi2.o)
                0x08003464                __clzdi2
 *(.text*)
 .text.SPI_TxBuffer
                0x0800347c       0x20 ./Core/Src/fatfs_sd.o
 .text.SPI_TxByte
                0x0800349c       0x24 ./Core/Src/fatfs_sd.o
 .text.SELECT   0x080034c0       0x16 ./Core/Src/fatfs_sd.o
 .text.DESELECT
                0x080034d6       0x16 ./Core/Src/fatfs_sd.o
 .text.SPI_RxByte
                0x080034ec       0x30 ./Core/Src/fatfs_sd.o
 .text.SD_PowerOn
                0x0800351c       0x58 ./Core/Src/fatfs_sd.o
 .text.SD_ReadyWait
                0x08003574       0x20 ./Core/Src/fatfs_sd.o
 .text.SD_TxDataBlock
                0x08003594       0x60 ./Core/Src/fatfs_sd.o
 .text.SD_SendCmd
                0x080035f4       0x62 ./Core/Src/fatfs_sd.o
 *fill*         0x08003656        0x2 
 .text.SD_RxDataBlock
                0x08003658       0x48 ./Core/Src/fatfs_sd.o
 .text.SD_disk_initialize
                0x080036a0      0x13c ./Core/Src/fatfs_sd.o
                0x080036a0                SD_disk_initialize
 .text.SD_disk_status
                0x080037dc       0x14 ./Core/Src/fatfs_sd.o
                0x080037dc                SD_disk_status
 .text.SD_disk_read
                0x080037f0       0x94 ./Core/Src/fatfs_sd.o
                0x080037f0                SD_disk_read
 .text.SD_disk_write
                0x08003884       0xb4 ./Core/Src/fatfs_sd.o
                0x08003884                SD_disk_write
 .text.SD_disk_ioctl
                0x08003938      0x148 ./Core/Src/fatfs_sd.o
                0x08003938                SD_disk_ioctl
 .text.bufsize  0x08003a80        0x8 ./Core/Src/main.o
                0x08003a80                bufsize
 .text.clear_buffer
                0x08003a88       0x14 ./Core/Src/main.o
                0x08003a88                clear_buffer
 .text.HAL_UART_ErrorCallback
                0x08003a9c       0x1c ./Core/Src/main.o
                0x08003a9c                HAL_UART_ErrorCallback
 .text.USER_UART_IDLECallback
                0x08003ab8       0x6c ./Core/Src/main.o
                0x08003ab8                USER_UART_IDLECallback
 .text.USER_UART_IRQHandler
                0x08003b24       0x28 ./Core/Src/main.o
                0x08003b24                USER_UART_IRQHandler
 .text.HAL_UART_RxCpltCallback
                0x08003b4c       0xdc ./Core/Src/main.o
                0x08003b4c                HAL_UART_RxCpltCallback
 .text.HAL_TIM_IC_CaptureCallback
                0x08003c28       0xf4 ./Core/Src/main.o
                0x08003c28                HAL_TIM_IC_CaptureCallback
 .text.HAL_TIM_PeriodElapsedCallback
                0x08003d1c       0x20 ./Core/Src/main.o
                0x08003d1c                HAL_TIM_PeriodElapsedCallback
 .text.SystemClock_Config
                0x08003d3c       0x66 ./Core/Src/main.o
                0x08003d3c                SystemClock_Config
 *fill*         0x08003da2        0x2 
 .text.Status_Change
                0x08003da4       0x28 ./Core/Src/main.o
                0x08003da4                Status_Change
 .text.Long_to_byte
                0x08003dcc       0x10 ./Core/Src/main.o
                0x08003dcc                Long_to_byte
 .text.HMI_Transmit
                0x08003ddc       0x18 ./Core/Src/main.o
                0x08003ddc                HMI_Transmit
 .text.HMI_Command
                0x08003df4       0x32 ./Core/Src/main.o
                0x08003df4                HMI_Command
 *fill*         0x08003e26        0x2 
 .text.extras_rd
                0x08003e28      0x190 ./Core/Src/main.o
                0x08003e28                extras_rd
 .text.CRC16    0x08003fb8       0x40 ./Core/Src/main.o
                0x08003fb8                CRC16
 .text.checksum_8bit
                0x08003ff8       0x18 ./Core/Src/main.o
                0x08003ff8                checksum_8bit
 .text.tbox_start
                0x08004010      0x114 ./Core/Src/main.o
                0x08004010                tbox_start
 .text.tbox_finish
                0x08004124      0x10c ./Core/Src/main.o
                0x08004124                tbox_finish
 .text.printer_transmit
                0x08004230       0x28 ./Core/Src/main.o
                0x08004230                printer_transmit
 .text.printer_process
                0x08004258      0x2c8 ./Core/Src/main.o
                0x08004258                printer_process
 .text.printer_rd
                0x08004520       0xfc ./Core/Src/main.o
                0x08004520                printer_rd
 .text.eeprom_w
                0x0800461c       0x40 ./Core/Src/main.o
                0x0800461c                eeprom_w
 .text.eeprom_check
                0x0800465c       0x50 ./Core/Src/main.o
                0x0800465c                eeprom_check
 .text.eeprom_r
                0x080046ac      0x178 ./Core/Src/main.o
                0x080046ac                eeprom_r
 .text.rtc_set  0x08004824       0x50 ./Core/Src/main.o
                0x08004824                rtc_set
 .text.EventDebugLog
                0x08004874      0x1a4 ./Core/Src/main.o
                0x08004874                EventDebugLog
 .text.BCD2ASC  0x08004a18       0x30 ./Core/Src/main.o
                0x08004a18                BCD2ASC
 .text.time_update
                0x08004a48      0x45c ./Core/Src/main.o
                0x08004a48                time_update
 .text.Dur_hms_cal
                0x08004ea4      0x10c ./Core/Src/main.o
                0x08004ea4                Dur_hms_cal
 .text.Read_Pulse
                0x08004fb0       0x84 ./Core/Src/main.o
                0x08004fb0                Read_Pulse
 .text.Read_Distance
                0x08005034       0x60 ./Core/Src/main.o
                0x08005034                Read_Distance
 .text.Read_Speed
                0x08005094       0x50 ./Core/Src/main.o
                0x08005094                Read_Speed
 .text.Flag_Control_Up
                0x080050e4       0x30 ./Core/Src/main.o
                0x080050e4                Flag_Control_Up
 .text.Flag_Control_Down
                0x08005114       0x30 ./Core/Src/main.o
                0x08005114                Flag_Control_Down
 .text.Anti_Tamper_Handle
                0x08005144      0x134 ./Core/Src/main.o
                0x08005144                Anti_Tamper_Handle
 .text.Dec2ASC  0x08005278       0x3c ./Core/Src/main.o
                0x08005278                Dec2ASC
 .text.Fare_Calculation
                0x080052b4      0x504 ./Core/Src/main.o
                0x080052b4                Fare_Calculation
 .text.ASC2Dec  0x080057b8       0x24 ./Core/Src/main.o
                0x080057b8                ASC2Dec
 .text.E_read   0x080057dc      0x334 ./Core/Src/main.o
                0x080057dc                E_read
 .text.printer_e
                0x08005b10      0x58c ./Core/Src/main.o
                0x08005b10                printer_e
 .text.check_rd
                0x0800609c       0x40 ./Core/Src/main.o
                0x0800609c                check_rd
 .text.E_write  0x080060dc      0x30c ./Core/Src/main.o
                0x080060dc                E_write
 .text.clear_rd
                0x080063e8       0x9c ./Core/Src/main.o
                0x080063e8                clear_rd
 .text.HMI_Vacant_W
                0x08006484      0x790 ./Core/Src/main.o
                0x08006484                HMI_Vacant_W
 .text.Voice_init
                0x08006c14       0x80 ./Core/Src/main.o
                0x08006c14                Voice_init
 .text.Voice_start
                0x08006c94       0x18 ./Core/Src/main.o
                0x08006c94                Voice_start
 .text.HMI_Hired_W
                0x08006cac      0x38c ./Core/Src/main.o
                0x08006cac                HMI_Hired_W
 .text.Voice_end
                0x08007038       0x18 ./Core/Src/main.o
                0x08007038                Voice_end
 .text.cal_vcan
                0x08007050      0x230 ./Core/Src/main.o
                0x08007050                cal_vcan
 .text.cal_vcn  0x08007280      0x22c ./Core/Src/main.o
                0x08007280                cal_vcn
 .text.cal_ven  0x080074ac      0x222 ./Core/Src/main.o
                0x080074ac                cal_ven
 *fill*         0x080076ce        0x2 
 .text.HMI_Stop_W
                0x080076d0      0xc28 ./Core/Src/main.o
                0x080076d0                HMI_Stop_W
 .text.Status_Check
                0x080082f8      0x2e8 ./Core/Src/main.o
                0x080082f8                Status_Check
 .text.startup.main
                0x080085e0      0x6c0 ./Core/Src/main.o
                0x080085e0                main
 .text.Error_Handler
                0x08008ca0        0x4 ./Core/Src/main.o
                0x08008ca0                Error_Handler
 .text.PCF2129_Init
                0x08008ca4       0x2c ./Core/Src/pcf2129.o
                0x08008ca4                PCF2129_Init
 .text.PCF2129_getDate
                0x08008cd0      0x14c ./Core/Src/pcf2129.o
                0x08008cd0                PCF2129_getDate
 .text.PCF2129_read
                0x08008e1c       0x40 ./Core/Src/pcf2129.o
                0x08008e1c                PCF2129_read
 .text.PCF2129_write
                0x08008e5c       0x2c ./Core/Src/pcf2129.o
                0x08008e5c                PCF2129_write
 .text.PCF2129_setDate
                0x08008e88       0x4a ./Core/Src/pcf2129.o
                0x08008e88                PCF2129_setDate
 .text.PCF2129_set24mode
                0x08008ed2       0x14 ./Core/Src/pcf2129.o
                0x08008ed2                PCF2129_set24mode
 .text.PCF2129_configure
                0x08008ee6        0x8 ./Core/Src/pcf2129.o
                0x08008ee6                PCF2129_configure
 .text.bcdToDec
                0x08008eee       0x12 ./Core/Src/pcf2129.o
                0x08008eee                bcdToDec
 .text.decToBcd
                0x08008f00       0x1a ./Core/Src/pcf2129.o
                0x08008f00                decToBcd
 *fill*         0x08008f1a        0x2 
 .text.unixToUtc
                0x08008f1c      0x138 ./Core/Src/pcf2129.o
                0x08008f1c                unixToUtc
 .text.utcToUnix
                0x08009054       0xf4 ./Core/Src/pcf2129.o
                0x08009054                utcToUnix
 .text.HAL_MspInit
                0x08009148       0x34 ./Core/Src/stm32g0xx_hal_msp.o
                0x08009148                HAL_MspInit
 .text.HAL_I2C_MspInit
                0x0800917c       0xdc ./Core/Src/stm32g0xx_hal_msp.o
                0x0800917c                HAL_I2C_MspInit
 .text.HAL_UART_MspInit
                0x08009258      0x248 ./Core/Src/stm32g0xx_hal_msp.o
                0x08009258                HAL_UART_MspInit
 .text.HAL_SPI_MspInit
                0x080094a0       0x6c ./Core/Src/stm32g0xx_hal_msp.o
                0x080094a0                HAL_SPI_MspInit
 .text.HAL_TIM_IC_MspInit
                0x0800950c       0xe0 ./Core/Src/stm32g0xx_hal_msp.o
                0x0800950c                HAL_TIM_IC_MspInit
 .text.HAL_TIM_Base_MspInit
                0x080095ec       0x38 ./Core/Src/stm32g0xx_hal_msp.o
                0x080095ec                HAL_TIM_Base_MspInit
 .text.SDTimer_Handler
                0x08009624       0x2c ./Core/Src/stm32g0xx_it.o
                0x08009624                SDTimer_Handler
 .text.NMI_Handler
                0x08009650        0x2 ./Core/Src/stm32g0xx_it.o
                0x08009650                NMI_Handler
 .text.HardFault_Handler
                0x08009652        0x2 ./Core/Src/stm32g0xx_it.o
                0x08009652                HardFault_Handler
 .text.SVC_Handler
                0x08009654        0x2 ./Core/Src/stm32g0xx_it.o
                0x08009654                SVC_Handler
 .text.PendSV_Handler
                0x08009656        0x2 ./Core/Src/stm32g0xx_it.o
                0x08009656                PendSV_Handler
 .text.SysTick_Handler
                0x08009658       0x24 ./Core/Src/stm32g0xx_it.o
                0x08009658                SysTick_Handler
 .text.DMA1_Channel1_IRQHandler
                0x0800967c       0x10 ./Core/Src/stm32g0xx_it.o
                0x0800967c                DMA1_Channel1_IRQHandler
 .text.TIM1_CC_IRQHandler
                0x0800968c       0x10 ./Core/Src/stm32g0xx_it.o
                0x0800968c                TIM1_CC_IRQHandler
 .text.TIM2_IRQHandler
                0x0800969c       0x10 ./Core/Src/stm32g0xx_it.o
                0x0800969c                TIM2_IRQHandler
 .text.TIM3_IRQHandler
                0x080096ac       0x10 ./Core/Src/stm32g0xx_it.o
                0x080096ac                TIM3_IRQHandler
 .text.I2C1_IRQHandler
                0x080096bc       0x20 ./Core/Src/stm32g0xx_it.o
                0x080096bc                I2C1_IRQHandler
 .text.SPI1_IRQHandler
                0x080096dc       0x10 ./Core/Src/stm32g0xx_it.o
                0x080096dc                SPI1_IRQHandler
 .text.USART1_IRQHandler
                0x080096ec       0x18 ./Core/Src/stm32g0xx_it.o
                0x080096ec                USART1_IRQHandler
 .text.USART2_IRQHandler
                0x08009704       0x10 ./Core/Src/stm32g0xx_it.o
                0x08009704                USART2_IRQHandler
 .text.USART3_4_LPUART1_IRQHandler
                0x08009714       0x24 ./Core/Src/stm32g0xx_it.o
                0x08009714                USART3_4_LPUART1_IRQHandler
 .text._sbrk    0x08009738       0x40 ./Core/Src/sysmem.o
                0x08009738                _sbrk
 .text.SystemInit
                0x08009778        0x2 ./Core/Src/system_stm32g0xx.o
                0x08009778                SystemInit
 *fill*         0x0800977a        0x2 
 .text.Reset_Handler
                0x0800977c       0x50 ./Core/Startup/startup_stm32g071rbtx.o
                0x0800977c                Reset_Handler
 .text.Default_Handler
                0x080097cc        0x2 ./Core/Startup/startup_stm32g071rbtx.o
                0x080097cc                ADC1_COMP_IRQHandler
                0x080097cc                PVD_IRQHandler
                0x080097cc                TIM7_LPTIM2_IRQHandler
                0x080097cc                RTC_TAMP_IRQHandler
                0x080097cc                EXTI2_3_IRQHandler
                0x080097cc                I2C2_IRQHandler
                0x080097cc                TIM17_IRQHandler
                0x080097cc                TIM16_IRQHandler
                0x080097cc                EXTI4_15_IRQHandler
                0x080097cc                RCC_IRQHandler
                0x080097cc                Default_Handler
                0x080097cc                CEC_IRQHandler
                0x080097cc                TIM14_IRQHandler
                0x080097cc                TIM15_IRQHandler
                0x080097cc                EXTI0_1_IRQHandler
                0x080097cc                SPI2_IRQHandler
                0x080097cc                TIM6_DAC_LPTIM1_IRQHandler
                0x080097cc                WWDG_IRQHandler
                0x080097cc                DMA1_Ch4_7_DMAMUX1_OVR_IRQHandler
                0x080097cc                DMA1_Channel2_3_IRQHandler
                0x080097cc                UCPD1_2_IRQHandler
                0x080097cc                FLASH_IRQHandler
                0x080097cc                TIM1_BRK_UP_TRG_COM_IRQHandler
 *fill*         0x080097ce        0x2 
 .text.HAL_InitTick
                0x080097d0       0x50 ./Drivers/STM32G0xx_HAL_Driver/Src/stm32g0xx_hal.o
                0x080097d0                HAL_InitTick
 .text.HAL_Init
                0x08009820       0x28 ./Drivers/STM32G0xx_HAL_Driver/Src/stm32g0xx_hal.o
                0x08009820                HAL_Init
 .text.HAL_IncTick
                0x08009848       0x18 ./Drivers/STM32G0xx_HAL_Driver/Src/stm32g0xx_hal.o
                0x08009848                HAL_IncTick
 .text.HAL_GetTick
                0x08009860        0xc ./Drivers/STM32G0xx_HAL_Driver/Src/stm32g0xx_hal.o
                0x08009860                HAL_GetTick
 .text.HAL_Delay
                0x0800986c       0x24 ./Drivers/STM32G0xx_HAL_Driver/Src/stm32g0xx_hal.o
                0x0800986c                HAL_Delay
 .text.HAL_SYSCFG_StrobeDBattpinsConfig
                0x08009890       0x18 ./Drivers/STM32G0xx_HAL_Driver/Src/stm32g0xx_hal.o
                0x08009890                HAL_SYSCFG_StrobeDBattpinsConfig
 .text.HAL_NVIC_SetPriority
                0x080098a8       0x54 ./Drivers/STM32G0xx_HAL_Driver/Src/stm32g0xx_hal_cortex.o
                0x080098a8                HAL_NVIC_SetPriority
 .text.HAL_NVIC_EnableIRQ
                0x080098fc       0x18 ./Drivers/STM32G0xx_HAL_Driver/Src/stm32g0xx_hal_cortex.o
                0x080098fc                HAL_NVIC_EnableIRQ
 .text.HAL_SYSTICK_Config
                0x08009914       0x34 ./Drivers/STM32G0xx_HAL_Driver/Src/stm32g0xx_hal_cortex.o
                0x08009914                HAL_SYSTICK_Config
 .text.DMA_SetConfig
                0x08009948       0x40 ./Drivers/STM32G0xx_HAL_Driver/Src/stm32g0xx_hal_dma.o
 .text.DMA_CalcDMAMUXChannelBaseAndMask
                0x08009988       0x34 ./Drivers/STM32G0xx_HAL_Driver/Src/stm32g0xx_hal_dma.o
 .text.HAL_DMA_Init
                0x080099bc       0xb4 ./Drivers/STM32G0xx_HAL_Driver/Src/stm32g0xx_hal_dma.o
                0x080099bc                HAL_DMA_Init
 .text.HAL_DMA_Start_IT
                0x08009a70       0x90 ./Drivers/STM32G0xx_HAL_Driver/Src/stm32g0xx_hal_dma.o
                0x08009a70                HAL_DMA_Start_IT
 .text.HAL_DMA_Abort
                0x08009b00       0x74 ./Drivers/STM32G0xx_HAL_Driver/Src/stm32g0xx_hal_dma.o
                0x08009b00                HAL_DMA_Abort
 .text.HAL_DMA_Abort_IT
                0x08009b74       0x74 ./Drivers/STM32G0xx_HAL_Driver/Src/stm32g0xx_hal_dma.o
                0x08009b74                HAL_DMA_Abort_IT
 .text.HAL_DMA_IRQHandler
                0x08009be8       0xa8 ./Drivers/STM32G0xx_HAL_Driver/Src/stm32g0xx_hal_dma.o
                0x08009be8                HAL_DMA_IRQHandler
 .text.HAL_DMA_GetState
                0x08009c90        0x8 ./Drivers/STM32G0xx_HAL_Driver/Src/stm32g0xx_hal_dma.o
                0x08009c90                HAL_DMA_GetState
 .text.HAL_DMA_GetError
                0x08009c98        0x4 ./Drivers/STM32G0xx_HAL_Driver/Src/stm32g0xx_hal_dma.o
                0x08009c98                HAL_DMA_GetError
 .text.HAL_GPIO_Init
                0x08009c9c      0x164 ./Drivers/STM32G0xx_HAL_Driver/Src/stm32g0xx_hal_gpio.o
                0x08009c9c                HAL_GPIO_Init
 .text.HAL_GPIO_ReadPin
                0x08009e00        0xc ./Drivers/STM32G0xx_HAL_Driver/Src/stm32g0xx_hal_gpio.o
                0x08009e00                HAL_GPIO_ReadPin
 .text.HAL_GPIO_WritePin
                0x08009e0c        0xc ./Drivers/STM32G0xx_HAL_Driver/Src/stm32g0xx_hal_gpio.o
                0x08009e0c                HAL_GPIO_WritePin
 .text.I2C_Flush_TXDR
                0x08009e18       0x1c ./Drivers/STM32G0xx_HAL_Driver/Src/stm32g0xx_hal_i2c.o
 .text.I2C_TransferConfig
                0x08009e34       0x2c ./Drivers/STM32G0xx_HAL_Driver/Src/stm32g0xx_hal_i2c.o
 .text.I2C_Disable_IRQ
                0x08009e60       0x48 ./Drivers/STM32G0xx_HAL_Driver/Src/stm32g0xx_hal_i2c.o
 .text.I2C_IsErrorOccurred
                0x08009ea8      0x11c ./Drivers/STM32G0xx_HAL_Driver/Src/stm32g0xx_hal_i2c.o
 .text.I2C_WaitOnTXISFlagUntilTimeout
                0x08009fc4       0x54 ./Drivers/STM32G0xx_HAL_Driver/Src/stm32g0xx_hal_i2c.o
 .text.I2C_WaitOnSTOPFlagUntilTimeout
                0x0800a018       0x50 ./Drivers/STM32G0xx_HAL_Driver/Src/stm32g0xx_hal_i2c.o
 .text.I2C_WaitOnRXNEFlagUntilTimeout
                0x0800a068       0x98 ./Drivers/STM32G0xx_HAL_Driver/Src/stm32g0xx_hal_i2c.o
 .text.I2C_WaitOnFlagUntilTimeout
                0x0800a100       0x50 ./Drivers/STM32G0xx_HAL_Driver/Src/stm32g0xx_hal_i2c.o
 .text.I2C_RequestMemoryWrite
                0x0800a150       0x64 ./Drivers/STM32G0xx_HAL_Driver/Src/stm32g0xx_hal_i2c.o
 .text.I2C_RequestMemoryRead
                0x0800a1b4       0x64 ./Drivers/STM32G0xx_HAL_Driver/Src/stm32g0xx_hal_i2c.o
 .text.HAL_I2C_Init
                0x0800a218       0xac ./Drivers/STM32G0xx_HAL_Driver/Src/stm32g0xx_hal_i2c.o
                0x0800a218                HAL_I2C_Init
 .text.HAL_I2C_Master_Transmit
                0x0800a2c4      0x118 ./Drivers/STM32G0xx_HAL_Driver/Src/stm32g0xx_hal_i2c.o
                0x0800a2c4                HAL_I2C_Master_Transmit
 .text.HAL_I2C_Master_Receive
                0x0800a3dc      0x11c ./Drivers/STM32G0xx_HAL_Driver/Src/stm32g0xx_hal_i2c.o
                0x0800a3dc                HAL_I2C_Master_Receive
 .text.HAL_I2C_Mem_Write
                0x0800a4f8      0x164 ./Drivers/STM32G0xx_HAL_Driver/Src/stm32g0xx_hal_i2c.o
                0x0800a4f8                HAL_I2C_Mem_Write
 .text.HAL_I2C_Mem_Read
                0x0800a65c      0x174 ./Drivers/STM32G0xx_HAL_Driver/Src/stm32g0xx_hal_i2c.o
                0x0800a65c                HAL_I2C_Mem_Read
 .text.HAL_I2C_EV_IRQHandler
                0x0800a7d0       0x12 ./Drivers/STM32G0xx_HAL_Driver/Src/stm32g0xx_hal_i2c.o
                0x0800a7d0                HAL_I2C_EV_IRQHandler
 .text.HAL_I2C_SlaveTxCpltCallback
                0x0800a7e2        0x2 ./Drivers/STM32G0xx_HAL_Driver/Src/stm32g0xx_hal_i2c.o
                0x0800a7e2                HAL_I2C_SlaveTxCpltCallback
 .text.HAL_I2C_SlaveRxCpltCallback
                0x0800a7e4        0x2 ./Drivers/STM32G0xx_HAL_Driver/Src/stm32g0xx_hal_i2c.o
                0x0800a7e4                HAL_I2C_SlaveRxCpltCallback
 *fill*         0x0800a7e6        0x2 
 .text.I2C_ITSlaveSeqCplt
                0x0800a7e8       0x80 ./Drivers/STM32G0xx_HAL_Driver/Src/stm32g0xx_hal_i2c.o
 .text.HAL_I2C_AddrCallback
                0x0800a868        0x2 ./Drivers/STM32G0xx_HAL_Driver/Src/stm32g0xx_hal_i2c.o
                0x0800a868                HAL_I2C_AddrCallback
 .text.I2C_ITAddrCplt.constprop.0
                0x0800a86a       0x9a ./Drivers/STM32G0xx_HAL_Driver/Src/stm32g0xx_hal_i2c.o
 .text.HAL_I2C_ListenCpltCallback
                0x0800a904        0x2 ./Drivers/STM32G0xx_HAL_Driver/Src/stm32g0xx_hal_i2c.o
                0x0800a904                HAL_I2C_ListenCpltCallback
 *fill*         0x0800a906        0x2 
 .text.I2C_ITListenCplt
                0x0800a908       0x6c ./Drivers/STM32G0xx_HAL_Driver/Src/stm32g0xx_hal_i2c.o
 .text.HAL_I2C_ErrorCallback
                0x0800a974        0x2 ./Drivers/STM32G0xx_HAL_Driver/Src/stm32g0xx_hal_i2c.o
                0x0800a974                HAL_I2C_ErrorCallback
 .text.HAL_I2C_AbortCpltCallback
                0x0800a976        0x2 ./Drivers/STM32G0xx_HAL_Driver/Src/stm32g0xx_hal_i2c.o
                0x0800a976                HAL_I2C_AbortCpltCallback
 .text.I2C_TreatErrorCallback
                0x0800a978       0x2a ./Drivers/STM32G0xx_HAL_Driver/Src/stm32g0xx_hal_i2c.o
 *fill*         0x0800a9a2        0x2 
 .text.I2C_ITError
                0x0800a9a4       0xf0 ./Drivers/STM32G0xx_HAL_Driver/Src/stm32g0xx_hal_i2c.o
 .text.HAL_I2C_ER_IRQHandler
                0x0800aa94       0x58 ./Drivers/STM32G0xx_HAL_Driver/Src/stm32g0xx_hal_i2c.o
                0x0800aa94                HAL_I2C_ER_IRQHandler
 .text.I2C_ITSlaveCplt.constprop.0
                0x0800aaec      0x134 ./Drivers/STM32G0xx_HAL_Driver/Src/stm32g0xx_hal_i2c.o
 .text.I2C_Slave_ISR_IT
                0x0800ac20      0x124 ./Drivers/STM32G0xx_HAL_Driver/Src/stm32g0xx_hal_i2c.o
 .text.I2C_DMAAbort
                0x0800ad44       0x1e ./Drivers/STM32G0xx_HAL_Driver/Src/stm32g0xx_hal_i2c.o
 *fill*         0x0800ad62        0x2 
 .text.HAL_I2CEx_ConfigAnalogFilter
                0x0800ad64       0x4c ./Drivers/STM32G0xx_HAL_Driver/Src/stm32g0xx_hal_i2c_ex.o
                0x0800ad64                HAL_I2CEx_ConfigAnalogFilter
 .text.HAL_I2CEx_ConfigDigitalFilter
                0x0800adb0       0x48 ./Drivers/STM32G0xx_HAL_Driver/Src/stm32g0xx_hal_i2c_ex.o
                0x0800adb0                HAL_I2CEx_ConfigDigitalFilter
 .text.HAL_PWREx_ControlVoltageScaling
                0x0800adf8       0x58 ./Drivers/STM32G0xx_HAL_Driver/Src/stm32g0xx_hal_pwr_ex.o
                0x0800adf8                HAL_PWREx_ControlVoltageScaling
 .text.HAL_RCC_OscConfig
                0x0800ae50      0x448 ./Drivers/STM32G0xx_HAL_Driver/Src/stm32g0xx_hal_rcc.o
                0x0800ae50                HAL_RCC_OscConfig
 .text.HAL_RCC_MCOConfig
                0x0800b298       0x54 ./Drivers/STM32G0xx_HAL_Driver/Src/stm32g0xx_hal_rcc.o
                0x0800b298                HAL_RCC_MCOConfig
 .text.HAL_RCC_GetSysClockFreq
                0x0800b2ec       0x88 ./Drivers/STM32G0xx_HAL_Driver/Src/stm32g0xx_hal_rcc.o
                0x0800b2ec                HAL_RCC_GetSysClockFreq
 .text.HAL_RCC_ClockConfig
                0x0800b374      0x15c ./Drivers/STM32G0xx_HAL_Driver/Src/stm32g0xx_hal_rcc.o
                0x0800b374                HAL_RCC_ClockConfig
 .text.HAL_RCC_GetPCLK1Freq
                0x0800b4d0       0x28 ./Drivers/STM32G0xx_HAL_Driver/Src/stm32g0xx_hal_rcc.o
                0x0800b4d0                HAL_RCC_GetPCLK1Freq
 .text.HAL_RCCEx_PeriphCLKConfig
                0x0800b4f8      0x208 ./Drivers/STM32G0xx_HAL_Driver/Src/stm32g0xx_hal_rcc_ex.o
                0x0800b4f8                HAL_RCCEx_PeriphCLKConfig
 .text.SPI_WaitFlagStateUntilTimeout.constprop.0
                0x0800b700       0xb8 ./Drivers/STM32G0xx_HAL_Driver/Src/stm32g0xx_hal_spi.o
 .text.SPI_WaitFifoStateUntilTimeout.constprop.0
                0x0800b7b8       0xd8 ./Drivers/STM32G0xx_HAL_Driver/Src/stm32g0xx_hal_spi.o
 .text.SPI_EndRxTxTransaction
                0x0800b890       0x46 ./Drivers/STM32G0xx_HAL_Driver/Src/stm32g0xx_hal_spi.o
 *fill*         0x0800b8d6        0x2 
 .text.HAL_SPI_Init
                0x0800b8d8       0xf0 ./Drivers/STM32G0xx_HAL_Driver/Src/stm32g0xx_hal_spi.o
                0x0800b8d8                HAL_SPI_Init
 .text.HAL_SPI_Transmit
                0x0800b9c8      0x17a ./Drivers/STM32G0xx_HAL_Driver/Src/stm32g0xx_hal_spi.o
                0x0800b9c8                HAL_SPI_Transmit
 *fill*         0x0800bb42        0x2 
 .text.HAL_SPI_TransmitReceive
                0x0800bb44      0x200 ./Drivers/STM32G0xx_HAL_Driver/Src/stm32g0xx_hal_spi.o
                0x0800bb44                HAL_SPI_TransmitReceive
 .text.HAL_SPI_ErrorCallback
                0x0800bd44        0x2 ./Drivers/STM32G0xx_HAL_Driver/Src/stm32g0xx_hal_spi.o
                0x0800bd44                HAL_SPI_ErrorCallback
 *fill*         0x0800bd46        0x2 
 .text.HAL_SPI_IRQHandler
                0x0800bd48      0x108 ./Drivers/STM32G0xx_HAL_Driver/Src/stm32g0xx_hal_spi.o
                0x0800bd48                HAL_SPI_IRQHandler
 .text.SPI_DMAAbortOnError
                0x0800be50       0x14 ./Drivers/STM32G0xx_HAL_Driver/Src/stm32g0xx_hal_spi.o
 .text.HAL_TIM_Base_Start_IT
                0x0800be64       0x68 ./Drivers/STM32G0xx_HAL_Driver/Src/stm32g0xx_hal_tim.o
                0x0800be64                HAL_TIM_Base_Start_IT
 .text.HAL_TIM_ReadCapturedValue
                0x0800becc       0x2e ./Drivers/STM32G0xx_HAL_Driver/Src/stm32g0xx_hal_tim.o
                0x0800becc                HAL_TIM_ReadCapturedValue
 .text.HAL_TIM_OC_DelayElapsedCallback
                0x0800befa        0x2 ./Drivers/STM32G0xx_HAL_Driver/Src/stm32g0xx_hal_tim.o
                0x0800befa                HAL_TIM_OC_DelayElapsedCallback
 .text.HAL_TIM_PWM_PulseFinishedCallback
                0x0800befc        0x2 ./Drivers/STM32G0xx_HAL_Driver/Src/stm32g0xx_hal_tim.o
                0x0800befc                HAL_TIM_PWM_PulseFinishedCallback
 .text.HAL_TIM_TriggerCallback
                0x0800befe        0x2 ./Drivers/STM32G0xx_HAL_Driver/Src/stm32g0xx_hal_tim.o
                0x0800befe                HAL_TIM_TriggerCallback
 .text.HAL_TIM_IRQHandler
                0x0800bf00      0x168 ./Drivers/STM32G0xx_HAL_Driver/Src/stm32g0xx_hal_tim.o
                0x0800bf00                HAL_TIM_IRQHandler
 .text.TIM_Base_SetConfig
                0x0800c068       0xa0 ./Drivers/STM32G0xx_HAL_Driver/Src/stm32g0xx_hal_tim.o
                0x0800c068                TIM_Base_SetConfig
 .text.HAL_TIM_Base_Init
                0x0800c108       0x54 ./Drivers/STM32G0xx_HAL_Driver/Src/stm32g0xx_hal_tim.o
                0x0800c108                HAL_TIM_Base_Init
 .text.HAL_TIM_IC_Init
                0x0800c15c       0x54 ./Drivers/STM32G0xx_HAL_Driver/Src/stm32g0xx_hal_tim.o
                0x0800c15c                HAL_TIM_IC_Init
 .text.TIM_TI1_SetConfig
                0x0800c1b0       0x5c ./Drivers/STM32G0xx_HAL_Driver/Src/stm32g0xx_hal_tim.o
                0x0800c1b0                TIM_TI1_SetConfig
 .text.HAL_TIM_IC_ConfigChannel
                0x0800c20c      0x150 ./Drivers/STM32G0xx_HAL_Driver/Src/stm32g0xx_hal_tim.o
                0x0800c20c                HAL_TIM_IC_ConfigChannel
 .text.TIM_ETR_SetConfig
                0x0800c35c       0x18 ./Drivers/STM32G0xx_HAL_Driver/Src/stm32g0xx_hal_tim.o
                0x0800c35c                TIM_ETR_SetConfig
 .text.HAL_TIM_ConfigClockSource
                0x0800c374      0x130 ./Drivers/STM32G0xx_HAL_Driver/Src/stm32g0xx_hal_tim.o
                0x0800c374                HAL_TIM_ConfigClockSource
 .text.TIM_CCxChannelCmd
                0x0800c4a4       0x1a ./Drivers/STM32G0xx_HAL_Driver/Src/stm32g0xx_hal_tim.o
                0x0800c4a4                TIM_CCxChannelCmd
 *fill*         0x0800c4be        0x2 
 .text.HAL_TIM_IC_Start_IT
                0x0800c4c0      0x134 ./Drivers/STM32G0xx_HAL_Driver/Src/stm32g0xx_hal_tim.o
                0x0800c4c0                HAL_TIM_IC_Start_IT
 .text.HAL_TIMEx_MasterConfigSynchronization
                0x0800c5f4       0x74 ./Drivers/STM32G0xx_HAL_Driver/Src/stm32g0xx_hal_tim_ex.o
                0x0800c5f4                HAL_TIMEx_MasterConfigSynchronization
 .text.HAL_TIMEx_CommutCallback
                0x0800c668        0x2 ./Drivers/STM32G0xx_HAL_Driver/Src/stm32g0xx_hal_tim_ex.o
                0x0800c668                HAL_TIMEx_CommutCallback
 .text.HAL_TIMEx_BreakCallback
                0x0800c66a        0x2 ./Drivers/STM32G0xx_HAL_Driver/Src/stm32g0xx_hal_tim_ex.o
                0x0800c66a                HAL_TIMEx_BreakCallback
 .text.HAL_TIMEx_Break2Callback
                0x0800c66c        0x2 ./Drivers/STM32G0xx_HAL_Driver/Src/stm32g0xx_hal_tim_ex.o
                0x0800c66c                HAL_TIMEx_Break2Callback
 *fill*         0x0800c66e        0x2 
 .text.UART_EndTxTransfer
                0x0800c670       0x3c ./Drivers/STM32G0xx_HAL_Driver/Src/stm32g0xx_hal_uart.o
 .text.UART_EndRxTransfer
                0x0800c6ac       0x64 ./Drivers/STM32G0xx_HAL_Driver/Src/stm32g0xx_hal_uart.o
 .text.HAL_UART_DMAStop
                0x0800c710       0xa4 ./Drivers/STM32G0xx_HAL_Driver/Src/stm32g0xx_hal_uart.o
                0x0800c710                HAL_UART_DMAStop
 .text.HAL_UART_AbortReceive
                0x0800c7b4       0xc0 ./Drivers/STM32G0xx_HAL_Driver/Src/stm32g0xx_hal_uart.o
                0x0800c7b4                HAL_UART_AbortReceive
 .text.HAL_UART_TxCpltCallback
                0x0800c874        0x2 ./Drivers/STM32G0xx_HAL_Driver/Src/stm32g0xx_hal_uart.o
                0x0800c874                HAL_UART_TxCpltCallback
 .text.HAL_UART_RxHalfCpltCallback
                0x0800c876        0x2 ./Drivers/STM32G0xx_HAL_Driver/Src/stm32g0xx_hal_uart.o
                0x0800c876                HAL_UART_RxHalfCpltCallback
 .text.UART_DMAError
                0x0800c878       0x56 ./Drivers/STM32G0xx_HAL_Driver/Src/stm32g0xx_hal_uart.o
 .text.UART_DMAAbortOnError
                0x0800c8ce       0x16 ./Drivers/STM32G0xx_HAL_Driver/Src/stm32g0xx_hal_uart.o
 .text.HAL_UARTEx_RxEventCallback
                0x0800c8e4        0x2 ./Drivers/STM32G0xx_HAL_Driver/Src/stm32g0xx_hal_uart.o
                0x0800c8e4                HAL_UARTEx_RxEventCallback
 *fill*         0x0800c8e6        0x2 
 .text.HAL_UART_IRQHandler
                0x0800c8e8      0x32c ./Drivers/STM32G0xx_HAL_Driver/Src/stm32g0xx_hal_uart.o
                0x0800c8e8                HAL_UART_IRQHandler
 .text.UART_RxISR_8BIT
                0x0800cc14       0xb0 ./Drivers/STM32G0xx_HAL_Driver/Src/stm32g0xx_hal_uart.o
 .text.UART_RxISR_16BIT
                0x0800ccc4       0xb0 ./Drivers/STM32G0xx_HAL_Driver/Src/stm32g0xx_hal_uart.o
 .text.UART_RxISR_8BIT_FIFOEN
                0x0800cd74      0x1a4 ./Drivers/STM32G0xx_HAL_Driver/Src/stm32g0xx_hal_uart.o
 .text.UART_RxISR_16BIT_FIFOEN
                0x0800cf18      0x1a0 ./Drivers/STM32G0xx_HAL_Driver/Src/stm32g0xx_hal_uart.o
 .text.UART_DMARxHalfCplt
                0x0800d0b8       0x1e ./Drivers/STM32G0xx_HAL_Driver/Src/stm32g0xx_hal_uart.o
 *fill*         0x0800d0d6        0x2 
 .text.UART_DMAReceiveCplt
                0x0800d0d8       0x9c ./Drivers/STM32G0xx_HAL_Driver/Src/stm32g0xx_hal_uart.o
 .text.UART_SetConfig
                0x0800d174      0x230 ./Drivers/STM32G0xx_HAL_Driver/Src/stm32g0xx_hal_uart.o
                0x0800d174                UART_SetConfig
 .text.UART_AdvFeatureConfig
                0x0800d3a4       0xd0 ./Drivers/STM32G0xx_HAL_Driver/Src/stm32g0xx_hal_uart.o
                0x0800d3a4                UART_AdvFeatureConfig
 .text.UART_WaitOnFlagUntilTimeout
                0x0800d474       0xcc ./Drivers/STM32G0xx_HAL_Driver/Src/stm32g0xx_hal_uart.o
                0x0800d474                UART_WaitOnFlagUntilTimeout
 .text.HAL_UART_Transmit
                0x0800d540       0xe4 ./Drivers/STM32G0xx_HAL_Driver/Src/stm32g0xx_hal_uart.o
                0x0800d540                HAL_UART_Transmit
 .text.UART_CheckIdleState
                0x0800d624       0x6c ./Drivers/STM32G0xx_HAL_Driver/Src/stm32g0xx_hal_uart.o
                0x0800d624                UART_CheckIdleState
 .text.HAL_UART_Init
                0x0800d690       0x68 ./Drivers/STM32G0xx_HAL_Driver/Src/stm32g0xx_hal_uart.o
                0x0800d690                HAL_UART_Init
 .text.UART_Start_Receive_IT
                0x0800d6f8      0x138 ./Drivers/STM32G0xx_HAL_Driver/Src/stm32g0xx_hal_uart.o
                0x0800d6f8                UART_Start_Receive_IT
 .text.HAL_UART_Receive_IT
                0x0800d830       0x78 ./Drivers/STM32G0xx_HAL_Driver/Src/stm32g0xx_hal_uart.o
                0x0800d830                HAL_UART_Receive_IT
 .text.UART_Start_Receive_DMA
                0x0800d8a8       0xbc ./Drivers/STM32G0xx_HAL_Driver/Src/stm32g0xx_hal_uart.o
                0x0800d8a8                UART_Start_Receive_DMA
 .text.HAL_UART_Receive_DMA
                0x0800d964       0x78 ./Drivers/STM32G0xx_HAL_Driver/Src/stm32g0xx_hal_uart.o
                0x0800d964                HAL_UART_Receive_DMA
 .text.UARTEx_SetNbDataToProcess
                0x0800d9dc       0x50 ./Drivers/STM32G0xx_HAL_Driver/Src/stm32g0xx_hal_uart_ex.o
 .text.HAL_UARTEx_WakeupCallback
                0x0800da2c        0x2 ./Drivers/STM32G0xx_HAL_Driver/Src/stm32g0xx_hal_uart_ex.o
                0x0800da2c                HAL_UARTEx_WakeupCallback
 .text.HAL_UARTEx_RxFifoFullCallback
                0x0800da2e        0x2 ./Drivers/STM32G0xx_HAL_Driver/Src/stm32g0xx_hal_uart_ex.o
                0x0800da2e                HAL_UARTEx_RxFifoFullCallback
 .text.HAL_UARTEx_TxFifoEmptyCallback
                0x0800da30        0x2 ./Drivers/STM32G0xx_HAL_Driver/Src/stm32g0xx_hal_uart_ex.o
                0x0800da30                HAL_UARTEx_TxFifoEmptyCallback
 *fill*         0x0800da32        0x2 
 .text.HAL_UARTEx_DisableFifoMode
                0x0800da34       0x3c ./Drivers/STM32G0xx_HAL_Driver/Src/stm32g0xx_hal_uart_ex.o
                0x0800da34                HAL_UARTEx_DisableFifoMode
 .text.HAL_UARTEx_SetTxFifoThreshold
                0x0800da70       0x40 ./Drivers/STM32G0xx_HAL_Driver/Src/stm32g0xx_hal_uart_ex.o
                0x0800da70                HAL_UARTEx_SetTxFifoThreshold
 .text.HAL_UARTEx_SetRxFifoThreshold
                0x0800dab0       0x44 ./Drivers/STM32G0xx_HAL_Driver/Src/stm32g0xx_hal_uart_ex.o
                0x0800dab0                HAL_UARTEx_SetRxFifoThreshold
 .text.MX_FATFS_Init
                0x0800daf4       0x28 ./FATFS/App/app_fatfs.o
                0x0800daf4                MX_FATFS_Init
 .text.get_fattime
                0x0800db1c        0x4 ./FATFS/App/app_fatfs.o
                0x0800db1c                get_fattime
 .text.USER_initialize
                0x0800db20        0x8 ./FATFS/Target/user_diskio.o
                0x0800db20                USER_initialize
 .text.USER_status
                0x0800db28        0x8 ./FATFS/Target/user_diskio.o
                0x0800db28                USER_status
 .text.USER_read
                0x0800db30        0x8 ./FATFS/Target/user_diskio.o
                0x0800db30                USER_read
 .text.USER_write
                0x0800db38        0x8 ./FATFS/Target/user_diskio.o
                0x0800db38                USER_write
 .text.USER_ioctl
                0x0800db40        0x8 ./FATFS/Target/user_diskio.o
                0x0800db40                USER_ioctl
 .text.disk_status
                0x0800db48       0x1c ./Middlewares/Third_Party/FatFs/src/diskio.o
                0x0800db48                disk_status
 .text.disk_initialize
                0x0800db64       0x28 ./Middlewares/Third_Party/FatFs/src/diskio.o
                0x0800db64                disk_initialize
 .text.disk_read
                0x0800db8c       0x1c ./Middlewares/Third_Party/FatFs/src/diskio.o
                0x0800db8c                disk_read
 .text.disk_write
                0x0800dba8       0x1c ./Middlewares/Third_Party/FatFs/src/diskio.o
                0x0800dba8                disk_write
 .text.disk_ioctl
                0x0800dbc4       0x1c ./Middlewares/Third_Party/FatFs/src/diskio.o
                0x0800dbc4                disk_ioctl
 .text.ld_dword
                0x0800dbe0       0x16 ./Middlewares/Third_Party/FatFs/src/ff.o
 .text.st_dword
                0x0800dbf6       0x10 ./Middlewares/Third_Party/FatFs/src/ff.o
 .text.mem_set  0x0800dc06        0xc ./Middlewares/Third_Party/FatFs/src/ff.o
 *fill*         0x0800dc12        0x2 
 .text.chk_lock
                0x0800dc14       0x74 ./Middlewares/Third_Party/FatFs/src/ff.o
 .text.inc_lock
                0x0800dc88       0x8c ./Middlewares/Third_Party/FatFs/src/ff.o
 .text.dec_lock
                0x0800dd14       0x3c ./Middlewares/Third_Party/FatFs/src/ff.o
 .text.clear_lock
                0x0800dd50       0x1c ./Middlewares/Third_Party/FatFs/src/ff.o
 .text.clust2sect
                0x0800dd6c       0x18 ./Middlewares/Third_Party/FatFs/src/ff.o
 .text.clmt_clust
                0x0800dd84       0x30 ./Middlewares/Third_Party/FatFs/src/ff.o
 .text.get_ldnumber
                0x0800ddb4       0x2c ./Middlewares/Third_Party/FatFs/src/ff.o
 .text.validate
                0x0800dde0       0x3c ./Middlewares/Third_Party/FatFs/src/ff.o
 .text.sync_window
                0x0800de1c       0x4e ./Middlewares/Third_Party/FatFs/src/ff.o
 .text.mem_cpy.part.0
                0x0800de6a       0x10 ./Middlewares/Third_Party/FatFs/src/ff.o
 .text.st_clust
                0x0800de7a       0x18 ./Middlewares/Third_Party/FatFs/src/ff.o
 .text.move_window
                0x0800de92       0x34 ./Middlewares/Third_Party/FatFs/src/ff.o
 *fill*         0x0800dec6        0x2 
 .text.check_fs
                0x0800dec8       0x88 ./Middlewares/Third_Party/FatFs/src/ff.o
 .text.find_volume
                0x0800df50      0x310 ./Middlewares/Third_Party/FatFs/src/ff.o
 .text.put_fat  0x0800e260      0x132 ./Middlewares/Third_Party/FatFs/src/ff.o
 *fill*         0x0800e392        0x2 
 .text.sync_fs  0x0800e394       0xac ./Middlewares/Third_Party/FatFs/src/ff.o
 .text.ld_clust.isra.0
                0x0800e440       0x1c ./Middlewares/Third_Party/FatFs/src/ff.o
 .text.get_fat.isra.0
                0x0800e45c       0xf0 ./Middlewares/Third_Party/FatFs/src/ff.o
 .text.dir_sdi.constprop.0
                0x0800e54c       0x6c ./Middlewares/Third_Party/FatFs/src/ff.o
 .text.remove_chain
                0x0800e5b8       0x72 ./Middlewares/Third_Party/FatFs/src/ff.o
 .text.create_chain
                0x0800e62a       0xb0 ./Middlewares/Third_Party/FatFs/src/ff.o
 .text.dir_next
                0x0800e6da       0xf0 ./Middlewares/Third_Party/FatFs/src/ff.o
 *fill*         0x0800e7ca        0x2 
 .text.follow_path
                0x0800e7cc      0x18c ./Middlewares/Third_Party/FatFs/src/ff.o
 .text.dir_register
                0x0800e958       0x62 ./Middlewares/Third_Party/FatFs/src/ff.o
 *fill*         0x0800e9ba        0x2 
 .text.f_mount  0x0800e9bc       0x54 ./Middlewares/Third_Party/FatFs/src/ff.o
                0x0800e9bc                f_mount
 .text.f_open   0x0800ea10      0x204 ./Middlewares/Third_Party/FatFs/src/ff.o
                0x0800ea10                f_open
 .text.f_write  0x0800ec14      0x1b6 ./Middlewares/Third_Party/FatFs/src/ff.o
                0x0800ec14                f_write
 .text.putc_bfd
                0x0800edca       0x42 ./Middlewares/Third_Party/FatFs/src/ff.o
 .text.putc_flush
                0x0800ee0c       0x2c ./Middlewares/Third_Party/FatFs/src/ff.o
 .text.f_sync   0x0800ee38       0x98 ./Middlewares/Third_Party/FatFs/src/ff.o
                0x0800ee38                f_sync
 .text.f_close  0x0800eed0       0x26 ./Middlewares/Third_Party/FatFs/src/ff.o
                0x0800eed0                f_close
 .text.f_lseek  0x0800eef6      0x26a ./Middlewares/Third_Party/FatFs/src/ff.o
                0x0800eef6                f_lseek
 .text.f_puts   0x0800f160       0x28 ./Middlewares/Third_Party/FatFs/src/ff.o
                0x0800f160                f_puts
 .text.FATFS_LinkDriverEx
                0x0800f188       0x40 ./Middlewares/Third_Party/FatFs/src/ff_gen_drv.o
                0x0800f188                FATFS_LinkDriverEx
 .text.FATFS_LinkDriver
                0x0800f1c8        0xa ./Middlewares/Third_Party/FatFs/src/ff_gen_drv.o
                0x0800f1c8                FATFS_LinkDriver
 *fill*         0x0800f1d2        0x2 
 .text.snprintf
                0x0800f1d4       0x68 C:/ST/STM32CubeIDE_1.16.0/STM32CubeIDE/plugins/com.st.stm32cube.ide.mcu.externaltools.gnu-tools-for-stm32.12.3.rel1.win32_1.0.200.202406191623/tools/bin/../lib/gcc/arm-none-eabi/12.3.1/../../../../arm-none-eabi/lib/thumb/v6-m/nofp\libc_nano.a(libc_a-snprintf.o)
                0x0800f1d4                sniprintf
                0x0800f1d4                snprintf
 .text.memcmp   0x0800f23c       0x1c C:/ST/STM32CubeIDE_1.16.0/STM32CubeIDE/plugins/com.st.stm32cube.ide.mcu.externaltools.gnu-tools-for-stm32.12.3.rel1.win32_1.0.200.202406191623/tools/bin/../lib/gcc/arm-none-eabi/12.3.1/../../../../arm-none-eabi/lib/thumb/v6-m/nofp\libc_nano.a(libc_a-memcmp.o)
                0x0800f23c                memcmp
 .text.memset   0x0800f258       0x10 C:/ST/STM32CubeIDE_1.16.0/STM32CubeIDE/plugins/com.st.stm32cube.ide.mcu.externaltools.gnu-tools-for-stm32.12.3.rel1.win32_1.0.200.202406191623/tools/bin/../lib/gcc/arm-none-eabi/12.3.1/../../../../arm-none-eabi/lib/thumb/v6-m/nofp\libc_nano.a(libc_a-memset.o)
                0x0800f258                memset
 .text.__errno  0x0800f268        0xc C:/ST/STM32CubeIDE_1.16.0/STM32CubeIDE/plugins/com.st.stm32cube.ide.mcu.externaltools.gnu-tools-for-stm32.12.3.rel1.win32_1.0.200.202406191623/tools/bin/../lib/gcc/arm-none-eabi/12.3.1/../../../../arm-none-eabi/lib/thumb/v6-m/nofp\libc_nano.a(libc_a-errno.o)
                0x0800f268                __errno
 .text.__libc_init_array
                0x0800f274       0x48 C:/ST/STM32CubeIDE_1.16.0/STM32CubeIDE/plugins/com.st.stm32cube.ide.mcu.externaltools.gnu-tools-for-stm32.12.3.rel1.win32_1.0.200.202406191623/tools/bin/../lib/gcc/arm-none-eabi/12.3.1/../../../../arm-none-eabi/lib/thumb/v6-m/nofp\libc_nano.a(libc_a-init.o)
                0x0800f274                __libc_init_array
 .text.__retarget_lock_acquire_recursive
                0x0800f2bc        0x2 C:/ST/STM32CubeIDE_1.16.0/STM32CubeIDE/plugins/com.st.stm32cube.ide.mcu.externaltools.gnu-tools-for-stm32.12.3.rel1.win32_1.0.200.202406191623/tools/bin/../lib/gcc/arm-none-eabi/12.3.1/../../../../arm-none-eabi/lib/thumb/v6-m/nofp\libc_nano.a(libc_a-lock.o)
                0x0800f2bc                __retarget_lock_acquire_recursive
 .text.__retarget_lock_release_recursive
                0x0800f2be        0x2 C:/ST/STM32CubeIDE_1.16.0/STM32CubeIDE/plugins/com.st.stm32cube.ide.mcu.externaltools.gnu-tools-for-stm32.12.3.rel1.win32_1.0.200.202406191623/tools/bin/../lib/gcc/arm-none-eabi/12.3.1/../../../../arm-none-eabi/lib/thumb/v6-m/nofp\libc_nano.a(libc_a-lock.o)
                0x0800f2be                __retarget_lock_release_recursive
 .text.strcpy   0x0800f2c0       0x10 C:/ST/STM32CubeIDE_1.16.0/STM32CubeIDE/plugins/com.st.stm32cube.ide.mcu.externaltools.gnu-tools-for-stm32.12.3.rel1.win32_1.0.200.202406191623/tools/bin/../lib/gcc/arm-none-eabi/12.3.1/../../../../arm-none-eabi/lib/thumb/v6-m/nofp\libc_nano.a(libc_a-strcpy.o)
                0x0800f2c0                strcpy
 .text.memcpy   0x0800f2d0       0x12 C:/ST/STM32CubeIDE_1.16.0/STM32CubeIDE/plugins/com.st.stm32cube.ide.mcu.externaltools.gnu-tools-for-stm32.12.3.rel1.win32_1.0.200.202406191623/tools/bin/../lib/gcc/arm-none-eabi/12.3.1/../../../../arm-none-eabi/lib/thumb/v6-m/nofp\libc_nano.a(libc_a-memcpy-stub.o)
                0x0800f2d0                memcpy
 *fill*         0x0800f2e2        0x2 
 .text._free_r  0x0800f2e4       0x94 C:/ST/STM32CubeIDE_1.16.0/STM32CubeIDE/plugins/com.st.stm32cube.ide.mcu.externaltools.gnu-tools-for-stm32.12.3.rel1.win32_1.0.200.202406191623/tools/bin/../lib/gcc/arm-none-eabi/12.3.1/../../../../arm-none-eabi/lib/thumb/v6-m/nofp\libc_nano.a(libc_a-freer.o)
                0x0800f2e4                _free_r
 .text.sbrk_aligned
                0x0800f378       0x44 C:/ST/STM32CubeIDE_1.16.0/STM32CubeIDE/plugins/com.st.stm32cube.ide.mcu.externaltools.gnu-tools-for-stm32.12.3.rel1.win32_1.0.200.202406191623/tools/bin/../lib/gcc/arm-none-eabi/12.3.1/../../../../arm-none-eabi/lib/thumb/v6-m/nofp\libc_nano.a(libc_a-mallocr.o)
 .text._malloc_r
                0x0800f3bc      0x100 C:/ST/STM32CubeIDE_1.16.0/STM32CubeIDE/plugins/com.st.stm32cube.ide.mcu.externaltools.gnu-tools-for-stm32.12.3.rel1.win32_1.0.200.202406191623/tools/bin/../lib/gcc/arm-none-eabi/12.3.1/../../../../arm-none-eabi/lib/thumb/v6-m/nofp\libc_nano.a(libc_a-mallocr.o)
                0x0800f3bc                _malloc_r
 .text.__malloc_lock
                0x0800f4bc       0x10 C:/ST/STM32CubeIDE_1.16.0/STM32CubeIDE/plugins/com.st.stm32cube.ide.mcu.externaltools.gnu-tools-for-stm32.12.3.rel1.win32_1.0.200.202406191623/tools/bin/../lib/gcc/arm-none-eabi/12.3.1/../../../../arm-none-eabi/lib/thumb/v6-m/nofp\libc_nano.a(libc_a-mlock.o)
                0x0800f4bc                __malloc_lock
 .text.__malloc_unlock
                0x0800f4cc       0x10 C:/ST/STM32CubeIDE_1.16.0/STM32CubeIDE/plugins/com.st.stm32cube.ide.mcu.externaltools.gnu-tools-for-stm32.12.3.rel1.win32_1.0.200.202406191623/tools/bin/../lib/gcc/arm-none-eabi/12.3.1/../../../../arm-none-eabi/lib/thumb/v6-m/nofp\libc_nano.a(libc_a-mlock.o)
                0x0800f4cc                __malloc_unlock
 .text.__ssputs_r
                0x0800f4dc       0xc0 C:/ST/STM32CubeIDE_1.16.0/STM32CubeIDE/plugins/com.st.stm32cube.ide.mcu.externaltools.gnu-tools-for-stm32.12.3.rel1.win32_1.0.200.202406191623/tools/bin/../lib/gcc/arm-none-eabi/12.3.1/../../../../arm-none-eabi/lib/thumb/v6-m/nofp\libc_nano.a(libc_a-nano-svfprintf.o)
                0x0800f4dc                __ssputs_r
 .text._svfprintf_r
                0x0800f59c      0x1fc C:/ST/STM32CubeIDE_1.16.0/STM32CubeIDE/plugins/com.st.stm32cube.ide.mcu.externaltools.gnu-tools-for-stm32.12.3.rel1.win32_1.0.200.202406191623/tools/bin/../lib/gcc/arm-none-eabi/12.3.1/../../../../arm-none-eabi/lib/thumb/v6-m/nofp\libc_nano.a(libc_a-nano-svfprintf.o)
                0x0800f59c                _svfiprintf_r
                0x0800f59c                _svfprintf_r
 .text._printf_common
                0x0800f798       0xde C:/ST/STM32CubeIDE_1.16.0/STM32CubeIDE/plugins/com.st.stm32cube.ide.mcu.externaltools.gnu-tools-for-stm32.12.3.rel1.win32_1.0.200.202406191623/tools/bin/../lib/gcc/arm-none-eabi/12.3.1/../../../../arm-none-eabi/lib/thumb/v6-m/nofp\libc_nano.a(libc_a-nano-vfprintf_i.o)
                0x0800f798                _printf_common
 *fill*         0x0800f876        0x2 
 .text._printf_i
                0x0800f878      0x21c C:/ST/STM32CubeIDE_1.16.0/STM32CubeIDE/plugins/com.st.stm32cube.ide.mcu.externaltools.gnu-tools-for-stm32.12.3.rel1.win32_1.0.200.202406191623/tools/bin/../lib/gcc/arm-none-eabi/12.3.1/../../../../arm-none-eabi/lib/thumb/v6-m/nofp\libc_nano.a(libc_a-nano-vfprintf_i.o)
                0x0800f878                _printf_i
 .text.memmove  0x0800fa94       0x26 C:/ST/STM32CubeIDE_1.16.0/STM32CubeIDE/plugins/com.st.stm32cube.ide.mcu.externaltools.gnu-tools-for-stm32.12.3.rel1.win32_1.0.200.202406191623/tools/bin/../lib/gcc/arm-none-eabi/12.3.1/../../../../arm-none-eabi/lib/thumb/v6-m/nofp\libc_nano.a(libc_a-memmove.o)
                0x0800fa94                memmove
 *fill*         0x0800faba        0x2 
 .text._sbrk_r  0x0800fabc       0x24 C:/ST/STM32CubeIDE_1.16.0/STM32CubeIDE/plugins/com.st.stm32cube.ide.mcu.externaltools.gnu-tools-for-stm32.12.3.rel1.win32_1.0.200.202406191623/tools/bin/../lib/gcc/arm-none-eabi/12.3.1/../../../../arm-none-eabi/lib/thumb/v6-m/nofp\libc_nano.a(libc_a-sbrkr.o)
                0x0800fabc                _sbrk_r
 .text.memchr   0x0800fae0       0x16 C:/ST/STM32CubeIDE_1.16.0/STM32CubeIDE/plugins/com.st.stm32cube.ide.mcu.externaltools.gnu-tools-for-stm32.12.3.rel1.win32_1.0.200.202406191623/tools/bin/../lib/gcc/arm-none-eabi/12.3.1/../../../../arm-none-eabi/lib/thumb/v6-m/nofp\libc_nano.a(libc_a-memchr-stub.o)
                0x0800fae0                memchr
 .text._realloc_r
                0x0800faf6       0x5e C:/ST/STM32CubeIDE_1.16.0/STM32CubeIDE/plugins/com.st.stm32cube.ide.mcu.externaltools.gnu-tools-for-stm32.12.3.rel1.win32_1.0.200.202406191623/tools/bin/../lib/gcc/arm-none-eabi/12.3.1/../../../../arm-none-eabi/lib/thumb/v6-m/nofp\libc_nano.a(libc_a-reallocr.o)
                0x0800faf6                _realloc_r
 .text._malloc_usable_size_r
                0x0800fb54       0x10 C:/ST/STM32CubeIDE_1.16.0/STM32CubeIDE/plugins/com.st.stm32cube.ide.mcu.externaltools.gnu-tools-for-stm32.12.3.rel1.win32_1.0.200.202406191623/tools/bin/../lib/gcc/arm-none-eabi/12.3.1/../../../../arm-none-eabi/lib/thumb/v6-m/nofp\libc_nano.a(libc_a-msizer.o)
                0x0800fb54                _malloc_usable_size_r
 *(.glue_7)
 .glue_7        0x0800fb64        0x0 linker stubs
 *(.glue_7t)
 .glue_7t       0x0800fb64        0x0 linker stubs
 *(.eh_frame)
 .eh_frame      0x0800fb64        0x0 C:/ST/STM32CubeIDE_1.16.0/STM32CubeIDE/plugins/com.st.stm32cube.ide.mcu.externaltools.gnu-tools-for-stm32.12.3.rel1.win32_1.0.200.202406191623/tools/bin/../lib/gcc/arm-none-eabi/12.3.1/thumb/v6-m/nofp/crtbegin.o
 *(.init)
 .init          0x0800fb64        0x4 C:/ST/STM32CubeIDE_1.16.0/STM32CubeIDE/plugins/com.st.stm32cube.ide.mcu.externaltools.gnu-tools-for-stm32.12.3.rel1.win32_1.0.200.202406191623/tools/bin/../lib/gcc/arm-none-eabi/12.3.1/thumb/v6-m/nofp/crti.o
                0x0800fb64                _init
 .init          0x0800fb68        0x8 C:/ST/STM32CubeIDE_1.16.0/STM32CubeIDE/plugins/com.st.stm32cube.ide.mcu.externaltools.gnu-tools-for-stm32.12.3.rel1.win32_1.0.200.202406191623/tools/bin/../lib/gcc/arm-none-eabi/12.3.1/thumb/v6-m/nofp/crtn.o
 *(.fini)
 .fini          0x0800fb70        0x4 C:/ST/STM32CubeIDE_1.16.0/STM32CubeIDE/plugins/com.st.stm32cube.ide.mcu.externaltools.gnu-tools-for-stm32.12.3.rel1.win32_1.0.200.202406191623/tools/bin/../lib/gcc/arm-none-eabi/12.3.1/thumb/v6-m/nofp/crti.o
                0x0800fb70                _fini
 .fini          0x0800fb74        0x8 C:/ST/STM32CubeIDE_1.16.0/STM32CubeIDE/plugins/com.st.stm32cube.ide.mcu.externaltools.gnu-tools-for-stm32.12.3.rel1.win32_1.0.200.202406191623/tools/bin/../lib/gcc/arm-none-eabi/12.3.1/thumb/v6-m/nofp/crtn.o
                0x0800fb7c                        . = ALIGN (0x4)
                0x0800fb7c                        _etext = .

.vfp11_veneer   0x0800fb7c        0x0
 .vfp11_veneer  0x0800fb7c        0x0 linker stubs

.v4_bx          0x0800fb7c        0x0
 .v4_bx         0x0800fb7c        0x0 linker stubs

.iplt           0x0800fb7c        0x0
 .iplt          0x0800fb7c        0x0 C:/ST/STM32CubeIDE_1.16.0/STM32CubeIDE/plugins/com.st.stm32cube.ide.mcu.externaltools.gnu-tools-for-stm32.12.3.rel1.win32_1.0.200.202406191623/tools/bin/../lib/gcc/arm-none-eabi/12.3.1/thumb/v6-m/nofp/crtbegin.o

.rodata         0x0800fb7c      0x690
                0x0800fb7c                        . = ALIGN (0x4)
 *(.rodata)
 .rodata        0x0800fb7c        0x8 ./Core/Src/main.o
 .rodata        0x0800fb84       0x1a ./Core/Src/pcf2129.o
 *fill*         0x0800fb9e        0x2 
 .rodata        0x0800fba0       0x7c C:/ST/STM32CubeIDE_1.16.0/STM32CubeIDE/plugins/com.st.stm32cube.ide.mcu.externaltools.gnu-tools-for-stm32.12.3.rel1.win32_1.0.200.202406191623/tools/bin/../lib/gcc/arm-none-eabi/12.3.1/thumb/v6-m/nofp\libgcc.a(divsf3.o)
 .rodata        0x0800fc1c       0x40 C:/ST/STM32CubeIDE_1.16.0/STM32CubeIDE/plugins/com.st.stm32cube.ide.mcu.externaltools.gnu-tools-for-stm32.12.3.rel1.win32_1.0.200.202406191623/tools/bin/../lib/gcc/arm-none-eabi/12.3.1/thumb/v6-m/nofp\libgcc.a(divdf3.o)
 *(.rodata*)
 .rodata.EventDebugLog.str1.1
                0x0800fc5c       0xfb ./Core/Src/main.o
 .rodata.time_update.str1.1
                0x0800fd57      0x20a ./Core/Src/main.o
 .rodata.Anti_Tamper_Handle.str1.1
                0x0800ff61       0x15 ./Core/Src/main.o
 .rodata.Fare_Calculation.str1.1
                0x0800ff76       0x5a ./Core/Src/main.o
 .rodata.main.str1.1
                0x0800ffd0       0x88 ./Core/Src/main.o
 .rodata.bcd2ascii.0
                0x08010058        0xa ./Core/Src/main.o
 .rodata.Dis_A  0x08010062        0xa ./Core/Src/main.o
                0x08010062                Dis_A
 .rodata.RD_Audio
                0x0801006c        0x7 ./Core/Src/main.o
                0x0801006c                RD_Audio
 .rodata.RD_extra_btn
                0x08010073        0x7 ./Core/Src/main.o
                0x08010073                RD_extra_btn
 .rodata.RD_Print
                0x0801007a        0x7 ./Core/Src/main.o
                0x0801007a                RD_Print
 .rodata.RD_Clear
                0x08010081        0x7 ./Core/Src/main.o
                0x08010081                RD_Clear
 .rodata.RD_Plus1
                0x08010088        0x7 ./Core/Src/main.o
                0x08010088                RD_Plus1
 .rodata.RD_Plus10
                0x0801008f        0x7 ./Core/Src/main.o
                0x0801008f                RD_Plus10
 .rodata.RD_Vacant
                0x08010096        0x7 ./Core/Src/main.o
                0x08010096                RD_Vacant
 .rodata.RD_Stop
                0x0801009d        0x7 ./Core/Src/main.o
                0x0801009d                RD_Stop
 .rodata.RD_Hired
                0x080100a4        0x7 ./Core/Src/main.o
                0x080100a4                RD_Hired
 .rodata.Add_Charge
                0x080100ab        0xa ./Core/Src/main.o
                0x080100ab                Add_Charge
 .rodata.Fee    0x080100b5        0xa ./Core/Src/main.o
                0x080100b5                Fee
 *fill*         0x080100bf        0x1 
 .rodata.APBPrescTable
                0x080100c0       0x20 ./Core/Src/system_stm32g0xx.o
                0x080100c0                APBPrescTable
 .rodata.AHBPrescTable
                0x080100e0       0x40 ./Core/Src/system_stm32g0xx.o
                0x080100e0                AHBPrescTable
 .rodata.UARTPrescTable
                0x08010120       0x18 ./Drivers/STM32G0xx_HAL_Driver/Src/stm32g0xx_hal_uart.o
                0x08010120                UARTPrescTable
 .rodata.denominator.0
                0x08010138        0x8 ./Drivers/STM32G0xx_HAL_Driver/Src/stm32g0xx_hal_uart_ex.o
 .rodata.numerator.1
                0x08010140        0x8 ./Drivers/STM32G0xx_HAL_Driver/Src/stm32g0xx_hal_uart_ex.o
 .rodata.follow_path.str1.1
                0x08010148        0xf ./Middlewares/Third_Party/FatFs/src/ff.o
 .rodata.ExCvt  0x08010157       0x80 ./Middlewares/Third_Party/FatFs/src/ff.o
 .rodata._svfprintf_r.str1.1
                0x080101d7       0x11 C:/ST/STM32CubeIDE_1.16.0/STM32CubeIDE/plugins/com.st.stm32cube.ide.mcu.externaltools.gnu-tools-for-stm32.12.3.rel1.win32_1.0.200.202406191623/tools/bin/../lib/gcc/arm-none-eabi/12.3.1/../../../../arm-none-eabi/lib/thumb/v6-m/nofp\libc_nano.a(libc_a-nano-svfprintf.o)
 .rodata._printf_i.str1.1
                0x080101e8       0x22 C:/ST/STM32CubeIDE_1.16.0/STM32CubeIDE/plugins/com.st.stm32cube.ide.mcu.externaltools.gnu-tools-for-stm32.12.3.rel1.win32_1.0.200.202406191623/tools/bin/../lib/gcc/arm-none-eabi/12.3.1/../../../../arm-none-eabi/lib/thumb/v6-m/nofp\libc_nano.a(libc_a-nano-vfprintf_i.o)
                0x0801020c                        . = ALIGN (0x4)
 *fill*         0x0801020a        0x2 

.ARM.extab      0x0801020c        0x0
                0x0801020c                        . = ALIGN (0x4)
 *(.ARM.extab* .gnu.linkonce.armextab.*)
                0x0801020c                        . = ALIGN (0x4)

.ARM            0x0801020c        0x8
                0x0801020c                        . = ALIGN (0x4)
                0x0801020c                        __exidx_start = .
 *(.ARM.exidx*)
 .ARM.exidx     0x0801020c        0x8 C:/ST/STM32CubeIDE_1.16.0/STM32CubeIDE/plugins/com.st.stm32cube.ide.mcu.externaltools.gnu-tools-for-stm32.12.3.rel1.win32_1.0.200.202406191623/tools/bin/../lib/gcc/arm-none-eabi/12.3.1/thumb/v6-m/nofp\libgcc.a(_udivmoddi4.o)
                0x08010214                        __exidx_end = .
                0x08010214                        . = ALIGN (0x4)

.rel.dyn        0x08010214        0x0
 .rel.iplt      0x08010214        0x0 C:/ST/STM32CubeIDE_1.16.0/STM32CubeIDE/plugins/com.st.stm32cube.ide.mcu.externaltools.gnu-tools-for-stm32.12.3.rel1.win32_1.0.200.202406191623/tools/bin/../lib/gcc/arm-none-eabi/12.3.1/thumb/v6-m/nofp/crtbegin.o

.preinit_array  0x08010214        0x0
                0x08010214                        . = ALIGN (0x4)
                0x08010214                        PROVIDE (__preinit_array_start = .)
 *(.preinit_array*)
                0x08010214                        PROVIDE (__preinit_array_end = .)
                0x08010214                        . = ALIGN (0x4)

.init_array     0x08010214        0x4
                0x08010214                        . = ALIGN (0x4)
                0x08010214                        PROVIDE (__init_array_start = .)
 *(SORT_BY_NAME(.init_array.*))
 *(.init_array*)
 .init_array    0x08010214        0x4 C:/ST/STM32CubeIDE_1.16.0/STM32CubeIDE/plugins/com.st.stm32cube.ide.mcu.externaltools.gnu-tools-for-stm32.12.3.rel1.win32_1.0.200.202406191623/tools/bin/../lib/gcc/arm-none-eabi/12.3.1/thumb/v6-m/nofp/crtbegin.o
                0x08010218                        PROVIDE (__init_array_end = .)
                0x08010218                        . = ALIGN (0x4)

.fini_array     0x08010218        0x4
                0x08010218                        . = ALIGN (0x4)
                [!provide]                        PROVIDE (__fini_array_start = .)
 *(SORT_BY_NAME(.fini_array.*))
 *(.fini_array*)
 .fini_array    0x08010218        0x4 C:/ST/STM32CubeIDE_1.16.0/STM32CubeIDE/plugins/com.st.stm32cube.ide.mcu.externaltools.gnu-tools-for-stm32.12.3.rel1.win32_1.0.200.202406191623/tools/bin/../lib/gcc/arm-none-eabi/12.3.1/thumb/v6-m/nofp/crtbegin.o
                [!provide]                        PROVIDE (__fini_array_end = .)
                0x0801021c                        . = ALIGN (0x4)
                0x0801021c                        _sidata = LOADADDR (.data)

.data           0x20000000      0x474 load address 0x0801021c
                0x20000000                        . = ALIGN (0x4)
                0x20000000                        _sdata = .
 *(.data)
 *(.data*)
 .data.Stat     0x20000000        0x1 ./Core/Src/fatfs_sd.o
 .data.flag_sp  0x20000001        0x1 ./Core/Src/main.o
                0x20000001                flag_sp
 .data.Flag_Audio_start
                0x20000002        0x1 ./Core/Src/main.o
                0x20000002                Flag_Audio_start
 .data.v_en_end
                0x20000003       0x20 ./Core/Src/main.o
                0x20000003                v_en_end
 .data.v_cn_end
                0x20000023       0x20 ./Core/Src/main.o
                0x20000023                v_cn_end
 .data.v_can_end
                0x20000043       0x20 ./Core/Src/main.o
                0x20000043                v_can_end
 .data.v_en_start
                0x20000063       0x14 ./Core/Src/main.o
                0x20000063                v_en_start
 .data.v_cn_start
                0x20000077       0x14 ./Core/Src/main.o
                0x20000077                v_cn_start
 .data.v_can_start
                0x2000008b       0x14 ./Core/Src/main.o
                0x2000008b                v_can_start
 .data.dtdata   0x2000009f       0x18 ./Core/Src/main.o
                0x2000009f                dtdata
 .data.data10   0x200000b7        0x9 ./Core/Src/main.o
                0x200000b7                data10
 .data.data09   0x200000c0        0x9 ./Core/Src/main.o
                0x200000c0                data09
 .data.data08   0x200000c9        0x9 ./Core/Src/main.o
                0x200000c9                data08
 .data.data07   0x200000d2        0x9 ./Core/Src/main.o
                0x200000d2                data07
 .data.data06   0x200000db        0x9 ./Core/Src/main.o
                0x200000db                data06
 .data.data05   0x200000e4        0x9 ./Core/Src/main.o
                0x200000e4                data05
 .data.data04   0x200000ed        0x9 ./Core/Src/main.o
                0x200000ed                data04
 .data.data03   0x200000f6        0x9 ./Core/Src/main.o
                0x200000f6                data03
 .data.data02   0x200000ff        0x9 ./Core/Src/main.o
                0x200000ff                data02
 .data.data01   0x20000108        0x9 ./Core/Src/main.o
                0x20000108                data01
 .data.tmsg10   0x20000111       0x17 ./Core/Src/main.o
                0x20000111                tmsg10
 .data.tmsg09   0x20000128       0x17 ./Core/Src/main.o
                0x20000128                tmsg09
 .data.tmsg08   0x2000013f       0x17 ./Core/Src/main.o
                0x2000013f                tmsg08
 .data.tmsg07   0x20000156       0x17 ./Core/Src/main.o
                0x20000156                tmsg07
 .data.tmsg06   0x2000016d       0x17 ./Core/Src/main.o
                0x2000016d                tmsg06
 .data.tmsg05   0x20000184       0x17 ./Core/Src/main.o
                0x20000184                tmsg05
 .data.tmsg04   0x2000019b       0x17 ./Core/Src/main.o
                0x2000019b                tmsg04
 .data.tmsg03   0x200001b2       0x17 ./Core/Src/main.o
                0x200001b2                tmsg03
 .data.tmsg02   0x200001c9       0x17 ./Core/Src/main.o
                0x200001c9                tmsg02
 .data.tmsg01   0x200001e0       0x17 ./Core/Src/main.o
                0x200001e0                tmsg01
 .data.C_Fare_Min
                0x200001f7        0xa ./Core/Src/main.o
                0x200001f7                C_Fare_Min
 .data.C_Fare_clear
                0x20000201        0x7 ./Core/Src/main.o
                0x20000201                C_Fare_clear
 .data.unlock_clear
                0x20000208        0xc ./Core/Src/main.o
                0x20000208                unlock_clear
 .data.Flag_alarm
                0x20000214        0x1 ./Core/Src/main.o
                0x20000214                Flag_alarm
 *fill*         0x20000215        0x1 
 .data.Speed_max
                0x20000216        0x2 ./Core/Src/main.o
                0x20000216                Speed_max
 .data.Speed_co
                0x20000218        0x2 ./Core/Src/main.o
                0x20000218                Speed_co
 .data.ck       0x2000021a        0x2 ./Core/Src/main.o
                0x2000021a                ck
 .data.hd2      0x2000021c        0x6 ./Core/Src/main.o
                0x2000021c                hd2
 .data.hd1      0x20000222        0x6 ./Core/Src/main.o
                0x20000222                hd1
 .data.zone     0x20000228        0x2 ./Core/Src/main.o
                0x20000228                zone
 .data.Flag_Tbox_Start
                0x2000022a        0x1 ./Core/Src/main.o
                0x2000022a                Flag_Tbox_Start
 .data.Flag_End_Record
                0x2000022b        0x1 ./Core/Src/main.o
                0x2000022b                Flag_End_Record
 .data.Flag_Printer_Start
                0x2000022c        0x1 ./Core/Src/main.o
                0x2000022c                Flag_Printer_Start
 .data.t_fare   0x2000022d        0xd ./Core/Src/main.o
                0x2000022d                t_fare
 .data.sub      0x2000023a        0xe ./Core/Src/main.o
                0x2000023a                sub
 .data.paid_min
                0x20000248        0xe ./Core/Src/main.o
                0x20000248                paid_min
 .data.paid_km  0x20000256        0xe ./Core/Src/main.o
                0x20000256                paid_km
 .data.total_km
                0x20000264        0xe ./Core/Src/main.o
                0x20000264                total_km
 .data.re_stop  0x20000272        0xe ./Core/Src/main.o
                0x20000272                re_stop
 .data.end      0x20000280        0xe ./Core/Src/main.o
                0x20000280                end
 .data.start    0x2000028e        0xe ./Core/Src/main.o
                0x2000028e                start
 .data.plate    0x2000029c        0xe ./Core/Src/main.o
                0x2000029c                plate
 .data.cmd      0x200002aa        0x6 ./Core/Src/main.o
                0x200002aa                cmd
 .data.uTx_Data
                0x200002b0        0x6 ./Core/Src/main.o
                0x200002b0                uTx_Data
 .data.enter    0x200002b6        0x2 ./Core/Src/main.o
                0x200002b6                enter
 .data.msg18    0x200002b8       0x10 ./Core/Src/main.o
                0x200002b8                msg18
 .data.msg17    0x200002c8       0x10 ./Core/Src/main.o
                0x200002c8                msg17
 .data.msg16    0x200002d8        0xa ./Core/Src/main.o
                0x200002d8                msg16
 .data.msg14    0x200002e2        0x9 ./Core/Src/main.o
                0x200002e2                msg14
 .data.msg12    0x200002eb        0x9 ./Core/Src/main.o
                0x200002eb                msg12
 .data.msg10    0x200002f4        0x9 ./Core/Src/main.o
                0x200002f4                msg10
 .data.msg08    0x200002fd        0x9 ./Core/Src/main.o
                0x200002fd                msg08
 .data.msg06    0x20000306        0x9 ./Core/Src/main.o
                0x20000306                msg06
 .data.msg04    0x2000030f        0x9 ./Core/Src/main.o
                0x2000030f                msg04
 .data.msg02    0x20000318        0x9 ./Core/Src/main.o
                0x20000318                msg02
 .data.msg15    0x20000321        0x9 ./Core/Src/main.o
                0x20000321                msg15
 .data.msg13    0x2000032a        0x9 ./Core/Src/main.o
                0x2000032a                msg13
 .data.msg11    0x20000333        0x9 ./Core/Src/main.o
                0x20000333                msg11
 .data.msg09    0x2000033c        0x9 ./Core/Src/main.o
                0x2000033c                msg09
 .data.msg07    0x20000345        0x9 ./Core/Src/main.o
                0x20000345                msg07
 .data.msg05    0x2000034e        0x9 ./Core/Src/main.o
                0x2000034e                msg05
 .data.msg03    0x20000357        0x9 ./Core/Src/main.o
                0x20000357                msg03
 .data.msg01    0x20000360        0x9 ./Core/Src/main.o
                0x20000360                msg01
 .data.plate_qr
                0x20000369        0xe ./Core/Src/main.o
                0x20000369                plate_qr
 .data.hmi_rtc  0x20000377       0x19 ./Core/Src/main.o
                0x20000377                hmi_rtc
 .data.Dur_HMS_clear
                0x20000390        0xe ./Core/Src/main.o
                0x20000390                Dur_HMS_clear
 .data.Dur_HMS  0x2000039e        0xe ./Core/Src/main.o
                0x2000039e                Dur_HMS
 .data.CLR_extra_btn
                0x200003ac        0x8 ./Core/Src/main.o
                0x200003ac                CLR_extra_btn
 .data.Clear_clear
                0x200003b4        0x8 ./Core/Src/main.o
                0x200003b4                Clear_clear
 .data.Print_clear
                0x200003bc        0x8 ./Core/Src/main.o
                0x200003bc                Print_clear
 .data.Plus1_clear
                0x200003c4        0x8 ./Core/Src/main.o
                0x200003c4                Plus1_clear
 .data.Plus10_clear
                0x200003cc        0x8 ./Core/Src/main.o
                0x200003cc                Plus10_clear
 .data.LED_Vacant_Off
                0x200003d4        0x8 ./Core/Src/main.o
                0x200003d4                LED_Vacant_Off
 .data.LED_Vacant_On
                0x200003dc        0x8 ./Core/Src/main.o
                0x200003dc                LED_Vacant_On
 .data.LED_Stop_Off
                0x200003e4        0x8 ./Core/Src/main.o
                0x200003e4                LED_Stop_Off
 .data.LED_Stop_On
                0x200003ec        0x8 ./Core/Src/main.o
                0x200003ec                LED_Stop_On
 .data.LED_Hired_Off
                0x200003f4        0x8 ./Core/Src/main.o
                0x200003f4                LED_Hired_Off
 .data.LED_Hired_On
                0x200003fc        0x8 ./Core/Src/main.o
                0x200003fc                LED_Hired_On
 .data.SystemCoreClock
                0x20000404        0x4 ./Core/Src/system_stm32g0xx.o
                0x20000404                SystemCoreClock
 .data.uwTickFreq
                0x20000408        0x1 ./Drivers/STM32G0xx_HAL_Driver/Src/stm32g0xx_hal.o
                0x20000408                uwTickFreq
 *fill*         0x20000409        0x3 
 .data.uwTickPrio
                0x2000040c        0x4 ./Drivers/STM32G0xx_HAL_Driver/Src/stm32g0xx_hal.o
                0x2000040c                uwTickPrio
 .data.USER_Driver
                0x20000410       0x14 ./FATFS/Target/user_diskio.o
                0x20000410                USER_Driver
 .data._impure_ptr
                0x20000424        0x4 C:/ST/STM32CubeIDE_1.16.0/STM32CubeIDE/plugins/com.st.stm32cube.ide.mcu.externaltools.gnu-tools-for-stm32.12.3.rel1.win32_1.0.200.202406191623/tools/bin/../lib/gcc/arm-none-eabi/12.3.1/../../../../arm-none-eabi/lib/thumb/v6-m/nofp\libc_nano.a(libc_a-impure.o)
                0x20000424                _impure_ptr
 .data._impure_data
                0x20000428       0x4c C:/ST/STM32CubeIDE_1.16.0/STM32CubeIDE/plugins/com.st.stm32cube.ide.mcu.externaltools.gnu-tools-for-stm32.12.3.rel1.win32_1.0.200.202406191623/tools/bin/../lib/gcc/arm-none-eabi/12.3.1/../../../../arm-none-eabi/lib/thumb/v6-m/nofp\libc_nano.a(libc_a-impure.o)
                0x20000428                _impure_data
 *(.RamFunc)
 *(.RamFunc*)
                0x20000474                        . = ALIGN (0x4)
                0x20000474                        _edata = .

.igot.plt       0x20000474        0x0 load address 0x08010690
 .igot.plt      0x20000474        0x0 C:/ST/STM32CubeIDE_1.16.0/STM32CubeIDE/plugins/com.st.stm32cube.ide.mcu.externaltools.gnu-tools-for-stm32.12.3.rel1.win32_1.0.200.202406191623/tools/bin/../lib/gcc/arm-none-eabi/12.3.1/thumb/v6-m/nofp/crtbegin.o
                0x20000474                        . = ALIGN (0x4)

.bss            0x20000474     0x30dc load address 0x08010690
                0x20000474                        _sbss = .
                0x20000474                        __bss_start__ = _sbss
 *(.bss)
 .bss           0x20000474       0x1c C:/ST/STM32CubeIDE_1.16.0/STM32CubeIDE/plugins/com.st.stm32cube.ide.mcu.externaltools.gnu-tools-for-stm32.12.3.rel1.win32_1.0.200.202406191623/tools/bin/../lib/gcc/arm-none-eabi/12.3.1/thumb/v6-m/nofp/crtbegin.o
 *(.bss*)
 .bss.PowerFlag
                0x20000490        0x1 ./Core/Src/fatfs_sd.o
 .bss.CardType  0x20000491        0x1 ./Core/Src/fatfs_sd.o
 .bss.RxBuffer.1
                0x20000492       0x30 ./Core/Src/main.o
 .bss.RxCount.2
                0x200004c2        0x2 ./Core/Src/main.o
 .bss.flag_encoder
                0x200004c4        0x1 ./Core/Src/main.o
                0x200004c4                flag_encoder
 .bss.flag_tester
                0x200004c5        0x1 ./Core/Src/main.o
                0x200004c5                flag_tester
 .bss.test_f    0x200004c6        0x1 ./Core/Src/main.o
                0x200004c6                test_f
 .bss.last_btn_value
                0x200004c7        0x1 ./Core/Src/main.o
                0x200004c7                last_btn_value
 .bss.btn_value
                0x200004c8        0x1 ./Core/Src/main.o
                0x200004c8                btn_value
 .bss.Flag_btn_changed
                0x200004c9        0x1 ./Core/Src/main.o
                0x200004c9                Flag_btn_changed
 .bss.Flag_Audio_end
                0x200004ca        0x1 ./Core/Src/main.o
                0x200004ca                Flag_Audio_end
 .bss.result    0x200004cb       0x1a ./Core/Src/main.o
                0x200004cb                result
 .bss.v_value   0x200004e5        0x9 ./Core/Src/main.o
                0x200004e5                v_value
 .bss.SD_buffer
                0x200004ee       0x72 ./Core/Src/main.o
                0x200004ee                SD_buffer
 .bss.buffer    0x20000560      0x400 ./Core/Src/main.o
                0x20000560                buffer
 .bss.bw        0x20000960        0x4 ./Core/Src/main.o
                0x20000960                bw
 .bss.fresult   0x20000964        0x1 ./Core/Src/main.o
                0x20000964                fresult
 *fill*         0x20000965        0x3 
 .bss.fil       0x20000968     0x1030 ./Core/Src/main.o
                0x20000968                fil
 .bss.fs        0x20001998     0x1034 ./Core/Src/main.o
                0x20001998                fs
 .bss.dt        0x200029cc        0xc ./Core/Src/main.o
                0x200029cc                dt
 .bss.pulses    0x200029d8        0x8 ./Core/Src/main.o
                0x200029d8                pulses
 .bss.jtime     0x200029e0        0x8 ./Core/Src/main.o
                0x200029e0                jtime
 .bss.nbtime    0x200029e8        0x8 ./Core/Src/main.o
                0x200029e8                nbtime
 .bss.ttime     0x200029f0        0x8 ./Core/Src/main.o