Archive member included to satisfy reference by file (symbol)

C:/ST/STM32CubeIDE_1.16.0/STM32CubeIDE/plugins/com.st.stm32cube.ide.mcu.externaltools.gnu-tools-for-stm32.12.3.rel1.win32_1.0.200.202406191623/tools/bin/../lib/gcc/arm-none-eabi/12.3.1/../../../../arm-none-eabi/lib/thumb/v6-m/nofp\libc_nano.a(libc_a-exit.o)
                              C:/ST/STM32CubeIDE_1.16.0/STM32CubeIDE/plugins/com.st.stm32cube.ide.mcu.externaltools.gnu-tools-for-stm32.12.3.rel1.win32_1.0.200.202406191623/tools/bin/../lib/gcc/arm-none-eabi/12.3.1/../../../../arm-none-eabi/lib/thumb/v6-m/nofp/crt0.o (exit)
C:/ST/STM32CubeIDE_1.16.0/STM32CubeIDE/plugins/com.st.stm32cube.ide.mcu.externaltools.gnu-tools-for-stm32.12.3.rel1.win32_1.0.200.202406191623/tools/bin/../lib/gcc/arm-none-eabi/12.3.1/../../../../arm-none-eabi/lib/thumb/v6-m/nofp\libc_nano.a(libc_a-findfp.o)
                              C:/ST/STM32CubeIDE_1.16.0/STM32CubeIDE/plugins/com.st.stm32cube.ide.mcu.externaltools.gnu-tools-for-stm32.12.3.rel1.win32_1.0.200.202406191623/tools/bin/../lib/gcc/arm-none-eabi/12.3.1/../../../../arm-none-eabi/lib/thumb/v6-m/nofp\libc_nano.a(libc_a-exit.o) (__stdio_exit_handler)
C:/ST/STM32CubeIDE_1.16.0/STM32CubeIDE/plugins/com.st.stm32cube.ide.mcu.externaltools.gnu-tools-for-stm32.12.3.rel1.win32_1.0.200.202406191623/tools/bin/../lib/gcc/arm-none-eabi/12.3.1/../../../../arm-none-eabi/lib/thumb/v6-m/nofp\libc_nano.a(libc_a-fwalk.o)
                              C:/ST/STM32CubeIDE_1.16.0/STM32CubeIDE/plugins/com.st.stm32cube.ide.mcu.externaltools.gnu-tools-for-stm32.12.3.rel1.win32_1.0.200.202406191623/tools/bin/../lib/gcc/arm-none-eabi/12.3.1/../../../../arm-none-eabi/lib/thumb/v6-m/nofp\libc_nano.a(libc_a-findfp.o) (_fwalk_sglue)
C:/ST/STM32CubeIDE_1.16.0/STM32CubeIDE/plugins/com.st.stm32cube.ide.mcu.externaltools.gnu-tools-for-stm32.12.3.rel1.win32_1.0.200.202406191623/tools/bin/../lib/gcc/arm-none-eabi/12.3.1/../../../../arm-none-eabi/lib/thumb/v6-m/nofp\libc_nano.a(libc_a-snprintf.o)
                              ./Core/Src/main.o (snprintf)
C:/ST/STM32CubeIDE_1.16.0/STM32CubeIDE/plugins/com.st.stm32cube.ide.mcu.externaltools.gnu-tools-for-stm32.12.3.rel1.win32_1.0.200.202406191623/tools/bin/../lib/gcc/arm-none-eabi/12.3.1/../../../../arm-none-eabi/lib/thumb/v6-m/nofp\libc_nano.a(libc_a-stdio.o)
                              C:/ST/STM32CubeIDE_1.16.0/STM32CubeIDE/plugins/com.st.stm32cube.ide.mcu.externaltools.gnu-tools-for-stm32.12.3.rel1.win32_1.0.200.202406191623/tools/bin/../lib/gcc/arm-none-eabi/12.3.1/../../../../arm-none-eabi/lib/thumb/v6-m/nofp\libc_nano.a(libc_a-findfp.o) (__sread)
C:/ST/STM32CubeIDE_1.16.0/STM32CubeIDE/plugins/com.st.stm32cube.ide.mcu.externaltools.gnu-tools-for-stm32.12.3.rel1.win32_1.0.200.202406191623/tools/bin/../lib/gcc/arm-none-eabi/12.3.1/../../../../arm-none-eabi/lib/thumb/v6-m/nofp\libc_nano.a(libc_a-memcmp.o)
                              ./Core/Src/main.o (memcmp)
C:/ST/STM32CubeIDE_1.16.0/STM32CubeIDE/plugins/com.st.stm32cube.ide.mcu.externaltools.gnu-tools-for-stm32.12.3.rel1.win32_1.0.200.202406191623/tools/bin/../lib/gcc/arm-none-eabi/12.3.1/../../../../arm-none-eabi/lib/thumb/v6-m/nofp\libc_nano.a(libc_a-memset.o)
                              C:/ST/STM32CubeIDE_1.16.0/STM32CubeIDE/plugins/com.st.stm32cube.ide.mcu.externaltools.gnu-tools-for-stm32.12.3.rel1.win32_1.0.200.202406191623/tools/bin/../lib/gcc/arm-none-eabi/12.3.1/../../../../arm-none-eabi/lib/thumb/v6-m/nofp/crt0.o (memset)
C:/ST/STM32CubeIDE_1.16.0/STM32CubeIDE/plugins/com.st.stm32cube.ide.mcu.externaltools.gnu-tools-for-stm32.12.3.rel1.win32_1.0.200.202406191623/tools/bin/../lib/gcc/arm-none-eabi/12.3.1/../../../../arm-none-eabi/lib/thumb/v6-m/nofp\libc_nano.a(libc_a-closer.o)
                              C:/ST/STM32CubeIDE_1.16.0/STM32CubeIDE/plugins/com.st.stm32cube.ide.mcu.externaltools.gnu-tools-for-stm32.12.3.rel1.win32_1.0.200.202406191623/tools/bin/../lib/gcc/arm-none-eabi/12.3.1/../../../../arm-none-eabi/lib/thumb/v6-m/nofp\libc_nano.a(libc_a-stdio.o) (_close_r)
C:/ST/STM32CubeIDE_1.16.0/STM32CubeIDE/plugins/com.st.stm32cube.ide.mcu.externaltools.gnu-tools-for-stm32.12.3.rel1.win32_1.0.200.202406191623/tools/bin/../lib/gcc/arm-none-eabi/12.3.1/../../../../arm-none-eabi/lib/thumb/v6-m/nofp\libc_nano.a(libc_a-reent.o)
                              C:/ST/STM32CubeIDE_1.16.0/STM32CubeIDE/plugins/com.st.stm32cube.ide.mcu.externaltools.gnu-tools-for-stm32.12.3.rel1.win32_1.0.200.202406191623/tools/bin/../lib/gcc/arm-none-eabi/12.3.1/../../../../arm-none-eabi/lib/thumb/v6-m/nofp\libc_nano.a(libc_a-closer.o) (errno)
C:/ST/STM32CubeIDE_1.16.0/STM32CubeIDE/plugins/com.st.stm32cube.ide.mcu.externaltools.gnu-tools-for-stm32.12.3.rel1.win32_1.0.200.202406191623/tools/bin/../lib/gcc/arm-none-eabi/12.3.1/../../../../arm-none-eabi/lib/thumb/v6-m/nofp\libc_nano.a(libc_a-impure.o)
[...]
Memory Configuration

Name             Origin             Length             Attributes
RAM              0x20000000         0x00009000         xrw
FLASH            0x08000000         0x00020000         xr
*default*        0x00000000         0xffffffff

Linker script and memory map

LOAD C:/ST/STM32CubeIDE_1.16.0/STM32CubeIDE/plugins/com.st.stm32cube.ide.mcu.externaltools.gnu-tools-for-stm32.12.3.rel1.win32_1.0.200.202406191623/tools/bin/../lib/gcc/arm-none-eabi/12.3.1/thumb/v6-m/nofp/crti.o
LOAD C:/ST/STM32CubeIDE_1.16.0/STM32CubeIDE/plugins/com.st.stm32cube.ide.mcu.externaltools.gnu-tools-for-stm32.12.3.rel1.win32_1.0.200.202406191623/tools/bin/../lib/gcc/arm-none-eabi/12.3.1/thumb/v6-m/nofp/crtbegin.o
LOAD C:/ST/STM32CubeIDE_1.16.0/STM32CubeIDE/plugins/com.st.stm32cube.ide.mcu.externaltools.gnu-tools-for-stm32.12.3.rel1.win32_1.0.200.202406191623/tools/bin/../lib/gcc/arm-none-eabi/12.3.1/../../../../arm-none-eabi/lib/thumb/v6-m/nofp/crt0.o
LOAD ./Core/Src/EEPROM.o
LOAD ./Core/Src/fatfs_sd.o
LOAD ./Core/Src/main.o
LOAD ./Core/Src/pcf2129.o
LOAD ./Core/Src/stm32g0xx_hal_msp.o
LOAD ./Core/Src/stm32g0xx_it.o
LOAD ./Core/Src/syscalls.o
LOAD ./Core/Src/sysmem.o
LOAD ./Core/Src/system_stm32g0xx.o
LOAD ./Core/Startup/startup_stm32g071rbtx.o
LOAD ./Drivers/STM32G0xx_HAL_Driver/Src/stm32g0xx_hal.o
LOAD ./Drivers/STM32G0xx_HAL_Driver/Src/stm32g0xx_hal_cortex.o
LOAD ./Drivers/STM32G0xx_HAL_Driver/Src/stm32g0xx_hal_dma.o
LOAD ./Drivers/STM32G0xx_HAL_Driver/Src/stm32g0xx_hal_dma_ex.o
LOAD ./Drivers/STM32G0xx_HAL_Driver/Src/stm32g0xx_hal_exti.o
LOAD ./Drivers/STM32G0xx_HAL_Driver/Src/stm32g0xx_hal_flash.o
LOAD ./Drivers/STM32G0xx_HAL_Driver/Src/stm32g0xx_hal_flash_ex.o
LOAD ./Drivers/STM32G0xx_HAL_Driver/Src/stm32g0xx_hal_gpio.o
LOAD ./Drivers/STM32G0xx_HAL_Driver/Src/stm32g0xx_hal_i2c.o
LOAD ./Drivers/STM32G0xx_HAL_Driver/Src/stm32g0xx_hal_i2c_ex.o
LOAD ./Drivers/STM32G0xx_HAL_Driver/Src/stm32g0xx_hal_pwr.o
LOAD ./Drivers/STM32G0xx_HAL_Driver/Src/stm32g0xx_hal_pwr_ex.o
LOAD ./Drivers/STM32G0xx_HAL_Driver/Src/stm32g0xx_hal_rcc.o
LOAD ./Drivers/STM32G0xx_HAL_Driver/Src/stm32g0xx_hal_rcc_ex.o
LOAD ./Drivers/STM32G0xx_HAL_Driver/Src/stm32g0xx_hal_spi.o
LOAD ./Drivers/STM32G0xx_HAL_Driver/Src/stm32g0xx_hal_spi_ex.o
LOAD ./Drivers/STM32G0xx_HAL_Driver/Src/stm32g0xx_hal_tim.o
LOAD ./Drivers/STM32G0xx_HAL_Driver/Src/stm32g0xx_hal_tim_ex.o
LOAD ./Drivers/STM32G0xx_HAL_Driver/Src/stm32g0xx_hal_uart.o
LOAD ./Drivers/STM32G0xx_HAL_Driver/Src/stm32g0xx_hal_uart_ex.o
LOAD ./Drivers/STM32G0xx_HAL_Driver/Src/stm32g0xx_ll_dma.o
LOAD ./Drivers/STM32G0xx_HAL_Driver/Src/stm32g0xx_ll_rcc.o
LOAD ./FATFS/App/app_fatfs.o
LOAD ./FATFS/Target/user_diskio.o
LOAD ./Middlewares/Third_Party/FatFs/src/diskio.o
LOAD ./Middlewares/Third_Party/FatFs/src/ff.o
LOAD ./Middlewares/Third_Party/FatFs/src/ff_gen_drv.o
LOAD ./Middlewares/Third_Party/FatFs/src/option/syscall.o
START GROUP
LOAD C:/ST/STM32CubeIDE_1.16.0/STM32CubeIDE/plugins/com.st.stm32cube.ide.mcu.externaltools.gnu-tools-for-stm32.12.3.rel1.win32_1.0.200.202406191623/tools/bin/../lib/gcc/arm-none-eabi/12.3.1/../../../../arm-none-eabi/lib/thumb/v6-m/nofp\libc_nano.a
LOAD C:/ST/STM32CubeIDE_1.16.0/STM32CubeIDE/plugins/com.st.stm32cube.ide.mcu.externaltools.gnu-tools-for-stm32.12.3.rel1.win32_1.0.200.202406191623/tools/bin/../lib/gcc/arm-none-eabi/12.3.1/../../../../arm-none-eabi/lib/thumb/v6-m/nofp\libm.a
END GROUP
START GROUP
LOAD C:/ST/STM32CubeIDE_1.16.0/STM32CubeIDE/plugins/com.st.stm32cube.ide.mcu.externaltools.gnu-tools-for-stm32.12.3.rel1.win32_1.0.200.202406191623/tools/bin/../lib/gcc/arm-none-eabi/12.3.1/thumb/v6-m/nofp\libgcc.a
LOAD C:/ST/STM32CubeIDE_1.16.0/STM32CubeIDE/plugins/com.st.stm32cube.ide.mcu.externaltools.gnu-tools-for-stm32.12.3.rel1.win32_1.0.200.202406191623/tools/bin/../lib/gcc/arm-none-eabi/12.3.1/../../../../arm-none-eabi/lib/thumb/v6-m/nofp\libc_nano.a
END GROUP
START GROUP
LOAD C:/ST/STM32CubeIDE_1.16.0/STM32CubeIDE/plugins/com.st.stm32cube.ide.mcu.externaltools.gnu-tools-for-stm32.12.3.rel1.win32_1.0.200.202406191623/tools/bin/../lib/gcc/arm-none-eabi/12.3.1/thumb/v6-m/nofp\libgcc.a
LOAD C:/ST/STM32CubeIDE_1.16.0/STM32CubeIDE/plugins/com.st.stm32cube.ide.mcu.externaltools.gnu-tools-for-stm32.12.3.rel1.win32_1.0.200.202406191623/tools/bin/../lib/gcc/arm-none-eabi/12.3.1/../../../../arm-none-eabi/lib/thumb/v6-m/nofp\libc_nano.a
LOAD C:/ST/STM32CubeIDE_1.16.0/STM32CubeIDE/plugins/com.st.stm32cube.ide.mcu.externaltools.gnu-tools-for-stm32.12.3.rel1.win32_1.0.200.202406191623/tools/bin/../lib/gcc/arm-none-eabi/12.3.1/../../../../arm-none-eabi/lib/thumb/v6-m/nofp\libnosys.a
END GROUP
START GROUP
LOAD C:/ST/STM32CubeIDE_1.16.0/STM32CubeIDE/plugins/com.st.stm32cube.ide.mcu.externaltools.gnu-tools-for-stm32.12.3.rel1.win32_1.0.200.202406191623/tools/bin/../lib/gcc/arm-none-eabi/12.3.1/thumb/v6-m/nofp\libgcc.a
LOAD C:/ST/STM32CubeIDE_1.16.0/STM32CubeIDE/plugins/com.st.stm32cube.ide.mcu.externaltools.gnu-tools-for-stm32.12.3.rel1.win32_1.0.200.202406191623/tools/bin/../lib/gcc/arm-none-eabi/12.3.1/../../../../arm-none-eabi/lib/thumb/v6-m/nofp\libc_nano.a
LOAD C:/ST/STM32CubeIDE_1.16.0/STM32CubeIDE/plugins/com.st.stm32cube.ide.mcu.externaltools.gnu-tools-for-stm32.12.3.rel1.win32_1.0.200.202406191623/tools/bin/../lib/gcc/arm-none-eabi/12.3.1/../../../../arm-none-eabi/lib/thumb/v6-m/nofp\libnosys.a
END GROUP
LOAD C:/ST/STM32CubeIDE_1.16.0/STM32CubeIDE/plugins/com.st.stm32cube.ide.mcu.externaltools.gnu-tools-for-stm32.12.3.rel1.win32_1.0.200.202406191623/tools/bin/../lib/gcc/arm-none-eabi/12.3.1/thumb/v6-m/nofp/crtend.o
LOAD C:/ST/STM32CubeIDE_1.16.0/STM32CubeIDE/plugins/com.st.stm32cube.ide.mcu.externaltools.gnu-tools-for-stm32.12.3.rel1.win32_1.0.200.202406191623/tools/bin/../lib/gcc/arm-none-eabi/12.3.1/thumb/v6-m/nofp/crtn.o
                0x20009000                        _estack = (ORIGIN (RAM) + LENGTH (RAM))
                0x00000200                        _Min_Heap_Size = 0x200
                0x00000400                        _Min_Stack_Size = 0x400

.isr_vector     0x08000000       0xbc
                0x08000000                        . = ALIGN (0x4)
 *(.isr_vector)
 .isr_vector    0x08000000       0xbc ./Core/Startup/startup_stm32g071rbtx.o
                0x08000000                g_pfnVectors
                0x080000bc                        . = ALIGN (0x4)

.text           0x080000bc    0x1012c
                0x080000bc                        . = ALIGN (0x4)
 *(.text)
 .text          0x080000bc       0x48 C:/ST/STM32CubeIDE_1.16.0/STM32CubeIDE/plugins/com.st.stm32cube.ide.mcu.externaltools.gnu-tools-for-stm32.12.3.rel1.win32_1.0.200.202406191623/tools/bin/../lib/gcc/arm-none-eabi/12.3.1/thumb/v6-m/nofp/crtbegin.o
 .text          0x08000104        0xe C:/ST/STM32CubeIDE_1.16.0/STM32CubeIDE/plugins/com.st.stm32cube.ide.mcu.externaltools.gnu-tools-for-stm32.12.3.rel1.win32_1.0.200.202406191623/tools/bin/../lib/gcc/arm-none-eabi/12.3.1/../../../../arm-none-eabi/lib/thumb/v6-m/nofp\libc_nano.a(libc_a-strlen.o)
                0x08000104                strlen
 *fill*         0x08000112        0x2 
 .text          0x08000114       0x14 C:/ST/STM32CubeIDE_1.16.0/STM32CubeIDE/plugins/com.st.stm32cube.ide.mcu.externaltools.gnu-tools-for-stm32.12.3.rel1.win32_1.0.200.202406191623/tools/bin/../lib/gcc/arm-none-eabi/12.3.1/thumb/v6-m/nofp\libgcc.a(_thumb1_case_uqi.o)
                0x08000114                __gnu_thumb1_case_uqi
 .text          0x08000128       0x14 C:/ST/STM32CubeIDE_1.16.0/STM32CubeIDE/plugins/com.st.stm32cube.ide.mcu.externaltools.gnu-tools-for-stm32.12.3.rel1.win32_1.0.200.202406191623/tools/bin/../lib/gcc/arm-none-eabi/12.3.1/thumb/v6-m/nofp\libgcc.a(_thumb1_case_shi.o)
                0x08000128                __gnu_thumb1_case_shi
 .text          0x0800013c      0x114 C:/ST/STM32CubeIDE_1.16.0/STM32CubeIDE/plugins/com.st.stm32cube.ide.mcu.externaltools.gnu-tools-for-stm32.12.3.rel1.win32_1.0.200.202406191623/tools/bin/../lib/gcc/arm-none-eabi/12.3.1/thumb/v6-m/nofp\libgcc.a(_udivsi3.o)
                0x0800013c                __aeabi_uidiv
                0x0800013c                __udivsi3
                0x08000248                __aeabi_uidivmod
 .text          0x08000250      0x1d4 C:/ST/STM32CubeIDE_1.16.0/STM32CubeIDE/plugins/com.st.stm32cube.ide.mcu.externaltools.gnu-tools-for-stm32.12.3.rel1.win32_1.0.200.202406191623/tools/bin/../lib/gcc/arm-none-eabi/12.3.1/thumb/v6-m/nofp\libgcc.a(_divsi3.o)
                0x08000250                __divsi3
                0x08000250                __aeabi_idiv
                0x0800041c                __aeabi_idivmod
 .text          0x08000424        0x4 C:/ST/STM32CubeIDE_1.16.0/STM32CubeIDE/plugins/com.st.stm32cube.ide.mcu.externaltools.gnu-tools-for-stm32.12.3.rel1.win32_1.0.200.202406191623/tools/bin/../lib/gcc/arm-none-eabi/12.3.1/thumb/v6-m/nofp\libgcc.a(_dvmd_tls.o)
                0x08000424                __aeabi_idiv0
                0x08000424                __aeabi_ldiv0
 .text          0x08000428       0x7c C:/ST/STM32CubeIDE_1.16.0/STM32CubeIDE/plugins/com.st.stm32cube.ide.mcu.externaltools.gnu-tools-for-stm32.12.3.rel1.win32_1.0.200.202406191623/tools/bin/../lib/gcc/arm-none-eabi/12.3.1/thumb/v6-m/nofp\libgcc.a(_arm_cmpdf2.o)
                0x08000428                __aeabi_cdrcmple
                0x08000438                __aeabi_cdcmple
                0x08000438                __aeabi_cdcmpeq
                0x08000448                __aeabi_dcmpeq
                0x08000454                __aeabi_dcmplt
                0x08000468                __aeabi_dcmple
                0x0800047c                __aeabi_dcmpgt
                0x08000490                __aeabi_dcmpge
 .text          0x080004a4       0x74 C:/ST/STM32CubeIDE_1.16.0/STM32CubeIDE/plugins/com.st.stm32cube.ide.mcu.externaltools.gnu-tools-for-stm32.12.3.rel1.win32_1.0.200.202406191623/tools/bin/../lib/gcc/arm-none-eabi/12.3.1/thumb/v6-m/nofp\libgcc.a(_arm_cmpsf2.o)
                0x080004a4                __aeabi_cfrcmple
                0x080004ac                __aeabi_cfcmpeq
                0x080004ac                __aeabi_cfcmple
                0x080004bc                __aeabi_fcmpeq
                0x080004c8                __aeabi_fcmplt
                0x080004dc                __aeabi_fcmple
                0x080004f0                __aeabi_fcmpgt
                0x08000504                __aeabi_fcmpge
 .text          0x08000518       0x40 C:/ST/STM32CubeIDE_1.16.0/STM32CubeIDE/plugins/com.st.stm32cube.ide.mcu.externaltools.gnu-tools-for-stm32.12.3.rel1.win32_1.0.200.202406191623/tools/bin/../lib/gcc/arm-none-eabi/12.3.1/thumb/v6-m/nofp\libgcc.a(_aeabi_uldivmod.o)
                0x08000518                __aeabi_uldivmod
 .text          0x08000558       0x30 C:/ST/STM32CubeIDE_1.16.0/STM32CubeIDE/plugins/com.st.stm32cube.ide.mcu.externaltools.gnu-tools-for-stm32.12.3.rel1.win32_1.0.200.202406191623/tools/bin/../lib/gcc/arm-none-eabi/12.3.1/thumb/v6-m/nofp\libgcc.a(_fixunssfsi.o)
                0x08000558                __fixunssfsi
                0x08000558                __aeabi_f2uiz
 .text          0x08000588       0x3c C:/ST/STM32CubeIDE_1.16.0/STM32CubeIDE/plugins/com.st.stm32cube.ide.mcu.externaltools.gnu-tools-for-stm32.12.3.rel1.win32_1.0.200.202406191623/tools/bin/../lib/gcc/arm-none-eabi/12.3.1/thumb/v6-m/nofp\libgcc.a(_fixunsdfsi.o)
                0x08000588                __aeabi_d2uiz
                0x08000588                __fixunsdfsi
 .text          0x080005c4      0x198 C:/ST/STM32CubeIDE_1.16.0/STM32CubeIDE/plugins/com.st.stm32cube.ide.mcu.externaltools.gnu-tools-for-stm32.12.3.rel1.win32_1.0.200.202406191623/tools/bin/../lib/gcc/arm-none-eabi/12.3.1/thumb/v6-m/nofp\libgcc.a(_udivmoddi4.o)
                0x080005c4                __udivmoddi4
 .text          0x0800075c      0x314 C:/ST/STM32CubeIDE_1.16.0/STM32CubeIDE/plugins/com.st.stm32cube.ide.mcu.externaltools.gnu-tools-for-stm32.12.3.rel1.win32_1.0.200.202406191623/tools/bin/../lib/gcc/arm-none-eabi/12.3.1/thumb/v6-m/nofp\libgcc.a(addsf3.o)
                0x0800075c                __aeabi_fadd
 .text          0x08000a70      0x240 C:/ST/STM32CubeIDE_1.16.0/STM32CubeIDE/plugins/com.st.stm32cube.ide.mcu.externaltools.gnu-tools-for-stm32.12.3.rel1.win32_1.0.200.202406191623/tools/bin/../lib/gcc/arm-none-eabi/12.3.1/thumb/v6-m/nofp\libgcc.a(divsf3.o)
                0x08000a70                __aeabi_fdiv
 .text          0x08000cb0       0x50 C:/ST/STM32CubeIDE_1.16.0/STM32CubeIDE/plugins/com.st.stm32cube.ide.mcu.externaltools.gnu-tools-for-stm32.12.3.rel1.win32_1.0.200.202406191623/tools/bin/../lib/gcc/arm-none-eabi/12.3.1/thumb/v6-m/nofp\libgcc.a(eqsf2.o)
                0x08000cb0                __eqsf2
                0x08000cb0                __nesf2
 .text          0x08000d00       0xa0 C:/ST/STM32CubeIDE_1.16.0/STM32CubeIDE/plugins/com.st.stm32cube.ide.mcu.externaltools.gnu-tools-for-stm32.12.3.rel1.win32_1.0.200.202406191623/tools/bin/../lib/gcc/arm-none-eabi/12.3.1/thumb/v6-m/nofp\libgcc.a(gesf2.o)
                0x08000d00                __gesf2
                0x08000d00                __gtsf2
 .text          0x08000da0       0x9c C:/ST/STM32CubeIDE_1.16.0/STM32CubeIDE/plugins/com.st.stm32cube.ide.mcu.externaltools.gnu-tools-for-stm32.12.3.rel1.win32_1.0.200.202406191623/tools/bin/../lib/gcc/arm-none-eabi/12.3.1/thumb/v6-m/nofp\libgcc.a(lesf2.o)
                0x08000da0                __ltsf2
                0x08000da0                __lesf2
 .text          0x08000e3c      0x27c C:/ST/STM32CubeIDE_1.16.0/STM32CubeIDE/plugins/com.st.stm32cube.ide.mcu.externaltools.gnu-tools-for-stm32.12.3.rel1.win32_1.0.200.202406191623/tools/bin/../lib/gcc/arm-none-eabi/12.3.1/thumb/v6-m/nofp\libgcc.a(mulsf3.o)
                0x08000e3c                __aeabi_fmul
 .text          0x080010b8      0x348 C:/ST/STM32CubeIDE_1.16.0/STM32CubeIDE/plugins/com.st.stm32cube.ide.mcu.externaltools.gnu-tools-for-stm32.12.3.rel1.win32_1.0.200.202406191623/tools/bin/../lib/gcc/arm-none-eabi/12.3.1/thumb/v6-m/nofp\libgcc.a(subsf3.o)
                0x080010b8                __aeabi_fsub
 .text          0x08001400       0x40 C:/ST/STM32CubeIDE_1.16.0/STM32CubeIDE/plugins/com.st.stm32cube.ide.mcu.externaltools.gnu-tools-for-stm32.12.3.rel1.win32_1.0.200.202406191623/tools/bin/../lib/gcc/arm-none-eabi/12.3.1/thumb/v6-m/nofp\libgcc.a(fixsfsi.o)
                0x08001400                __aeabi_f2iz
 .text          0x08001440       0x98 C:/ST/STM32CubeIDE_1.16.0/STM32CubeIDE/plugins/com.st.stm32cube.ide.mcu.externaltools.gnu-tools-for-stm32.12.3.rel1.win32_1.0.200.202406191623/tools/bin/../lib/gcc/arm-none-eabi/12.3.1/thumb/v6-m/nofp\libgcc.a(floatsisf.o)
                0x08001440                __aeabi_i2f
 .text          0x080014d8       0x84 C:/ST/STM32CubeIDE_1.16.0/STM32CubeIDE/plugins/com.st.stm32cube.ide.mcu.externaltools.gnu-tools-for-stm32.12.3.rel1.win32_1.0.200.202406191623/tools/bin/../lib/gcc/arm-none-eabi/12.3.1/thumb/v6-m/nofp\libgcc.a(floatunsisf.o)
                0x080014d8                __aeabi_ui2f
 .text          0x0800155c      0x6c8 C:/ST/STM32CubeIDE_1.16.0/STM32CubeIDE/plugins/com.st.stm32cube.ide.mcu.externaltools.gnu-tools-for-stm32.12.3.rel1.win32_1.0.200.202406191623/tools/bin/../lib/gcc/arm-none-eabi/12.3.1/thumb/v6-m/nofp\libgcc.a(adddf3.o)
                0x0800155c                __aeabi_dadd
 .text          0x08001c24      0x634 C:/ST/STM32CubeIDE_1.16.0/STM32CubeIDE/plugins/com.st.stm32cube.ide.mcu.externaltools.gnu-tools-for-stm32.12.3.rel1.win32_1.0.200.202406191623/tools/bin/../lib/gcc/arm-none-eabi/12.3.1/thumb/v6-m/nofp\libgcc.a(divdf3.o)
                0x08001c24                __aeabi_ddiv
 .text          0x08002258       0x88 C:/ST/STM32CubeIDE_1.16.0/STM32CubeIDE/plugins/com.st.stm32cube.ide.mcu.externaltools.gnu-tools-for-stm32.12.3.rel1.win32_1.0.200.202406191623/tools/bin/../lib/gcc/arm-none-eabi/12.3.1/thumb/v6-m/nofp\libgcc.a(eqdf2.o)
                0x08002258                __nedf2
                0x08002258                __eqdf2
 .text          0x080022e0       0xe8 C:/ST/STM32CubeIDE_1.16.0/STM32CubeIDE/plugins/com.st.stm32cube.ide.mcu.externaltools.gnu-tools-for-stm32.12.3.rel1.win32_1.0.200.202406191623/tools/bin/../lib/gcc/arm-none-eabi/12.3.1/thumb/v6-m/nofp\libgcc.a(gedf2.o)
                0x080022e0                __gedf2
                0x080022e0                __gtdf2
 .text          0x080023c8       0xe4 C:/ST/STM32CubeIDE_1.16.0/STM32CubeIDE/plugins/com.st.stm32cube.ide.mcu.externaltools.gnu-tools-for-stm32.12.3.rel1.win32_1.0.200.202406191623/tools/bin/../lib/gcc/arm-none-eabi/12.3.1/thumb/v6-m/nofp\libgcc.a(ledf2.o)
                0x080023c8                __ledf2
                0x080023c8                __ltdf2
 .text          0x080024ac      0x590 C:/ST/STM32CubeIDE_1.16.0/STM32CubeIDE/plugins/com.st.stm32cube.ide.mcu.externaltools.gnu-tools-for-stm32.12.3.rel1.win32_1.0.200.202406191623/tools/bin/../lib/gcc/arm-none-eabi/12.3.1/thumb/v6-m/nofp\libgcc.a(muldf3.o)
                0x080024ac                __aeabi_dmul
 .text          0x08002a3c      0x738 C:/ST/STM32CubeIDE_1.16.0/STM32CubeIDE/plugins/com.st.stm32cube.ide.mcu.externaltools.gnu-tools-for-stm32.12.3.rel1.win32_1.0.200.202406191623/tools/bin/../lib/gcc/arm-none-eabi/12.3.1/thumb/v6-m/nofp\libgcc.a(subdf3.o)
                0x08002a3c                __aeabi_dsub
 .text          0x08003174       0x78 C:/ST/STM32CubeIDE_1.16.0/STM32CubeIDE/plugins/com.st.stm32cube.ide.mcu.externaltools.gnu-tools-for-stm32.12.3.rel1.win32_1.0.200.202406191623/tools/bin/../lib/gcc/arm-none-eabi/12.3.1/thumb/v6-m/nofp\libgcc.a(fixdfsi.o)
                0x08003174                __aeabi_d2iz
 .text          0x080031ec       0x5c C:/ST/STM32CubeIDE_1.16.0/STM32CubeIDE/plugins/com.st.stm32cube.ide.mcu.externaltools.gnu-tools-for-stm32.12.3.rel1.win32_1.0.200.202406191623/tools/bin/../lib/gcc/arm-none-eabi/12.3.1/thumb/v6-m/nofp\libgcc.a(floatsidf.o)
                0x080031ec                __aeabi_i2d
 .text          0x08003248       0x48 C:/ST/STM32CubeIDE_1.16.0/STM32CubeIDE/plugins/com.st.stm32cube.ide.mcu.externaltools.gnu-tools-for-stm32.12.3.rel1.win32_1.0.200.202406191623/tools/bin/../lib/gcc/arm-none-eabi/12.3.1/thumb/v6-m/nofp\libgcc.a(floatunsidf.o)
                0x08003248                __aeabi_ui2d
 .text          0x08003290       0x90 C:/ST/STM32CubeIDE_1.16.0/STM32CubeIDE/plugins/com.st.stm32cube.ide.mcu.externaltools.gnu-tools-for-stm32.12.3.rel1.win32_1.0.200.202406191623/tools/bin/../lib/gcc/arm-none-eabi/12.3.1/thumb/v6-m/nofp\libgcc.a(extendsfdf2.o)
                0x08003290                __aeabi_f2d
 .text          0x08003320      0x108 C:/ST/STM32CubeIDE_1.16.0/STM32CubeIDE/plugins/com.st.stm32cube.ide.mcu.externaltools.gnu-tools-for-stm32.12.3.rel1.win32_1.0.200.202406191623/tools/bin/../lib/gcc/arm-none-eabi/12.3.1/thumb/v6-m/nofp\libgcc.a(truncdfsf2.o)
                0x08003320                __aeabi_d2f
 .text          0x08003428       0x3c C:/ST/STM32CubeIDE_1.16.0/STM32CubeIDE/plugins/com.st.stm32cube.ide.mcu.externaltools.gnu-tools-for-stm32.12.3.rel1.win32_1.0.200.202406191623/tools/bin/../lib/gcc/arm-none-eabi/12.3.1/thumb/v6-m/nofp\libgcc.a(_clzsi2.o)
                0x08003428                __clzsi2
 .text          0x08003464       0x18 C:/ST/STM32CubeIDE_1.16.0/STM32CubeIDE/plugins/com.st.stm32cube.ide.mcu.externaltools.gnu-tools-for-stm32.12.3.rel1.win32_1.0.200.202406191623/tools/bin/../lib/gcc/arm-none-eabi/12.3.1/thumb/v6-m/nofp\libgcc.a(_clzdi2.o)
                0x08003464                __clzdi2
 *(.text*)
 .text.SPI_TxBuffer
                0x0800347c       0x20 ./Core/Src/fatfs_sd.o
 .text.SPI_TxByte
                0x0800349c       0x24 ./Core/Src/fatfs_sd.o
 .text.SELECT   0x080034c0       0x16 ./Core/Src/fatfs_sd.o
 .text.DESELECT
                0x080034d6       0x16 ./Core/Src/fatfs_sd.o
 .text.SPI_RxByte
                0x080034ec       0x30 ./Core/Src/fatfs_sd.o
 .text.SD_PowerOn
                0x0800351c       0x58 ./Core/Src/fatfs_sd.o
 .text.SD_ReadyWait
                0x08003574       0x20 ./Core/Src/fatfs_sd.o
 .text.SD_TxDataBlock
                0x08003594       0x60 ./Core/Src/fatfs_sd.o
 .text.SD_SendCmd
                0x080035f4       0x62 ./Core/Src/fatfs_sd.o
 *fill*         0x08003656        0x2 
 .text.SD_RxDataBlock
                0x08003658       0x48 ./Core/Src/fatfs_sd.o
 .text.SD_disk_initialize
                0x080036a0      0x13c ./Core/Src/fatfs_sd.o
                0x080036a0                SD_disk_initialize
 .text.SD_disk_status
                0x080037dc       0x14 ./Core/Src/fatfs_sd.o
                0x080037dc                SD_disk_status
 .text.SD_disk_read
                0x080037f0       0x94 ./Core/Src/fatfs_sd.o
                0x080037f0                SD_disk_read
 .text.SD_disk_write
                0x08003884       0xb4 ./Core/Src/fatfs_sd.o
                0x08003884                SD_disk_write
 .text.SD_disk_ioctl
                0x08003938      0x148 ./Core/Src/fatfs_sd.o
                0x08003938                SD_disk_ioctl
 .text.bufsize  0x08003a80        0x8 ./Core/Src/main.o
                0x08003a80                bufsize
 .text.clear_buffer
                0x08003a88       0x14 ./Core/Src/main.o
                0x08003a88                clear_buffer
 .text.HAL_UART_ErrorCallback
                0x08003a9c       0x1c ./Core/Src/main.o
                0x08003a9c                HAL_UART_ErrorCallback
 .text.USER_UART_IDLECallback
                0x08003ab8       0x6c ./Core/Src/main.o
                0x08003ab8                USER_UART_IDLECallback
 .text.USER_UART_IRQHandler
                0x08003b24       0x28 ./Core/Src/main.o
                0x08003b24                USER_UART_IRQHandler
 .text.HAL_UART_RxCpltCallback
                0x08003b4c       0xbc ./Core/Src/main.o
                0x08003b4c                HAL_UART_RxCpltCallback
 .text.HAL_TIM_IC_CaptureCallback
                0x08003c08       0xf4 ./Core/Src/main.o
                0x08003c08                HAL_TIM_IC_CaptureCallback
 .text.HAL_TIM_PeriodElapsedCallback
                0x08003cfc       0x20 ./Core/Src/main.o
                0x08003cfc                HAL_TIM_PeriodElapsedCallback
 .text.SystemClock_Config
                0x08003d1c       0x66 ./Core/Src/main.o
                0x08003d1c                SystemClock_Config
 *fill*         0x08003d82        0x2 
 .text.Status_Change
                0x08003d84       0x28 ./Core/Src/main.o
                0x08003d84                Status_Change
 .text.Long_to_byte
                0x08003dac       0x10 ./Core/Src/main.o
                0x08003dac                Long_to_byte
 .text.HMI_Transmit
                0x08003dbc       0x18 ./Core/Src/main.o
                0x08003dbc                HMI_Transmit
 .text.HMI_Command
                0x08003dd4       0x32 ./Core/Src/main.o
                0x08003dd4                HMI_Command
 *fill*         0x08003e06        0x2 
 .text.extras_rd
                0x08003e08      0x190 ./Core/Src/main.o
                0x08003e08                extras_rd
 .text.CRC16    0x08003f98       0x40 ./Core/Src/main.o
                0x08003f98                CRC16
 .text.checksum_8bit
                0x08003fd8       0x18 ./Core/Src/main.o
                0x08003fd8                checksum_8bit
 .text.tbox_start
                0x08003ff0      0x114 ./Core/Src/main.o
                0x08003ff0                tbox_start
 .text.tbox_finish
                0x08004104      0x10c ./Core/Src/main.o
                0x08004104                tbox_finish
 .text.printer_transmit
                0x08004210       0x28 ./Core/Src/main.o
                0x08004210                printer_transmit
 .text.printer_process
                0x08004238      0x2c8 ./Core/Src/main.o
                0x08004238                printer_process
 .text.printer_rd
                0x08004500      0x154 ./Core/Src/main.o
                0x08004500                printer_rd
 .text.eeprom_w
                0x08004654       0x40 ./Core/Src/main.o
                0x08004654                eeprom_w
 .text.eeprom_check
                0x08004694       0x50 ./Core/Src/main.o
                0x08004694                eeprom_check
 .text.eeprom_r
                0x080046e4      0x2a8 ./Core/Src/main.o
                0x080046e4                eeprom_r
 .text.rtc_set  0x0800498c       0x54 ./Core/Src/main.o
                0x0800498c                rtc_set
 .text.Unlock_Meter
                0x080049e0       0xe0 ./Core/Src/main.o
                0x080049e0                Unlock_Meter
 .text.BCD2ASC  0x08004ac0       0x30 ./Core/Src/main.o
                0x08004ac0                BCD2ASC
 .text.time_update
                0x08004af0      0x3e8 ./Core/Src/main.o
                0x08004af0                time_update
 .text.Dur_hms_cal
                0x08004ed8      0x10c ./Core/Src/main.o
                0x08004ed8                Dur_hms_cal
 .text.Read_Pulse
                0x08004fe4       0x84 ./Core/Src/main.o
                0x08004fe4                Read_Pulse
 .text.Read_Distance
                0x08005068       0x60 ./Core/Src/main.o
                0x08005068                Read_Distance
 .text.Read_Speed
                0x080050c8       0x50 ./Core/Src/main.o
                0x080050c8                Read_Speed
 .text.Flag_Control_Up
                0x08005118       0x30 ./Core/Src/main.o
                0x08005118                Flag_Control_Up
 .text.Flag_Control_Down
                0x08005148       0x30 ./Core/Src/main.o
                0x08005148                Flag_Control_Down
 .text.Anti_Tamper_Handle
                0x08005178      0x150 ./Core/Src/main.o
                0x08005178                Anti_Tamper_Handle
 .text.Dec2ASC  0x080052c8       0x3c ./Core/Src/main.o
                0x080052c8                Dec2ASC
 .text.Fare_Calculation
                0x08005304      0x4fc ./Core/Src/main.o
                0x08005304                Fare_Calculation
 .text.ASC2Dec  0x08005800       0x24 ./Core/Src/main.o
                0x08005800                ASC2Dec
 .text.E_read   0x08005824      0x478 ./Core/Src/main.o
                0x08005824                E_read
 .text.printer_e
                0x08005c9c      0x58c ./Core/Src/main.o
                0x08005c9c                printer_e
 .text.check_rd
                0x08006228       0x40 ./Core/Src/main.o
                0x08006228                check_rd
 .text.E_write  0x08006268      0x30c ./Core/Src/main.o
                0x08006268                E_write
 .text.clear_rd
                0x08006574       0x9c ./Core/Src/main.o
                0x08006574                clear_rd
 .text.HMI_Vacant_W
                0x08006610      0x8e8 ./Core/Src/main.o
                0x08006610                HMI_Vacant_W
 .text.Voice_init
                0x08006ef8       0x80 ./Core/Src/main.o
                0x08006ef8                Voice_init
 .text.Voice_start
                0x08006f78       0x18 ./Core/Src/main.o
                0x08006f78                Voice_start
 .text.HMI_Hired_W
                0x08006f90      0x3b8 ./Core/Src/main.o
                0x08006f90                HMI_Hired_W
 .text.Voice_end
                0x08007348       0x18 ./Core/Src/main.o
                0x08007348                Voice_end
 .text.cal_vcan
                0x08007360      0x230 ./Core/Src/main.o
                0x08007360                cal_vcan
 .text.cal_vcn  0x08007590      0x22c ./Core/Src/main.o
                0x08007590                cal_vcn
 .text.cal_ven  0x080077bc      0x222 ./Core/Src/main.o
                0x080077bc                cal_ven
 *fill*         0x080079de        0x2 
 .text.HMI_Stop_W
                0x080079e0      0xc90 ./Core/Src/main.o
                0x080079e0                HMI_Stop_W
 .text.Status_Check
                0x08008670      0x448 ./Core/Src/main.o
                0x08008670                Status_Check
 .text.startup.main
                0x08008ab8      0x854 ./Core/Src/main.o
                0x08008ab8                main
 .text.Error_Handler
                0x0800930c        0x4 ./Core/Src/main.o
                0x0800930c                Error_Handler
 .text.PCF2129_Init
                0x08009310       0x2c ./Core/Src/pcf2129.o
                0x08009310                PCF2129_Init
 .text.PCF2129_getDate
                0x0800933c      0x14c ./Core/Src/pcf2129.o
                0x0800933c                PCF2129_getDate
 .text.PCF2129_read
                0x08009488       0x40 ./Core/Src/pcf2129.o
                0x08009488                PCF2129_read
 .text.PCF2129_write
                0x080094c8       0x2c ./Core/Src/pcf2129.o
                0x080094c8                PCF2129_write
 .text.PCF2129_setDate
                0x080094f4       0x4a ./Core/Src/pcf2129.o
                0x080094f4                PCF2129_setDate
 .text.PCF2129_set24mode
                0x0800953e       0x14 ./Core/Src/pcf2129.o
                0x0800953e                PCF2129_set24mode
 .text.PCF2129_configure
                0x08009552        0x8 ./Core/Src/pcf2129.o
                0x08009552                PCF2129_configure
 .text.bcdToDec
                0x0800955a       0x12 ./Core/Src/pcf2129.o
                0x0800955a                bcdToDec
 .text.decToBcd
                0x0800956c       0x1a ./Core/Src/pcf2129.o
                0x0800956c                decToBcd
 *fill*         0x08009586        0x2 
 .text.unixToUtc
                0x08009588      0x138 ./Core/Src/pcf2129.o
                0x08009588                unixToUtc
 .text.utcToUnix
                0x080096c0       0xf4 ./Core/Src/pcf2129.o
                0x080096c0                utcToUnix
 .text.HAL_MspInit
                0x080097b4       0x34 ./Core/Src/stm32g0xx_hal_msp.o
                0x080097b4                HAL_MspInit
 .text.HAL_I2C_MspInit
                0x080097e8       0xdc ./Core/Src/stm32g0xx_hal_msp.o
                0x080097e8                HAL_I2C_MspInit
 .text.HAL_UART_MspInit
                0x080098c4      0x248 ./Core/Src/stm32g0xx_hal_msp.o
                0x080098c4                HAL_UART_MspInit
 .text.HAL_SPI_MspInit
                0x08009b0c       0x6c ./Core/Src/stm32g0xx_hal_msp.o
                0x08009b0c                HAL_SPI_MspInit
 .text.HAL_TIM_IC_MspInit
                0x08009b78       0xe0 ./Core/Src/stm32g0xx_hal_msp.o
                0x08009b78                HAL_TIM_IC_MspInit
 .text.HAL_TIM_Base_MspInit
                0x08009c58       0x38 ./Core/Src/stm32g0xx_hal_msp.o
                0x08009c58                HAL_TIM_Base_MspInit
 .text.SDTimer_Handler
                0x08009c90       0x2c ./Core/Src/stm32g0xx_it.o
                0x08009c90                SDTimer_Handler
 .text.NMI_Handler
                0x08009cbc        0x2 ./Core/Src/stm32g0xx_it.o
                0x08009cbc                NMI_Handler
 .text.HardFault_Handler
                0x08009cbe        0x2 ./Core/Src/stm32g0xx_it.o
                0x08009cbe                HardFault_Handler
 .text.SVC_Handler
                0x08009cc0        0x2 ./Core/Src/stm32g0xx_it.o
                0x08009cc0                SVC_Handler
 .text.PendSV_Handler
                0x08009cc2        0x2 ./Core/Src/stm32g0xx_it.o
                0x08009cc2                PendSV_Handler
 .text.SysTick_Handler
                0x08009cc4       0x24 ./Core/Src/stm32g0xx_it.o
                0x08009cc4                SysTick_Handler
 .text.DMA1_Channel1_IRQHandler
                0x08009ce8       0x10 ./Core/Src/stm32g0xx_it.o
                0x08009ce8                DMA1_Channel1_IRQHandler
 .text.TIM1_CC_IRQHandler
                0x08009cf8       0x10 ./Core/Src/stm32g0xx_it.o
                0x08009cf8                TIM1_CC_IRQHandler
 .text.TIM2_IRQHandler
                0x08009d08       0x10 ./Core/Src/stm32g0xx_it.o
                0x08009d08                TIM2_IRQHandler
 .text.TIM3_IRQHandler
                0x08009d18       0x10 ./Core/Src/stm32g0xx_it.o
                0x08009d18                TIM3_IRQHandler
 .text.I2C1_IRQHandler
                0x08009d28       0x20 ./Core/Src/stm32g0xx_it.o
                0x08009d28                I2C1_IRQHandler
 .text.SPI1_IRQHandler
                0x08009d48       0x10 ./Core/Src/stm32g0xx_it.o
                0x08009d48                SPI1_IRQHandler
 .text.USART1_IRQHandler
                0x08009d58       0x18 ./Core/Src/stm32g0xx_it.o
                0x08009d58                USART1_IRQHandler
 .text.USART2_IRQHandler
                0x08009d70       0x10 ./Core/Src/stm32g0xx_it.o
                0x08009d70                USART2_IRQHandler
 .text.USART3_4_LPUART1_IRQHandler
                0x08009d80       0x24 ./Core/Src/stm32g0xx_it.o
                0x08009d80                USART3_4_LPUART1_IRQHandler
 .text._sbrk    0x08009da4       0x40 ./Core/Src/sysmem.o
                0x08009da4                _sbrk
 .text.SystemInit
                0x08009de4        0x2 ./Core/Src/system_stm32g0xx.o
                0x08009de4                SystemInit
 *fill*         0x08009de6        0x2 
 .text.Reset_Handler
                0x08009de8       0x50 ./Core/Startup/startup_stm32g071rbtx.o
                0x08009de8                Reset_Handler
 .text.Default_Handler
                0x08009e38        0x2 ./Core/Startup/startup_stm32g071rbtx.o
                0x08009e38                ADC1_COMP_IRQHandler
                0x08009e38                PVD_IRQHandler
                0x08009e38                TIM7_LPTIM2_IRQHandler
                0x08009e38                RTC_TAMP_IRQHandler
                0x08009e38                EXTI2_3_IRQHandler
                0x08009e38                I2C2_IRQHandler
                0x08009e38                TIM17_IRQHandler
                0x08009e38                TIM16_IRQHandler
                0x08009e38                EXTI4_15_IRQHandler
                0x08009e38                RCC_IRQHandler
                0x08009e38                Default_Handler
                0x08009e38                CEC_IRQHandler
                0x08009e38                TIM14_IRQHandler
                0x08009e38                TIM15_IRQHandler
                0x08009e38                EXTI0_1_IRQHandler
                0x08009e38                SPI2_IRQHandler
                0x08009e38                TIM6_DAC_LPTIM1_IRQHandler
                0x08009e38                WWDG_IRQHandler
                0x08009e38                DMA1_Ch4_7_DMAMUX1_OVR_IRQHandler
                0x08009e38                DMA1_Channel2_3_IRQHandler
                0x08009e38                UCPD1_2_IRQHandler
                0x08009e38                FLASH_IRQHandler
                0x08009e38                TIM1_BRK_UP_TRG_COM_IRQHandler
 *fill*         0x08009e3a        0x2 
 .text.HAL_InitTick
                0x08009e3c       0x50 ./Drivers/STM32G0xx_HAL_Driver/Src/stm32g0xx_hal.o
                0x08009e3c                HAL_InitTick
 .text.HAL_Init
                0x08009e8c       0x28 ./Drivers/STM32G0xx_HAL_Driver/Src/stm32g0xx_hal.o
                0x08009e8c                HAL_Init
 .text.HAL_IncTick
                0x08009eb4       0x18 ./Drivers/STM32G0xx_HAL_Driver/Src/stm32g0xx_hal.o
                0x08009eb4                HAL_IncTick
 .text.HAL_GetTick
                0x08009ecc        0xc ./Drivers/STM32G0xx_HAL_Driver/Src/stm32g0xx_hal.o
                0x08009ecc                HAL_GetTick
 .text.HAL_Delay
                0x08009ed8       0x24 ./Drivers/STM32G0xx_HAL_Driver/Src/stm32g0xx_hal.o
                0x08009ed8                HAL_Delay
 .text.HAL_SYSCFG_StrobeDBattpinsConfig
                0x08009efc       0x18 ./Drivers/STM32G0xx_HAL_Driver/Src/stm32g0xx_hal.o
                0x08009efc                HAL_SYSCFG_StrobeDBattpinsConfig
 .text.HAL_NVIC_SetPriority
                0x08009f14       0x54 ./Drivers/STM32G0xx_HAL_Driver/Src/stm32g0xx_hal_cortex.o
                0x08009f14                HAL_NVIC_SetPriority
 .text.HAL_NVIC_EnableIRQ
                0x08009f68       0x18 ./Drivers/STM32G0xx_HAL_Driver/Src/stm32g0xx_hal_cortex.o
                0x08009f68                HAL_NVIC_EnableIRQ
 .text.HAL_SYSTICK_Config
                0x08009f80       0x34 ./Drivers/STM32G0xx_HAL_Driver/Src/stm32g0xx_hal_cortex.o
                0x08009f80                HAL_SYSTICK_Config
 .text.DMA_SetConfig
                0x08009fb4       0x40 ./Drivers/STM32G0xx_HAL_Driver/Src/stm32g0xx_hal_dma.o
 .text.DMA_CalcDMAMUXChannelBaseAndMask
                0x08009ff4       0x34 ./Drivers/STM32G0xx_HAL_Driver/Src/stm32g0xx_hal_dma.o
 .text.HAL_DMA_Init
                0x0800a028       0xb4 ./Drivers/STM32G0xx_HAL_Driver/Src/stm32g0xx_hal_dma.o
                0x0800a028                HAL_DMA_Init
 .text.HAL_DMA_Start_IT
                0x0800a0dc       0x90 ./Drivers/STM32G0xx_HAL_Driver/Src/stm32g0xx_hal_dma.o
                0x0800a0dc                HAL_DMA_Start_IT
 .text.HAL_DMA_Abort
                0x0800a16c       0x74 ./Drivers/STM32G0xx_HAL_Driver/Src/stm32g0xx_hal_dma.o
                0x0800a16c                HAL_DMA_Abort
 .text.HAL_DMA_Abort_IT
                0x0800a1e0       0x74 ./Drivers/STM32G0xx_HAL_Driver/Src/stm32g0xx_hal_dma.o
                0x0800a1e0                HAL_DMA_Abort_IT
 .text.HAL_DMA_IRQHandler
                0x0800a254       0xa8 ./Drivers/STM32G0xx_HAL_Driver/Src/stm32g0xx_hal_dma.o
                0x0800a254                HAL_DMA_IRQHandler
 .text.HAL_DMA_GetState
                0x0800a2fc        0x8 ./Drivers/STM32G0xx_HAL_Driver/Src/stm32g0xx_hal_dma.o
                0x0800a2fc                HAL_DMA_GetState
 .text.HAL_DMA_GetError
                0x0800a304        0x4 ./Drivers/STM32G0xx_HAL_Driver/Src/stm32g0xx_hal_dma.o
                0x0800a304                HAL_DMA_GetError
 .text.HAL_GPIO_Init
                0x0800a308      0x164 ./Drivers/STM32G0xx_HAL_Driver/Src/stm32g0xx_hal_gpio.o
                0x0800a308                HAL_GPIO_Init
 .text.HAL_GPIO_ReadPin
                0x0800a46c        0xc ./Drivers/STM32G0xx_HAL_Driver/Src/stm32g0xx_hal_gpio.o
                0x0800a46c                HAL_GPIO_ReadPin
 .text.HAL_GPIO_WritePin
                0x0800a478        0xc ./Drivers/STM32G0xx_HAL_Driver/Src/stm32g0xx_hal_gpio.o
                0x0800a478                HAL_GPIO_WritePin
 .text.I2C_Flush_TXDR
                0x0800a484       0x1c ./Drivers/STM32G0xx_HAL_Driver/Src/stm32g0xx_hal_i2c.o
 .text.I2C_TransferConfig
                0x0800a4a0       0x2c ./Drivers/STM32G0xx_HAL_Driver/Src/stm32g0xx_hal_i2c.o
 .text.I2C_Disable_IRQ
                0x0800a4cc       0x48 ./Drivers/STM32G0xx_HAL_Driver/Src/stm32g0xx_hal_i2c.o
 .text.I2C_IsErrorOccurred
                0x0800a514      0x11c ./Drivers/STM32G0xx_HAL_Driver/Src/stm32g0xx_hal_i2c.o
 .text.I2C_WaitOnTXISFlagUntilTimeout
                0x0800a630       0x54 ./Drivers/STM32G0xx_HAL_Driver/Src/stm32g0xx_hal_i2c.o
 .text.I2C_WaitOnSTOPFlagUntilTimeout
                0x0800a684       0x50 ./Drivers/STM32G0xx_HAL_Driver/Src/stm32g0xx_hal_i2c.o
 .text.I2C_WaitOnRXNEFlagUntilTimeout
                0x0800a6d4       0x98 ./Drivers/STM32G0xx_HAL_Driver/Src/stm32g0xx_hal_i2c.o
 .text.I2C_WaitOnFlagUntilTimeout
                0x0800a76c       0x50 ./Drivers/STM32G0xx_HAL_Driver/Src/stm32g0xx_hal_i2c.o
 .text.I2C_RequestMemoryWrite
                0x0800a7bc       0x64 ./Drivers/STM32G0xx_HAL_Driver/Src/stm32g0xx_hal_i2c.o
 .text.I2C_RequestMemoryRead
                0x0800a820       0x64 ./Drivers/STM32G0xx_HAL_Driver/Src/stm32g0xx_hal_i2c.o
 .text.HAL_I2C_Init
                0x0800a884       0xac ./Drivers/STM32G0xx_HAL_Driver/Src/stm32g0xx_hal_i2c.o
                0x0800a884                HAL_I2C_Init
 .text.HAL_I2C_Master_Transmit
                0x0800a930      0x118 ./Drivers/STM32G0xx_HAL_Driver/Src/stm32g0xx_hal_i2c.o
                0x0800a930                HAL_I2C_Master_Transmit
 .text.HAL_I2C_Master_Receive
                0x0800aa48      0x11c ./Drivers/STM32G0xx_HAL_Driver/Src/stm32g0xx_hal_i2c.o
                0x0800aa48                HAL_I2C_Master_Receive
 .text.HAL_I2C_Mem_Write
                0x0800ab64      0x164 ./Drivers/STM32G0xx_HAL_Driver/Src/stm32g0xx_hal_i2c.o
                0x0800ab64                HAL_I2C_Mem_Write
 .text.HAL_I2C_Mem_Read
                0x0800acc8      0x174 ./Drivers/STM32G0xx_HAL_Driver/Src/stm32g0xx_hal_i2c.o
                0x0800acc8                HAL_I2C_Mem_Read
 .text.HAL_I2C_EV_IRQHandler
                0x0800ae3c       0x12 ./Drivers/STM32G0xx_HAL_Driver/Src/stm32g0xx_hal_i2c.o
                0x0800ae3c                HAL_I2C_EV_IRQHandler
 .text.HAL_I2C_SlaveTxCpltCallback
                0x0800ae4e        0x2 ./Drivers/STM32G0xx_HAL_Driver/Src/stm32g0xx_hal_i2c.o
                0x0800ae4e                HAL_I2C_SlaveTxCpltCallback
 .text.HAL_I2C_SlaveRxCpltCallback
                0x0800ae50        0x2 ./Drivers/STM32G0xx_HAL_Driver/Src/stm32g0xx_hal_i2c.o
                0x0800ae50                HAL_I2C_SlaveRxCpltCallback
 *fill*         0x0800ae52        0x2 
 .text.I2C_ITSlaveSeqCplt
                0x0800ae54       0x80 ./Drivers/STM32G0xx_HAL_Driver/Src/stm32g0xx_hal_i2c.o
 .text.HAL_I2C_AddrCallback
                0x0800aed4        0x2 ./Drivers/STM32G0xx_HAL_Driver/Src/stm32g0xx_hal_i2c.o
                0x0800aed4                HAL_I2C_AddrCallback
 .text.I2C_ITAddrCplt.constprop.0
                0x0800aed6       0x9a ./Drivers/STM32G0xx_HAL_Driver/Src/stm32g0xx_hal_i2c.o
 .text.HAL_I2C_ListenCpltCallback
                0x0800af70        0x2 ./Drivers/STM32G0xx_HAL_Driver/Src/stm32g0xx_hal_i2c.o
                0x0800af70                HAL_I2C_ListenCpltCallback
 *fill*         0x0800af72        0x2 
 .text.I2C_ITListenCplt
                0x0800af74       0x6c ./Drivers/STM32G0xx_HAL_Driver/Src/stm32g0xx_hal_i2c.o
 .text.HAL_I2C_ErrorCallback
                0x0800afe0        0x2 ./Drivers/STM32G0xx_HAL_Driver/Src/stm32g0xx_hal_i2c.o
                0x0800afe0                HAL_I2C_ErrorCallback
 .text.HAL_I2C_AbortCpltCallback
                0x0800afe2        0x2 ./Drivers/STM32G0xx_HAL_Driver/Src/stm32g0xx_hal_i2c.o
                0x0800afe2                HAL_I2C_AbortCpltCallback
 .text.I2C_TreatErrorCallback
                0x0800afe4       0x2a ./Drivers/STM32G0xx_HAL_Driver/Src/stm32g0xx_hal_i2c.o
 *fill*         0x0800b00e        0x2 
 .text.I2C_ITError
                0x0800b010       0xf0 ./Drivers/STM32G0xx_HAL_Driver/Src/stm32g0xx_hal_i2c.o
 .text.HAL_I2C_ER_IRQHandler
                0x0800b100       0x58 ./Drivers/STM32G0xx_HAL_Driver/Src/stm32g0xx_hal_i2c.o
                0x0800b100                HAL_I2C_ER_IRQHandler
 .text.I2C_ITSlaveCplt.constprop.0
                0x0800b158      0x134 ./Drivers/STM32G0xx_HAL_Driver/Src/stm32g0xx_hal_i2c.o
 .text.I2C_Slave_ISR_IT
                0x0800b28c      0x124 ./Drivers/STM32G0xx_HAL_Driver/Src/stm32g0xx_hal_i2c.o
 .text.I2C_DMAAbort
                0x0800b3b0       0x1e ./Drivers/STM32G0xx_HAL_Driver/Src/stm32g0xx_hal_i2c.o
 *fill*         0x0800b3ce        0x2 
 .text.HAL_I2CEx_ConfigAnalogFilter
                0x0800b3d0       0x4c ./Drivers/STM32G0xx_HAL_Driver/Src/stm32g0xx_hal_i2c_ex.o
                0x0800b3d0                HAL_I2CEx_ConfigAnalogFilter
 .text.HAL_I2CEx_ConfigDigitalFilter
                0x0800b41c       0x48 ./Drivers/STM32G0xx_HAL_Driver/Src/stm32g0xx_hal_i2c_ex.o
                0x0800b41c                HAL_I2CEx_ConfigDigitalFilter
 .text.HAL_PWREx_ControlVoltageScaling
                0x0800b464       0x58 ./Drivers/STM32G0xx_HAL_Driver/Src/stm32g0xx_hal_pwr_ex.o
                0x0800b464                HAL_PWREx_ControlVoltageScaling
 .text.HAL_RCC_OscConfig
                0x0800b4bc      0x448 ./Drivers/STM32G0xx_HAL_Driver/Src/stm32g0xx_hal_rcc.o
                0x0800b4bc                HAL_RCC_OscConfig
 .text.HAL_RCC_MCOConfig
                0x0800b904       0x54 ./Drivers/STM32G0xx_HAL_Driver/Src/stm32g0xx_hal_rcc.o
                0x0800b904                HAL_RCC_MCOConfig
 .text.HAL_RCC_GetSysClockFreq
                0x0800b958       0x88 ./Drivers/STM32G0xx_HAL_Driver/Src/stm32g0xx_hal_rcc.o
                0x0800b958                HAL_RCC_GetSysClockFreq
 .text.HAL_RCC_ClockConfig
                0x0800b9e0      0x15c ./Drivers/STM32G0xx_HAL_Driver/Src/stm32g0xx_hal_rcc.o
                0x0800b9e0                HAL_RCC_ClockConfig
 .text.HAL_RCC_GetPCLK1Freq
                0x0800bb3c       0x28 ./Drivers/STM32G0xx_HAL_Driver/Src/stm32g0xx_hal_rcc.o
                0x0800bb3c                HAL_RCC_GetPCLK1Freq
 .text.HAL_RCCEx_PeriphCLKConfig
                0x0800bb64      0x208 ./Drivers/STM32G0xx_HAL_Driver/Src/stm32g0xx_hal_rcc_ex.o
                0x0800bb64                HAL_RCCEx_PeriphCLKConfig
 .text.SPI_WaitFlagStateUntilTimeout.constprop.0
                0x0800bd6c       0xb8 ./Drivers/STM32G0xx_HAL_Driver/Src/stm32g0xx_hal_spi.o
 .text.SPI_WaitFifoStateUntilTimeout.constprop.0
                0x0800be24       0xd8 ./Drivers/STM32G0xx_HAL_Driver/Src/stm32g0xx_hal_spi.o
 .text.SPI_EndRxTxTransaction
                0x0800befc       0x46 ./Drivers/STM32G0xx_HAL_Driver/Src/stm32g0xx_hal_spi.o
 *fill*         0x0800bf42        0x2 
 .text.HAL_SPI_Init
                0x0800bf44       0xf0 ./Drivers/STM32G0xx_HAL_Driver/Src/stm32g0xx_hal_spi.o
                0x0800bf44                HAL_SPI_Init
 .text.HAL_SPI_Transmit
                0x0800c034      0x17a ./Drivers/STM32G0xx_HAL_Driver/Src/stm32g0xx_hal_spi.o
                0x0800c034                HAL_SPI_Transmit
 *fill*         0x0800c1ae        0x2 
 .text.HAL_SPI_TransmitReceive
                0x0800c1b0      0x200 ./Drivers/STM32G0xx_HAL_Driver/Src/stm32g0xx_hal_spi.o
                0x0800c1b0                HAL_SPI_TransmitReceive
 .text.HAL_SPI_ErrorCallback
                0x0800c3b0        0x2 ./Drivers/STM32G0xx_HAL_Driver/Src/stm32g0xx_hal_spi.o
                0x0800c3b0                HAL_SPI_ErrorCallback
 *fill*         0x0800c3b2        0x2 
 .text.HAL_SPI_IRQHandler
                0x0800c3b4      0x108 ./Drivers/STM32G0xx_HAL_Driver/Src/stm32g0xx_hal_spi.o
                0x0800c3b4                HAL_SPI_IRQHandler
 .text.SPI_DMAAbortOnError
                0x0800c4bc       0x14 ./Drivers/STM32G0xx_HAL_Driver/Src/stm32g0xx_hal_spi.o
 .text.HAL_TIM_Base_Start_IT
                0x0800c4d0       0x68 ./Drivers/STM32G0xx_HAL_Driver/Src/stm32g0xx_hal_tim.o
                0x0800c4d0                HAL_TIM_Base_Start_IT
 .text.HAL_TIM_ReadCapturedValue
                0x0800c538       0x2e ./Drivers/STM32G0xx_HAL_Driver/Src/stm32g0xx_hal_tim.o
                0x0800c538                HAL_TIM_ReadCapturedValue
 .text.HAL_TIM_OC_DelayElapsedCallback
                0x0800c566        0x2 ./Drivers/STM32G0xx_HAL_Driver/Src/stm32g0xx_hal_tim.o
                0x0800c566                HAL_TIM_OC_DelayElapsedCallback
 .text.HAL_TIM_PWM_PulseFinishedCallback
                0x0800c568        0x2 ./Drivers/STM32G0xx_HAL_Driver/Src/stm32g0xx_hal_tim.o
                0x0800c568                HAL_TIM_PWM_PulseFinishedCallback
 .text.HAL_TIM_TriggerCallback
                0x0800c56a        0x2 ./Drivers/STM32G0xx_HAL_Driver/Src/stm32g0xx_hal_tim.o
                0x0800c56a                HAL_TIM_TriggerCallback
 .text.HAL_TIM_IRQHandler
                0x0800c56c      0x168 ./Drivers/STM32G0xx_HAL_Driver/Src/stm32g0xx_hal_tim.o
                0x0800c56c                HAL_TIM_IRQHandler
 .text.TIM_Base_SetConfig
                0x0800c6d4       0xa0 ./Drivers/STM32G0xx_HAL_Driver/Src/stm32g0xx_hal_tim.o
                0x0800c6d4                TIM_Base_SetConfig
 .text.HAL_TIM_Base_Init
                0x0800c774       0x54 ./Drivers/STM32G0xx_HAL_Driver/Src/stm32g0xx_hal_tim.o
                0x0800c774                HAL_TIM_Base_Init
 .text.HAL_TIM_IC_Init
                0x0800c7c8       0x54 ./Drivers/STM32G0xx_HAL_Driver/Src/stm32g0xx_hal_tim.o
                0x0800c7c8                HAL_TIM_IC_Init
 .text.TIM_TI1_SetConfig
                0x0800c81c       0x5c ./Drivers/STM32G0xx_HAL_Driver/Src/stm32g0xx_hal_tim.o
                0x0800c81c                TIM_TI1_SetConfig
 .text.HAL_TIM_IC_ConfigChannel
                0x0800c878      0x150 ./Drivers/STM32G0xx_HAL_Driver/Src/stm32g0xx_hal_tim.o
                0x0800c878                HAL_TIM_IC_ConfigChannel
 .text.TIM_ETR_SetConfig
                0x0800c9c8       0x18 ./Drivers/STM32G0xx_HAL_Driver/Src/stm32g0xx_hal_tim.o
                0x0800c9c8                TIM_ETR_SetConfig
 .text.HAL_TIM_ConfigClockSource
                0x0800c9e0      0x130 ./Drivers/STM32G0xx_HAL_Driver/Src/stm32g0xx_hal_tim.o
                0x0800c9e0                HAL_TIM_ConfigClockSource
 .text.TIM_CCxChannelCmd
                0x0800cb10       0x1a ./Drivers/STM32G0xx_HAL_Driver/Src/stm32g0xx_hal_tim.o
                0x0800cb10                TIM_CCxChannelCmd
 *fill*         0x0800cb2a        0x2 
 .text.HAL_TIM_IC_Start_IT
                0x0800cb2c      0x134 ./Drivers/STM32G0xx_HAL_Driver/Src/stm32g0xx_hal_tim.o
                0x0800cb2c                HAL_TIM_IC_Start_IT
 .text.HAL_TIMEx_MasterConfigSynchronization
                0x0800cc60       0x74 ./Drivers/STM32G0xx_HAL_Driver/Src/stm32g0xx_hal_tim_ex.o
                0x0800cc60                HAL_TIMEx_MasterConfigSynchronization
 .text.HAL_TIMEx_CommutCallback
                0x0800ccd4        0x2 ./Drivers/STM32G0xx_HAL_Driver/Src/stm32g0xx_hal_tim_ex.o
                0x0800ccd4                HAL_TIMEx_CommutCallback
 .text.HAL_TIMEx_BreakCallback
                0x0800ccd6        0x2 ./Drivers/STM32G0xx_HAL_Driver/Src/stm32g0xx_hal_tim_ex.o
                0x0800ccd6                HAL_TIMEx_BreakCallback
 .text.HAL_TIMEx_Break2Callback
                0x0800ccd8        0x2 ./Drivers/STM32G0xx_HAL_Driver/Src/stm32g0xx_hal_tim_ex.o
                0x0800ccd8                HAL_TIMEx_Break2Callback
 *fill*         0x0800ccda        0x2 
 .text.UART_EndTxTransfer
                0x0800ccdc       0x3c ./Drivers/STM32G0xx_HAL_Driver/Src/stm32g0xx_hal_uart.o
 .text.UART_EndRxTransfer
                0x0800cd18       0x64 ./Drivers/STM32G0xx_HAL_Driver/Src/stm32g0xx_hal_uart.o
 .text.HAL_UART_DMAStop
                0x0800cd7c       0xa4 ./Drivers/STM32G0xx_HAL_Driver/Src/stm32g0xx_hal_uart.o
                0x0800cd7c                HAL_UART_DMAStop
 .text.HAL_UART_AbortReceive
                0x0800ce20       0xc0 ./Drivers/STM32G0xx_HAL_Driver/Src/stm32g0xx_hal_uart.o
                0x0800ce20                HAL_UART_AbortReceive
 .text.HAL_UART_TxCpltCallback
                0x0800cee0        0x2 ./Drivers/STM32G0xx_HAL_Driver/Src/stm32g0xx_hal_uart.o
                0x0800cee0                HAL_UART_TxCpltCallback
 .text.HAL_UART_RxHalfCpltCallback
                0x0800cee2        0x2 ./Drivers/STM32G0xx_HAL_Driver/Src/stm32g0xx_hal_uart.o
                0x0800cee2                HAL_UART_RxHalfCpltCallback
 .text.UART_DMAError
                0x0800cee4       0x56 ./Drivers/STM32G0xx_HAL_Driver/Src/stm32g0xx_hal_uart.o
 .text.UART_DMAAbortOnError
                0x0800cf3a       0x16 ./Drivers/STM32G0xx_HAL_Driver/Src/stm32g0xx_hal_uart.o
 .text.HAL_UARTEx_RxEventCallback
                0x0800cf50        0x2 ./Drivers/STM32G0xx_HAL_Driver/Src/stm32g0xx_hal_uart.o
                0x0800cf50                HAL_UARTEx_RxEventCallback
 *fill*         0x0800cf52        0x2 
 .text.HAL_UART_IRQHandler
                0x0800cf54      0x32c ./Drivers/STM32G0xx_HAL_Driver/Src/stm32g0xx_hal_uart.o
                0x0800cf54                HAL_UART_IRQHandler
 .text.UART_RxISR_8BIT
                0x0800d280       0xb0 ./Drivers/STM32G0xx_HAL_Driver/Src/stm32g0xx_hal_uart.o
 .text.UART_RxISR_16BIT
                0x0800d330       0xb0 ./Drivers/STM32G0xx_HAL_Driver/Src/stm32g0xx_hal_uart.o
 .text.UART_RxISR_8BIT_FIFOEN
                0x0800d3e0      0x1a4 ./Drivers/STM32G0xx_HAL_Driver/Src/stm32g0xx_hal_uart.o
 .text.UART_RxISR_16BIT_FIFOEN
                0x0800d584      0x1a0 ./Drivers/STM32G0xx_HAL_Driver/Src/stm32g0xx_hal_uart.o
 .text.UART_DMARxHalfCplt
                0x0800d724       0x1e ./Drivers/STM32G0xx_HAL_Driver/Src/stm32g0xx_hal_uart.o
 *fill*         0x0800d742        0x2 
 .text.UART_DMAReceiveCplt
                0x0800d744       0x9c ./Drivers/STM32G0xx_HAL_Driver/Src/stm32g0xx_hal_uart.o
 .text.UART_SetConfig
                0x0800d7e0      0x230 ./Drivers/STM32G0xx_HAL_Driver/Src/stm32g0xx_hal_uart.o
                0x0800d7e0                UART_SetConfig
 .text.UART_AdvFeatureConfig
                0x0800da10       0xd0 ./Drivers/STM32G0xx_HAL_Driver/Src/stm32g0xx_hal_uart.o
                0x0800da10                UART_AdvFeatureConfig
 .text.UART_WaitOnFlagUntilTimeout
                0x0800dae0       0xcc ./Drivers/STM32G0xx_HAL_Driver/Src/stm32g0xx_hal_uart.o
                0x0800dae0                UART_WaitOnFlagUntilTimeout
 .text.HAL_UART_Transmit
                0x0800dbac       0xe4 ./Drivers/STM32G0xx_HAL_Driver/Src/stm32g0xx_hal_uart.o
                0x0800dbac                HAL_UART_Transmit
 .text.UART_CheckIdleState
                0x0800dc90       0x6c ./Drivers/STM32G0xx_HAL_Driver/Src/stm32g0xx_hal_uart.o
                0x0800dc90                UART_CheckIdleState
 .text.HAL_UART_Init
                0x0800dcfc       0x68 ./Drivers/STM32G0xx_HAL_Driver/Src/stm32g0xx_hal_uart.o
                0x0800dcfc                HAL_UART_Init
 .text.UART_Start_Receive_IT
                0x0800dd64      0x138 ./Drivers/STM32G0xx_HAL_Driver/Src/stm32g0xx_hal_uart.o
                0x0800dd64                UART_Start_Receive_IT
 .text.HAL_UART_Receive_IT
                0x0800de9c       0x78 ./Drivers/STM32G0xx_HAL_Driver/Src/stm32g0xx_hal_uart.o
                0x0800de9c                HAL_UART_Receive_IT
 .text.UART_Start_Receive_DMA
                0x0800df14       0xbc ./Drivers/STM32G0xx_HAL_Driver/Src/stm32g0xx_hal_uart.o
                0x0800df14                UART_Start_Receive_DMA
 .text.HAL_UART_Receive_DMA
                0x0800dfd0       0x78 ./Drivers/STM32G0xx_HAL_Driver/Src/stm32g0xx_hal_uart.o
                0x0800dfd0                HAL_UART_Receive_DMA
 .text.UARTEx_SetNbDataToProcess
                0x0800e048       0x50 ./Drivers/STM32G0xx_HAL_Driver/Src/stm32g0xx_hal_uart_ex.o
 .text.HAL_UARTEx_WakeupCallback
                0x0800e098        0x2 ./Drivers/STM32G0xx_HAL_Driver/Src/stm32g0xx_hal_uart_ex.o
                0x0800e098                HAL_UARTEx_WakeupCallback
 .text.HAL_UARTEx_RxFifoFullCallback
                0x0800e09a        0x2 ./Drivers/STM32G0xx_HAL_Driver/Src/stm32g0xx_hal_uart_ex.o
                0x0800e09a                HAL_UARTEx_RxFifoFullCallback
 .text.HAL_UARTEx_TxFifoEmptyCallback
                0x0800e09c        0x2 ./Drivers/STM32G0xx_HAL_Driver/Src/stm32g0xx_hal_uart_ex.o
                0x0800e09c                HAL_UARTEx_TxFifoEmptyCallback
 *fill*         0x0800e09e        0x2 
 .text.HAL_UARTEx_DisableFifoMode
                0x0800e0a0       0x3c ./Drivers/STM32G0xx_HAL_Driver/Src/stm32g0xx_hal_uart_ex.o
                0x0800e0a0                HAL_UARTEx_DisableFifoMode
 .text.HAL_UARTEx_SetTxFifoThreshold
                0x0800e0dc       0x40 ./Drivers/STM32G0xx_HAL_Driver/Src/stm32g0xx_hal_uart_ex.o
                0x0800e0dc                HAL_UARTEx_SetTxFifoThreshold
 .text.HAL_UARTEx_SetRxFifoThreshold
                0x0800e11c       0x44 ./Drivers/STM32G0xx_HAL_Driver/Src/stm32g0xx_hal_uart_ex.o
                0x0800e11c                HAL_UARTEx_SetRxFifoThreshold
 .text.MX_FATFS_Init
                0x0800e160       0x28 ./FATFS/App/app_fatfs.o
                0x0800e160                MX_FATFS_Init
 .text.get_fattime
                0x0800e188        0x4 ./FATFS/App/app_fatfs.o
                0x0800e188                get_fattime
 .text.USER_initialize
                0x0800e18c        0x8 ./FATFS/Target/user_diskio.o
                0x0800e18c                USER_initialize
 .text.USER_status
                0x0800e194        0x8 ./FATFS/Target/user_diskio.o
                0x0800e194                USER_status
 .text.USER_read
                0x0800e19c        0x8 ./FATFS/Target/user_diskio.o
                0x0800e19c                USER_read
 .text.USER_write
                0x0800e1a4        0x8 ./FATFS/Target/user_diskio.o
                0x0800e1a4                USER_write
 .text.USER_ioctl
                0x0800e1ac        0x8 ./FATFS/Target/user_diskio.o
                0x0800e1ac                USER_ioctl
 .text.disk_status
                0x0800e1b4       0x1c ./Middlewares/Third_Party/FatFs/src/diskio.o
                0x0800e1b4                disk_status
 .text.disk_initialize
                0x0800e1d0       0x28 ./Middlewares/Third_Party/FatFs/src/diskio.o
                0x0800e1d0                disk_initialize
 .text.disk_read
                0x0800e1f8       0x1c ./Middlewares/Third_Party/FatFs/src/diskio.o
                0x0800e1f8                disk_read
 .text.disk_write
                0x0800e214       0x1c ./Middlewares/Third_Party/FatFs/src/diskio.o
                0x0800e214                disk_write
 .text.disk_ioctl
                0x0800e230       0x1c ./Middlewares/Third_Party/FatFs/src/diskio.o
                0x0800e230                disk_ioctl
 .text.ld_dword
                0x0800e24c       0x16 ./Middlewares/Third_Party/FatFs/src/ff.o
 .text.st_dword
                0x0800e262       0x10 ./Middlewares/Third_Party/FatFs/src/ff.o
 .text.mem_set  0x0800e272        0xc ./Middlewares/Third_Party/FatFs/src/ff.o
 *fill*         0x0800e27e        0x2 
 .text.chk_lock
                0x0800e280       0x74 ./Middlewares/Third_Party/FatFs/src/ff.o
 .text.inc_lock
                0x0800e2f4       0x8c ./Middlewares/Third_Party/FatFs/src/ff.o
 .text.dec_lock
                0x0800e380       0x3c ./Middlewares/Third_Party/FatFs/src/ff.o
 .text.clear_lock
                0x0800e3bc       0x1c ./Middlewares/Third_Party/FatFs/src/ff.o
 .text.clust2sect
                0x0800e3d8       0x18 ./Middlewares/Third_Party/FatFs/src/ff.o
 .text.clmt_clust
                0x0800e3f0       0x30 ./Middlewares/Third_Party/FatFs/src/ff.o
 .text.get_ldnumber
                0x0800e420       0x2c ./Middlewares/Third_Party/FatFs/src/ff.o
 .text.validate
                0x0800e44c       0x3c ./Middlewares/Third_Party/FatFs/src/ff.o
 .text.sync_window
                0x0800e488       0x4e ./Middlewares/Third_Party/FatFs/src/ff.o
 .text.mem_cpy.part.0
                0x0800e4d6       0x10 ./Middlewares/Third_Party/FatFs/src/ff.o
 .text.st_clust
                0x0800e4e6       0x18 ./Middlewares/Third_Party/FatFs/src/ff.o
 .text.move_window
                0x0800e4fe       0x34 ./Middlewares/Third_Party/FatFs/src/ff.o
 *fill*         0x0800e532        0x2 
 .text.check_fs
                0x0800e534       0x88 ./Middlewares/Third_Party/FatFs/src/ff.o
 .text.find_volume
                0x0800e5bc      0x310 ./Middlewares/Third_Party/FatFs/src/ff.o
 .text.put_fat  0x0800e8cc      0x132 ./Middlewares/Third_Party/FatFs/src/ff.o
 *fill*         0x0800e9fe        0x2 
 .text.sync_fs  0x0800ea00       0xac ./Middlewares/Third_Party/FatFs/src/ff.o
 .text.ld_clust.isra.0
                0x0800eaac       0x1c ./Middlewares/Third_Party/FatFs/src/ff.o
 .text.get_fat.isra.0
                0x0800eac8       0xf0 ./Middlewares/Third_Party/FatFs/src/ff.o
 .text.dir_sdi.constprop.0
                0x0800ebb8       0x6c ./Middlewares/Third_Party/FatFs/src/ff.o
 .text.remove_chain
                0x0800ec24       0x72 ./Middlewares/Third_Party/FatFs/src/ff.o
 .text.create_chain
                0x0800ec96       0xb0 ./Middlewares/Third_Party/FatFs/src/ff.o
 .text.dir_next
                0x0800ed46       0xf0 ./Middlewares/Third_Party/FatFs/src/ff.o
 *fill*         0x0800ee36        0x2 
 .text.follow_path
                0x0800ee38      0x18c ./Middlewares/Third_Party/FatFs/src/ff.o
 .text.dir_register
                0x0800efc4       0x62 ./Middlewares/Third_Party/FatFs/src/ff.o
 *fill*         0x0800f026        0x2 
 .text.f_mount  0x0800f028       0x54 ./Middlewares/Third_Party/FatFs/src/ff.o
                0x0800f028                f_mount
 .text.f_open   0x0800f07c      0x204 ./Middlewares/Third_Party/FatFs/src/ff.o
                0x0800f07c                f_open
 .text.f_write  0x0800f280      0x1b6 ./Middlewares/Third_Party/FatFs/src/ff.o
                0x0800f280                f_write
 .text.putc_bfd
                0x0800f436       0x42 ./Middlewares/Third_Party/FatFs/src/ff.o
 .text.putc_flush
                0x0800f478       0x2c ./Middlewares/Third_Party/FatFs/src/ff.o
 .text.f_sync   0x0800f4a4       0x98 ./Middlewares/Third_Party/FatFs/src/ff.o
                0x0800f4a4                f_sync
 .text.f_close  0x0800f53c       0x26 ./Middlewares/Third_Party/FatFs/src/ff.o
                0x0800f53c                f_close
 .text.f_lseek  0x0800f562      0x26a ./Middlewares/Third_Party/FatFs/src/ff.o
                0x0800f562                f_lseek
 .text.f_puts   0x0800f7cc       0x28 ./Middlewares/Third_Party/FatFs/src/ff.o
                0x0800f7cc                f_puts
 .text.FATFS_LinkDriverEx
                0x0800f7f4       0x40 ./Middlewares/Third_Party/FatFs/src/ff_gen_drv.o
                0x0800f7f4                FATFS_LinkDriverEx
 .text.FATFS_LinkDriver
                0x0800f834        0xa ./Middlewares/Third_Party/FatFs/src/ff_gen_drv.o
                0x0800f834                FATFS_LinkDriver
 *fill*         0x0800f83e        0x2 
 .text.snprintf
                0x0800f840       0x68 C:/ST/STM32CubeIDE_1.16.0/STM32CubeIDE/plugins/com.st.stm32cube.ide.mcu.externaltools.gnu-tools-for-stm32.12.3.rel1.win32_1.0.200.202406191623/tools/bin/../lib/gcc/arm-none-eabi/12.3.1/../../../../arm-none-eabi/lib/thumb/v6-m/nofp\libc_nano.a(libc_a-snprintf.o)
                0x0800f840                sniprintf
                0x0800f840                snprintf
 .text.memcmp   0x0800f8a8       0x1c C:/ST/STM32CubeIDE_1.16.0/STM32CubeIDE/plugins/com.st.stm32cube.ide.mcu.externaltools.gnu-tools-for-stm32.12.3.rel1.win32_1.0.200.202406191623/tools/bin/../lib/gcc/arm-none-eabi/12.3.1/../../../../arm-none-eabi/lib/thumb/v6-m/nofp\libc_nano.a(libc_a-memcmp.o)
                0x0800f8a8                memcmp
 .text.memset   0x0800f8c4       0x10 C:/ST/STM32CubeIDE_1.16.0/STM32CubeIDE/plugins/com.st.stm32cube.ide.mcu.externaltools.gnu-tools-for-stm32.12.3.rel1.win32_1.0.200.202406191623/tools/bin/../lib/gcc/arm-none-eabi/12.3.1/../../../../arm-none-eabi/lib/thumb/v6-m/nofp\libc_nano.a(libc_a-memset.o)
                0x0800f8c4                memset
 .text.__errno  0x0800f8d4        0xc C:/ST/STM32CubeIDE_1.16.0/STM32CubeIDE/plugins/com.st.stm32cube.ide.mcu.externaltools.gnu-tools-for-stm32.12.3.rel1.win32_1.0.200.202406191623/tools/bin/../lib/gcc/arm-none-eabi/12.3.1/../../../../arm-none-eabi/lib/thumb/v6-m/nofp\libc_nano.a(libc_a-errno.o)
                0x0800f8d4                __errno
 .text.__libc_init_array
                0x0800f8e0       0x48 C:/ST/STM32CubeIDE_1.16.0/STM32CubeIDE/plugins/com.st.stm32cube.ide.mcu.externaltools.gnu-tools-for-stm32.12.3.rel1.win32_1.0.200.202406191623/tools/bin/../lib/gcc/arm-none-eabi/12.3.1/../../../../arm-none-eabi/lib/thumb/v6-m/nofp\libc_nano.a(libc_a-init.o)
                0x0800f8e0                __libc_init_array
 .text.__retarget_lock_acquire_recursive
                0x0800f928        0x2 C:/ST/STM32CubeIDE_1.16.0/STM32CubeIDE/plugins/com.st.stm32cube.ide.mcu.externaltools.gnu-tools-for-stm32.12.3.rel1.win32_1.0.200.202406191623/tools/bin/../lib/gcc/arm-none-eabi/12.3.1/../../../../arm-none-eabi/lib/thumb/v6-m/nofp\libc_nano.a(libc_a-lock.o)
                0x0800f928                __retarget_lock_acquire_recursive
 .text.__retarget_lock_release_recursive
                0x0800f92a        0x2 C:/ST/STM32CubeIDE_1.16.0/STM32CubeIDE/plugins/com.st.stm32cube.ide.mcu.externaltools.gnu-tools-for-stm32.12.3.rel1.win32_1.0.200.202406191623/tools/bin/../lib/gcc/arm-none-eabi/12.3.1/../../../../arm-none-eabi/lib/thumb/v6-m/nofp\libc_nano.a(libc_a-lock.o)
                0x0800f92a                __retarget_lock_release_recursive
 .text.strcpy   0x0800f92c       0x10 C:/ST/STM32CubeIDE_1.16.0/STM32CubeIDE/plugins/com.st.stm32cube.ide.mcu.externaltools.gnu-tools-for-stm32.12.3.rel1.win32_1.0.200.202406191623/tools/bin/../lib/gcc/arm-none-eabi/12.3.1/../../../../arm-none-eabi/lib/thumb/v6-m/nofp\libc_nano.a(libc_a-strcpy.o)
                0x0800f92c                strcpy
 .text.memcpy   0x0800f93c       0x12 C:/ST/STM32CubeIDE_1.16.0/STM32CubeIDE/plugins/com.st.stm32cube.ide.mcu.externaltools.gnu-tools-for-stm32.12.3.rel1.win32_1.0.200.202406191623/tools/bin/../lib/gcc/arm-none-eabi/12.3.1/../../../../arm-none-eabi/lib/thumb/v6-m/nofp\libc_nano.a(libc_a-memcpy-stub.o)
                0x0800f93c                memcpy
 *fill*         0x0800f94e        0x2 
 .text._free_r  0x0800f950       0x94 C:/ST/STM32CubeIDE_1.16.0/STM32CubeIDE/plugins/com.st.stm32cube.ide.mcu.externaltools.gnu-tools-for-stm32.12.3.rel1.win32_1.0.200.202406191623/tools/bin/../lib/gcc/arm-none-eabi/12.3.1/../../../../arm-none-eabi/lib/thumb/v6-m/nofp\libc_nano.a(libc_a-freer.o)
                0x0800f950                _free_r
 .text.sbrk_aligned
                0x0800f9e4       0x44 C:/ST/STM32CubeIDE_1.16.0/STM32CubeIDE/plugins/com.st.stm32cube.ide.mcu.externaltools.gnu-tools-for-stm32.12.3.rel1.win32_1.0.200.202406191623/tools/bin/../lib/gcc/arm-none-eabi/12.3.1/../../../../arm-none-eabi/lib/thumb/v6-m/nofp\libc_nano.a(libc_a-mallocr.o)
 .text._malloc_r
                0x0800fa28      0x100 C:/ST/STM32CubeIDE_1.16.0/STM32CubeIDE/plugins/com.st.stm32cube.ide.mcu.externaltools.gnu-tools-for-stm32.12.3.rel1.win32_1.0.200.202406191623/tools/bin/../lib/gcc/arm-none-eabi/12.3.1/../../../../arm-none-eabi/lib/thumb/v6-m/nofp\libc_nano.a(libc_a-mallocr.o)
                0x0800fa28                _malloc_r
 .text.__malloc_lock
                0x0800fb28       0x10 C:/ST/STM32CubeIDE_1.16.0/STM32CubeIDE/plugins/com.st.stm32cube.ide.mcu.externaltools.gnu-tools-for-stm32.12.3.rel1.win32_1.0.200.202406191623/tools/bin/../lib/gcc/arm-none-eabi/12.3.1/../../../../arm-none-eabi/lib/thumb/v6-m/nofp\libc_nano.a(libc_a-mlock.o)
                0x0800fb28                __malloc_lock
 .text.__malloc_unlock
                0x0800fb38       0x10 C:/ST/STM32CubeIDE_1.16.0/STM32CubeIDE/plugins/com.st.stm32cube.ide.mcu.externaltools.gnu-tools-for-stm32.12.3.rel1.win32_1.0.200.202406191623/tools/bin/../lib/gcc/arm-none-eabi/12.3.1/../../../../arm-none-eabi/lib/thumb/v6-m/nofp\libc_nano.a(libc_a-mlock.o)
                0x0800fb38                __malloc_unlock
 .text.__ssputs_r
                0x0800fb48       0xc0 C:/ST/STM32CubeIDE_1.16.0/STM32CubeIDE/plugins/com.st.stm32cube.ide.mcu.externaltools.gnu-tools-for-stm32.12.3.rel1.win32_1.0.200.202406191623/tools/bin/../lib/gcc/arm-none-eabi/12.3.1/../../../../arm-none-eabi/lib/thumb/v6-m/nofp\libc_nano.a(libc_a-nano-svfprintf.o)
                0x0800fb48                __ssputs_r
 .text._svfprintf_r
                0x0800fc08      0x1fc C:/ST/STM32CubeIDE_1.16.0/STM32CubeIDE/plugins/com.st.stm32cube.ide.mcu.externaltools.gnu-tools-for-stm32.12.3.rel1.win32_1.0.200.202406191623/tools/bin/../lib/gcc/arm-none-eabi/12.3.1/../../../../arm-none-eabi/lib/thumb/v6-m/nofp\libc_nano.a(libc_a-nano-svfprintf.o)
                0x0800fc08                _svfiprintf_r
                0x0800fc08                _svfprintf_r
 .text._printf_common
                0x0800fe04       0xde C:/ST/STM32CubeIDE_1.16.0/STM32CubeIDE/plugins/com.st.stm32cube.ide.mcu.externaltools.gnu-tools-for-stm32.12.3.rel1.win32_1.0.200.202406191623/tools/bin/../lib/gcc/arm-none-eabi/12.3.1/../../../../arm-none-eabi/lib/thumb/v6-m/nofp\libc_nano.a(libc_a-nano-vfprintf_i.o)
                0x0800fe04                _printf_common
 *fill*         0x0800fee2        0x2 
 .text._printf_i
                0x0800fee4      0x21c C:/ST/STM32CubeIDE_1.16.0/STM32CubeIDE/plugins/com.st.stm32cube.ide.mcu.externaltools.gnu-tools-for-stm32.12.3.rel1.win32_1.0.200.202406191623/tools/bin/../lib/gcc/arm-none-eabi/12.3.1/../../../../arm-none-eabi/lib/thumb/v6-m/nofp\libc_nano.a(libc_a-nano-vfprintf_i.o)
                0x0800fee4                _printf_i
 .text.memmove  0x08010100       0x26 C:/ST/STM32CubeIDE_1.16.0/STM32CubeIDE/plugins/com.st.stm32cube.ide.mcu.externaltools.gnu-tools-for-stm32.12.3.rel1.win32_1.0.200.202406191623/tools/bin/../lib/gcc/arm-none-eabi/12.3.1/../../../../arm-none-eabi/lib/thumb/v6-m/nofp\libc_nano.a(libc_a-memmove.o)
                0x08010100                memmove
 *fill*         0x08010126        0x2 
 .text._sbrk_r  0x08010128       0x24 C:/ST/STM32CubeIDE_1.16.0/STM32CubeIDE/plugins/com.st.stm32cube.ide.mcu.externaltools.gnu-tools-for-stm32.12.3.rel1.win32_1.0.200.202406191623/tools/bin/../lib/gcc/arm-none-eabi/12.3.1/../../../../arm-none-eabi/lib/thumb/v6-m/nofp\libc_nano.a(libc_a-sbrkr.o)
                0x08010128                _sbrk_r
 .text.memchr   0x0801014c       0x16 C:/ST/STM32CubeIDE_1.16.0/STM32CubeIDE/plugins/com.st.stm32cube.ide.mcu.externaltools.gnu-tools-for-stm32.12.3.rel1.win32_1.0.200.202406191623/tools/bin/../lib/gcc/arm-none-eabi/12.3.1/../../../../arm-none-eabi/lib/thumb/v6-m/nofp\libc_nano.a(libc_a-memchr-stub.o)
                0x0801014c                memchr
 .text._realloc_r
                0x08010162       0x5e C:/ST/STM32CubeIDE_1.16.0/STM32CubeIDE/plugins/com.st.stm32cube.ide.mcu.externaltools.gnu-tools-for-stm32.12.3.rel1.win32_1.0.200.202406191623/tools/bin/../lib/gcc/arm-none-eabi/12.3.1/../../../../arm-none-eabi/lib/thumb/v6-m/nofp\libc_nano.a(libc_a-reallocr.o)
                0x08010162                _realloc_r
 .text._malloc_usable_size_r
                0x080101c0       0x10 C:/ST/STM32CubeIDE_1.16.0/STM32CubeIDE/plugins/com.st.stm32cube.ide.mcu.externaltools.gnu-tools-for-stm32.12.3.rel1.win32_1.0.200.202406191623/tools/bin/../lib/gcc/arm-none-eabi/12.3.1/../../../../arm-none-eabi/lib/thumb/v6-m/nofp\libc_nano.a(libc_a-msizer.o)
                0x080101c0                _malloc_usable_size_r
 *(.glue_7)
 .glue_7        0x080101d0        0x0 linker stubs
 *(.glue_7t)
 .glue_7t       0x080101d0        0x0 linker stubs
 *(.eh_frame)
 .eh_frame      0x080101d0        0x0 C:/ST/STM32CubeIDE_1.16.0/STM32CubeIDE/plugins/com.st.stm32cube.ide.mcu.externaltools.gnu-tools-for-stm32.12.3.rel1.win32_1.0.200.202406191623/tools/bin/../lib/gcc/arm-none-eabi/12.3.1/thumb/v6-m/nofp/crtbegin.o
 *(.init)
 .init          0x080101d0        0x4 C:/ST/STM32CubeIDE_1.16.0/STM32CubeIDE/plugins/com.st.stm32cube.ide.mcu.externaltools.gnu-tools-for-stm32.12.3.rel1.win32_1.0.200.202406191623/tools/bin/../lib/gcc/arm-none-eabi/12.3.1/thumb/v6-m/nofp/crti.o
                0x080101d0                _init
 .init          0x080101d4        0x8 C:/ST/STM32CubeIDE_1.16.0/STM32CubeIDE/plugins/com.st.stm32cube.ide.mcu.externaltools.gnu-tools-for-stm32.12.3.rel1.win32_1.0.200.202406191623/tools/bin/../lib/gcc/arm-none-eabi/12.3.1/thumb/v6-m/nofp/crtn.o
 *(.fini)
 .fini          0x080101dc        0x4 C:/ST/STM32CubeIDE_1.16.0/STM32CubeIDE/plugins/com.st.stm32cube.ide.mcu.externaltools.gnu-tools-for-stm32.12.3.rel1.win32_1.0.200.202406191623/tools/bin/../lib/gcc/arm-none-eabi/12.3.1/thumb/v6-m/nofp/crti.o
                0x080101dc                _fini
 .fini          0x080101e0        0x8 C:/ST/STM32CubeIDE_1.16.0/STM32CubeIDE/plugins/com.st.stm32cube.ide.mcu.externaltools.gnu-tools-for-stm32.12.3.rel1.win32_1.0.200.202406191623/tools/bin/../lib/gcc/arm-none-eabi/12.3.1/thumb/v6-m/nofp/crtn.o
                0x080101e8                        . = ALIGN (0x4)
                0x080101e8                        _etext = .

.vfp11_veneer   0x080101e8        0x0
 .vfp11_veneer  0x080101e8        0x0 linker stubs

.v4_bx          0x080101e8        0x0
 .v4_bx         0x080101e8        0x0 linker stubs

.iplt           0x080101e8        0x0
 .iplt          0x080101e8        0x0 C:/ST/STM32CubeIDE_1.16.0/STM32CubeIDE/plugins/com.st.stm32cube.ide.mcu.externaltools.gnu-tools-for-stm32.12.3.rel1.win32_1.0.200.202406191623/tools/bin/../lib/gcc/arm-none-eabi/12.3.1/thumb/v6-m/nofp/crtbegin.o

.rodata         0x080101e8      0x540
                0x080101e8                        . = ALIGN (0x4)
 *(.rodata)
 .rodata        0x080101e8        0x8 ./Core/Src/main.o
 .rodata        0x080101f0       0x1a ./Core/Src/pcf2129.o
 *fill*         0x0801020a        0x2 
 .rodata        0x0801020c       0x7c C:/ST/STM32CubeIDE_1.16.0/STM32CubeIDE/plugins/com.st.stm32cube.ide.mcu.externaltools.gnu-tools-for-stm32.12.3.rel1.win32_1.0.200.202406191623/tools/bin/../lib/gcc/arm-none-eabi/12.3.1/thumb/v6-m/nofp\libgcc.a(divsf3.o)
 .rodata        0x08010288       0x40 C:/ST/STM32CubeIDE_1.16.0/STM32CubeIDE/plugins/com.st.stm32cube.ide.mcu.externaltools.gnu-tools-for-stm32.12.3.rel1.win32_1.0.200.202406191623/tools/bin/../lib/gcc/arm-none-eabi/12.3.1/thumb/v6-m/nofp\libgcc.a(divdf3.o)
 *(.rodata*)
 .rodata.time_update.str1.1
                0x080102c8      0x178 ./Core/Src/main.o
 .rodata.Anti_Tamper_Handle.str1.1
                0x08010440       0x15 ./Core/Src/main.o
 .rodata.Fare_Calculation.str1.1
                0x08010455        0xd ./Core/Src/main.o
 .rodata.main.str1.1
                0x08010462       0x88 ./Core/Src/main.o
 .rodata.bcd2ascii.0
                0x080104ea        0xa ./Core/Src/main.o
 .rodata.print_data_clr
                0x080104f4        0x8 ./Core/Src/main.o
                0x080104f4                print_data_clr
 .rodata.RD_print_data
                0x080104fc        0x7 ./Core/Src/main.o
                0x080104fc                RD_print_data
 .rodata.page_clear
                0x08010503        0x8 ./Core/Src/main.o
                0x08010503                page_clear
 .rodata.Page01
                0x0801050b        0xa ./Core/Src/main.o
                0x0801050b                Page01
 .rodata.RD_page
                0x08010515        0x7 ./Core/Src/main.o
                0x08010515                RD_page
 .rodata.cmd_clear
                0x0801051c       0x12 ./Core/Src/main.o
                0x0801051c                cmd_clear
 .rodata.cmd_close
                0x0801052e        0xa ./Core/Src/main.o
                0x0801052e                cmd_close
 .rodata.cdata_clear
                0x08010538        0x8 ./Core/Src/main.o
                0x08010538                cdata_clear
 .rodata.RD_cleardata
                0x08010540        0x7 ./Core/Src/main.o
                0x08010540                RD_cleardata
 .rodata.CLR_RD_qr
                0x08010547        0x8 ./Core/Src/main.o
                0x08010547                CLR_RD_qr
 .rodata.cmd_content_red
                0x0801054f        0x8 ./Core/Src/main.o
                0x0801054f                cmd_content_red
 .rodata.cmd_bg_white
                0x08010557        0x8 ./Core/Src/main.o
                0x08010557                cmd_bg_white
 .rodata.cmd_content_black
                0x0801055f        0x8 ./Core/Src/main.o
                0x0801055f                cmd_content_black
 .rodata.cmd_bg_green
                0x08010567        0x8 ./Core/Src/main.o
                0x08010567                cmd_bg_green
 .rodata.cmd_on
                0x0801056f        0x8 ./Core/Src/main.o
                0x0801056f                cmd_on
 .rodata.cmd_off
                0x08010577        0x8 ./Core/Src/main.o
                0x08010577                cmd_off
 .rodata.RD_qr  0x0801057f        0x7 ./Core/Src/main.o
                0x0801057f                RD_qr
 .rodata.Dis_A  0x08010586        0xa ./Core/Src/main.o
                0x08010586                Dis_A
 .rodata.RD_Audio
                0x08010590        0x7 ./Core/Src/main.o
                0x08010590                RD_Audio
 .rodata.RD_Print
                0x08010597        0x7 ./Core/Src/main.o
                0x08010597                RD_Print
 .rodata.RD_Clear
                0x0801059e        0x7 ./Core/Src/main.o
                0x0801059e                RD_Clear
 .rodata.RD_Plus1
                0x080105a5        0x7 ./Core/Src/main.o
                0x080105a5                RD_Plus1
 .rodata.RD_Plus10
                0x080105ac        0x7 ./Core/Src/main.o
                0x080105ac                RD_Plus10
 .rodata.RD_Vacant
                0x080105b3        0x7 ./Core/Src/main.o
                0x080105b3                RD_Vacant
 .rodata.RD_Stop
                0x080105ba        0x7 ./Core/Src/main.o
                0x080105ba                RD_Stop
 .rodata.RD_Hired
                0x080105c1        0x7 ./Core/Src/main.o
                0x080105c1                RD_Hired
 .rodata.Add_Charge
                0x080105c8        0xa ./Core/Src/main.o
                0x080105c8                Add_Charge
 .rodata.Fee    0x080105d2        0xa ./Core/Src/main.o
                0x080105d2                Fee
 .rodata.APBPrescTable
                0x080105dc       0x20 ./Core/Src/system_stm32g0xx.o
                0x080105dc                APBPrescTable
 .rodata.AHBPrescTable
                0x080105fc       0x40 ./Core/Src/system_stm32g0xx.o
                0x080105fc                AHBPrescTable
 .rodata.UARTPrescTable
                0x0801063c       0x18 ./Drivers/STM32G0xx_HAL_Driver/Src/stm32g0xx_hal_uart.o
                0x0801063c                UARTPrescTable
 .rodata.denominator.0
                0x08010654        0x8 ./Drivers/STM32G0xx_HAL_Driver/Src/stm32g0xx_hal_uart_ex.o
 .rodata.numerator.1
                0x0801065c        0x8 ./Drivers/STM32G0xx_HAL_Driver/Src/stm32g0xx_hal_uart_ex.o
 .rodata.follow_path.str1.1
                0x08010664        0xf ./Middlewares/Third_Party/FatFs/src/ff.o
 .rodata.ExCvt  0x08010673       0x80 ./Middlewares/Third_Party/FatFs/src/ff.o
 .rodata._svfprintf_r.str1.1
                0x080106f3       0x11 C:/ST/STM32CubeIDE_1.16.0/STM32CubeIDE/plugins/com.st.stm32cube.ide.mcu.externaltools.gnu-tools-for-stm32.12.3.rel1.win32_1.0.200.202406191623/tools/bin/../lib/gcc/arm-none-eabi/12.3.1/../../../../arm-none-eabi/lib/thumb/v6-m/nofp\libc_nano.a(libc_a-nano-svfprintf.o)
 .rodata._printf_i.str1.1
                0x08010704       0x22 C:/ST/STM32CubeIDE_1.16.0/STM32CubeIDE/plugins/com.st.stm32cube.ide.mcu.externaltools.gnu-tools-for-stm32.12.3.rel1.win32_1.0.200.202406191623/tools/bin/../lib/gcc/arm-none-eabi/12.3.1/../../../../arm-none-eabi/lib/thumb/v6-m/nofp\libc_nano.a(libc_a-nano-vfprintf_i.o)
                0x08010728                        . = ALIGN (0x4)
 *fill*         0x08010726        0x2 

.ARM.extab      0x08010728        0x0
                0x08010728                        . = ALIGN (0x4)
 *(.ARM.extab* .gnu.linkonce.armextab.*)
                0x08010728                        . = ALIGN (0x4)

.ARM            0x08010728        0x8
                0x08010728                        . = ALIGN (0x4)
                0x08010728                        __exidx_start = .
 *(.ARM.exidx*)
 .ARM.exidx     0x08010728        0x8 C:/ST/STM32CubeIDE_1.16.0/STM32CubeIDE/plugins/com.st.stm32cube.ide.mcu.externaltools.gnu-tools-for-stm32.12.3.rel1.win32_1.0.200.202406191623/tools/bin/../lib/gcc/arm-none-eabi/12.3.1/thumb/v6-m/nofp\libgcc.a(_udivmoddi4.o)
                0x08010730                        __exidx_end = .
                0x08010730                        . = ALIGN (0x4)

.rel.dyn        0x08010730        0x0
 .rel.iplt      0x08010730        0x0 C:/ST/STM32CubeIDE_1.16.0/STM32CubeIDE/plugins/com.st.stm32cube.ide.mcu.externaltools.gnu-tools-for-stm32.12.3.rel1.win32_1.0.200.202406191623/tools/bin/../lib/gcc/arm-none-eabi/12.3.1/thumb/v6-m/nofp/crtbegin.o

.preinit_array  0x08010730        0x0
                0x08010730                        . = ALIGN (0x4)
                0x08010730                        PROVIDE (__preinit_array_start = .)
 *(.preinit_array*)
                0x08010730                        PROVIDE (__preinit_array_end = .)
                0x08010730                        . = ALIGN (0x4)

.init_array     0x08010730        0x4
                0x08010730                        . = ALIGN (0x4)
                0x08010730                        PROVIDE (__init_array_start = .)
 *(SORT_BY_NAME(.init_array.*))
 *(.init_array*)
 .init_array    0x08010730        0x4 C:/ST/STM32CubeIDE_1.16.0/STM32CubeIDE/plugins/com.st.stm32cube.ide.mcu.externaltools.gnu-tools-for-stm32.12.3.rel1.win32_1.0.200.202406191623/tools/bin/../lib/gcc/arm-none-eabi/12.3.1/thumb/v6-m/nofp/crtbegin.o
                0x08010734                        PROVIDE (__init_array_end = .)
                0x08010734                        . = ALIGN (0x4)

.fini_array     0x08010734        0x4
                0x08010734                        . = ALIGN (0x4)
                [!provide]                        PROVIDE (__fini_array_start = .)
 *(SORT_BY_NAME(.fini_array.*))
 *(.fini_array*)
 .fini_array    0x08010734        0x4 C:/ST/STM32CubeIDE_1.16.0/STM32CubeIDE/plugins/com.st.stm32cube.ide.mcu.externaltools.gnu-tools-for-stm32.12.3.rel1.win32_1.0.200.202406191623/tools/bin/../lib/gcc/arm-none-eabi/12.3.1/thumb/v6-m/nofp/crtbegin.o
                [!provide]                        PROVIDE (__fini_array_end = .)
                0x08010738                        . = ALIGN (0x4)
                0x08010738                        _sidata = LOADADDR (.data)

.data           0x20000000      0x520 load address 0x08010738
                0x20000000                        . = ALIGN (0x4)
                0x20000000                        _sdata = .
 *(.data)
 *(.data*)
 .data.Stat     0x20000000        0x1 ./Core/Src/fatfs_sd.o
 .data.flag_sp  0x20000001        0x1 ./Core/Src/main.o
                0x20000001                flag_sp
 .data.Flag_Audio_start
                0x20000002        0x1 ./Core/Src/main.o
                0x20000002                Flag_Audio_start
 .data.v_en_end
                0x20000003       0x20 ./Core/Src/main.o
                0x20000003                v_en_end
 .data.v_cn_end
                0x20000023       0x20 ./Core/Src/main.o
                0x20000023                v_cn_end
 .data.v_can_end
                0x20000043       0x20 ./Core/Src/main.o
                0x20000043                v_can_end
 .data.v_en_start
                0x20000063       0x14 ./Core/Src/main.o
                0x20000063                v_en_start
 .data.v_cn_start
                0x20000077       0x14 ./Core/Src/main.o
                0x20000077                v_cn_start
 .data.v_can_start
                0x2000008b       0x14 ./Core/Src/main.o
                0x2000008b                v_can_start
 .data.dtdata   0x2000009f       0x18 ./Core/Src/main.o
                0x2000009f                dtdata
 .data.data10   0x200000b7        0x9 ./Core/Src/main.o
                0x200000b7                data10
 .data.data09   0x200000c0        0x9 ./Core/Src/main.o
                0x200000c0                data09
 .data.data08   0x200000c9        0x9 ./Core/Src/main.o
                0x200000c9                data08
 .data.data07   0x200000d2        0x9 ./Core/Src/main.o
                0x200000d2                data07
 .data.data06   0x200000db        0x9 ./Core/Src/main.o
                0x200000db                data06
 .data.data05   0x200000e4        0x9 ./Core/Src/main.o
                0x200000e4                data05
 .data.data04   0x200000ed        0x9 ./Core/Src/main.o
                0x200000ed                data04
 .data.data03   0x200000f6        0x9 ./Core/Src/main.o
                0x200000f6                data03
 .data.data02   0x200000ff        0x9 ./Core/Src/main.o
                0x200000ff                data02
 .data.data01   0x20000108        0x9 ./Core/Src/main.o
                0x20000108                data01
 .data.tmsg10   0x20000111       0x17 ./Core/Src/main.o
                0x20000111                tmsg10
 .data.tmsg09   0x20000128       0x17 ./Core/Src/main.o
                0x20000128                tmsg09
 .data.tmsg08   0x2000013f       0x17 ./Core/Src/main.o
                0x2000013f                tmsg08
 .data.tmsg07   0x20000156       0x17 ./Core/Src/main.o
                0x20000156                tmsg07
 .data.tmsg06   0x2000016d       0x17 ./Core/Src/main.o
                0x2000016d                tmsg06
 .data.tmsg05   0x20000184       0x17 ./Core/Src/main.o
                0x20000184                tmsg05
 .data.tmsg04   0x2000019b       0x17 ./Core/Src/main.o
                0x2000019b                tmsg04
 .data.tmsg03   0x200001b2       0x17 ./Core/Src/main.o
                0x200001b2                tmsg03
 .data.tmsg02   0x200001c9       0x17 ./Core/Src/main.o
                0x200001c9                tmsg02
 .data.tmsg01   0x200001e0       0x17 ./Core/Src/main.o
                0x200001e0                tmsg01
 .data.C_Fare_Min
                0x200001f7        0xa ./Core/Src/main.o
                0x200001f7                C_Fare_Min
 .data.C_Fare_clear
                0x20000201        0x7 ./Core/Src/main.o
                0x20000201                C_Fare_clear
 .data.unlock_clear
                0x20000208        0xc ./Core/Src/main.o
                0x20000208                unlock_clear
 .data.Flag_alarm
                0x20000214        0x1 ./Core/Src/main.o
                0x20000214                Flag_alarm
 *fill*         0x20000215        0x1 
 .data.Speed_max
                0x20000216        0x2 ./Core/Src/main.o
                0x20000216                Speed_max
 .data.Speed_co
                0x20000218        0x2 ./Core/Src/main.o
                0x20000218                Speed_co
 .data.ck       0x2000021a        0x2 ./Core/Src/main.o
                0x2000021a                ck
 .data.unlock_hh
                0x2000021c        0x1 ./Core/Src/main.o
                0x2000021c                unlock_hh
 .data.FW       0x2000021d        0x8 ./Core/Src/main.o
                0x2000021d                FW
 .data.HW       0x20000225        0x8 ./Core/Src/main.o
                0x20000225                HW
 .data.hd2      0x2000022d        0x6 ./Core/Src/main.o
                0x2000022d                hd2
 .data.hd1      0x20000233        0x6 ./Core/Src/main.o
                0x20000233                hd1
 .data.zone     0x20000239        0x2 ./Core/Src/main.o
                0x20000239                zone
 .data.Flag_Tbox_Start
                0x2000023b        0x1 ./Core/Src/main.o
                0x2000023b                Flag_Tbox_Start
 .data.Flag_End_Record
                0x2000023c        0x1 ./Core/Src/main.o
                0x2000023c                Flag_End_Record
 .data.Flag_Printer_Start
                0x2000023d        0x1 ./Core/Src/main.o
                0x2000023d                Flag_Printer_Start
 .data.t_fare   0x2000023e        0xd ./Core/Src/main.o
                0x2000023e                t_fare
 .data.sub      0x2000024b        0xe ./Core/Src/main.o
                0x2000024b                sub
 .data.paid_min
                0x20000259        0xe ./Core/Src/main.o
                0x20000259                paid_min
 .data.paid_km  0x20000267        0xe ./Core/Src/main.o
                0x20000267                paid_km
 .data.total_km
                0x20000275        0xe ./Core/Src/main.o
                0x20000275                total_km
 .data.re_stop  0x20000283        0xe ./Core/Src/main.o
                0x20000283                re_stop
 .data.end      0x20000291        0xe ./Core/Src/main.o
                0x20000291                end
 .data.start    0x2000029f        0xe ./Core/Src/main.o
                0x2000029f                start
 .data.plate    0x200002ad        0xe ./Core/Src/main.o
                0x200002ad                plate
 .data.cmd      0x200002bb        0x6 ./Core/Src/main.o
                0x200002bb                cmd
 .data.uTx_Data
                0x200002c1        0x6 ./Core/Src/main.o
                0x200002c1                uTx_Data
 .data.enter    0x200002c7        0x2 ./Core/Src/main.o
                0x200002c7                enter
 .data.msg18    0x200002c9       0x10 ./Core/Src/main.o
                0x200002c9                msg18
 .data.msg17    0x200002d9       0x10 ./Core/Src/main.o
                0x200002d9                msg17
 .data.msg16    0x200002e9        0xa ./Core/Src/main.o
                0x200002e9                msg16
 .data.msg14    0x200002f3        0x9 ./Core/Src/main.o
                0x200002f3                msg14
 .data.msg12    0x200002fc        0x9 ./Core/Src/main.o
                0x200002fc                msg12
 .data.msg10    0x20000305        0x9 ./Core/Src/main.o
                0x20000305                msg10
 .data.msg08    0x2000030e        0x9 ./Core/Src/main.o
                0x2000030e                msg08
 .data.msg06    0x20000317        0x9 ./Core/Src/main.o
                0x20000317                msg06
 .data.msg04    0x20000320        0x9 ./Core/Src/main.o
                0x20000320                msg04
 .data.msg02    0x20000329        0x9 ./Core/Src/main.o
                0x20000329                msg02
 .data.msg15    0x20000332        0x9 ./Core/Src/main.o
                0x20000332                msg15
 .data.msg13    0x2000033b        0x9 ./Core/Src/main.o
                0x2000033b                msg13
 .data.msg11    0x20000344        0x9 ./Core/Src/main.o
                0x20000344                msg11
 .data.msg09    0x2000034d        0x9 ./Core/Src/main.o
                0x2000034d                msg09
 .data.msg07    0x20000356        0x9 ./Core/Src/main.o
                0x20000356                msg07
 .data.msg05    0x2000035f        0x9 ./Core/Src/main.o
                0x2000035f                msg05
 .data.msg03    0x20000368        0x9 ./Core/Src/main.o
                0x20000368                msg03
 .data.msg01    0x20000371        0x9 ./Core/Src/main.o
                0x20000371                msg01
 .data.total_detail
                0x2000037a       0x22 ./Core/Src/main.o
                0x2000037a                total_detail
 .data.total_hmi
                0x2000039c       0x2e ./Core/Src/main.o
                0x2000039c                total_hmi
 .data.epay_qr  0x200003ca       0x10 ./Core/Src/main.o
                0x200003ca                epay_qr
 .data.etoll_qr
                0x200003da       0x3f ./Core/Src/main.o
                0x200003da                etoll_qr
 .data.plate_qr
                0x20000419       0x12 ./Core/Src/main.o
                0x20000419                plate_qr
 .data.hmi_rtc  0x2000042b       0x19 ./Core/Src/main.o
                0x2000042b                hmi_rtc
 .data.Dur_HMS_clear
                0x20000444        0xe ./Core/Src/main.o
                0x20000444                Dur_HMS_clear
 .data.Dur_HMS  0x20000452        0xe ./Core/Src/main.o
                0x20000452                Dur_HMS
 .data.Clear_clear
                0x20000460        0x8 ./Core/Src/main.o
                0x20000460                Clear_clear
 .data.Print_clear
                0x20000468        0x8 ./Core/Src/main.o
                0x20000468                Print_clear
 .data.Plus1_clear
                0x20000470        0x8 ./Core/Src/main.o
                0x20000470                Plus1_clear
 .data.Plus10_clear
                0x20000478        0x8 ./Core/Src/main.o
                0x20000478                Plus10_clear
 .data.LED_Vacant_Off
                0x20000480        0x8 ./Core/Src/main.o
                0x20000480                LED_Vacant_Off
 .data.LED_Vacant_On
                0x20000488        0x8 ./Core/Src/main.o
                0x20000488                LED_Vacant_On
 .data.LED_Stop_Off
                0x20000490        0x8 ./Core/Src/main.o
                0x20000490                LED_Stop_Off
 .data.LED_Stop_On
                0x20000498        0x8 ./Core/Src/main.o
                0x20000498                LED_Stop_On
 .data.LED_Hired_Off
                0x200004a0        0x8 ./Core/Src/main.o
                0x200004a0                LED_Hired_Off
 .data.LED_Hired_On
                0x200004a8        0x8 ./Core/Src/main.o
                0x200004a8                LED_Hired_On
 .data.SystemCoreClock
                0x200004b0        0x4 ./Core/Src/system_stm32g0xx.o
                0x200004b0                SystemCoreClock
 .data.uwTickFreq
                0x200004b4        0x1 ./Drivers/STM32G0xx_HAL_Driver/Src/stm32g0xx_hal.o
                0x200004b4                uwTickFreq
 *fill*         0x200004b5        0x3 
 .data.uwTickPrio
                0x200004b8        0x4 ./Drivers/STM32G0xx_HAL_Driver/Src/stm32g0xx_hal.o
                0x200004b8                uwTickPrio
 .data.USER_Driver
                0x200004bc       0x14 ./FATFS/Target/user_diskio.o
                0x200004bc                USER_Driver
 .data._impure_ptr
                0x200004d0        0x4 C:/ST/STM32CubeIDE_1.16.0/STM32CubeIDE/plugins/com.st.stm32cube.ide.mcu.externaltools.gnu-tools-for-stm32.12.3.rel1.win32_1.0.200.202406191623/tools/bin/../lib/gcc/arm-none-eabi/12.3.1/../../../../arm-none-eabi/lib/thumb/v6-m/nofp\libc_nano.a(libc_a-impure.o)
                0x200004d0                _impure_ptr
 .data._impure_data
                0x200004d4       0x4c C:/ST/STM32CubeIDE_1.16.0/STM32CubeIDE/plugins/com.st.stm32cube.ide.mcu.externaltools.gnu-tools-for-stm32.12.3.rel1.win32_1.0.200.202406191623/tools/bin/../lib/gcc/arm-none-eabi/12.3.1/../../../../arm-none-eabi/lib/thumb/v6-m/nofp\libc_nano.a(libc_a-impure.o)
                0x200004d4                _impure_data
 *(.RamFunc)
 *(.RamFunc*)
                0x20000520                        . = ALIGN (0x4)
                0x20000520                        _edata = .

.igot.plt       0x20000520        0x0 load address 0x08010c58
 .igot.plt      0x20000520        0x0 C:/ST/STM32CubeIDE_1.16.0/STM32CubeIDE/plugins/com.st.stm32cube.ide.mcu.externaltools.gnu-tools-for-stm32.12.3.rel1.win32_1.0.200.202406191623/tools/bin/../lib/gcc/arm-none-eabi/12.3.1/thumb/v6-m/nofp/crtbegin.o
                0x20000520                        . = ALIGN (0x4)

.bss            0x20000520     0x31bc load address 0x08010c58
                0x20000520                        _sbss = .
                0x20000520                        __bss_start__ = _sbss
 *(.bss)