../Drivers/STM32G0xx_HAL_Driver/Src/stm32g0xx_hal_uart.c:3656:13:UART_EndTxTransfer	12	static,ignoring_inline_asm
../Drivers/STM32G0xx_HAL_Driver/Src/stm32g0xx_hal_uart.c:3672:13:UART_EndRxTransfer	12	static,ignoring_inline_asm
../Drivers/STM32G0xx_HAL_Driver/Src/stm32g0xx_hal_uart.c:4077:13:UART_TxISR_8BIT.part.0	12	static,ignoring_inline_asm
../Drivers/STM32G0xx_HAL_Driver/Src/stm32g0xx_hal_uart.c:4077:13:UART_TxISR_8BIT	8	static
../Drivers/STM32G0xx_HAL_Driver/Src/stm32g0xx_hal_uart.c:4106:13:UART_TxISR_16BIT	8	static
../Drivers/STM32G0xx_HAL_Driver/Src/stm32g0xx_hal_uart.c:4138:13:UART_TxISR_8BIT_FIFOEN	16	static,ignoring_inline_asm
../Drivers/STM32G0xx_HAL_Driver/Src/stm32g0xx_hal_uart.c:4178:13:UART_TxISR_16BIT_FIFOEN	16	static,ignoring_inline_asm
../Drivers/STM32G0xx_HAL_Driver/Src/stm32g0xx_hal_uart.c:670:13:HAL_UART_MspInit	0	static
../Drivers/STM32G0xx_HAL_Driver/Src/stm32g0xx_hal_uart.c:685:13:HAL_UART_MspDeInit	0	static
../Drivers/STM32G0xx_HAL_Driver/Src/stm32g0xx_hal_uart.c:624:19:HAL_UART_DeInit	16	static
../Drivers/STM32G0xx_HAL_Driver/Src/stm32g0xx_hal_uart.c:1333:19:HAL_UART_Transmit_IT	20	static,ignoring_inline_asm
../Drivers/STM32G0xx_HAL_Driver/Src/stm32g0xx_hal_uart.c:1482:19:HAL_UART_Transmit_DMA	32	static,ignoring_inline_asm
../Drivers/STM32G0xx_HAL_Driver/Src/stm32g0xx_hal_uart.c:1623:19:HAL_UART_DMAPause	20	static,ignoring_inline_asm
../Drivers/STM32G0xx_HAL_Driver/Src/stm32g0xx_hal_uart.c:1657:19:HAL_UART_DMAResume	12	static,ignoring_inline_asm
../Drivers/STM32G0xx_HAL_Driver/Src/stm32g0xx_hal_uart.c:1692:19:HAL_UART_DMAStop	16	static,ignoring_inline_asm
../Drivers/STM32G0xx_HAL_Driver/Src/stm32g0xx_hal_uart.c:1767:19:HAL_UART_Abort	16	static,ignoring_inline_asm
../Drivers/STM32G0xx_HAL_Driver/Src/stm32g0xx_hal_uart.c:1870:19:HAL_UART_AbortTransmit	16	static,ignoring_inline_asm
../Drivers/STM32G0xx_HAL_Driver/Src/stm32g0xx_hal_uart.c:1929:19:HAL_UART_AbortReceive	16	static,ignoring_inline_asm
../Drivers/STM32G0xx_HAL_Driver/Src/stm32g0xx_hal_uart.c:2654:13:HAL_UART_TxCpltCallback	0	static
../Drivers/STM32G0xx_HAL_Driver/Src/stm32g0xx_hal_uart.c:3698:13:UART_DMATransmitCplt	16	static,ignoring_inline_asm
../Drivers/STM32G0xx_HAL_Driver/Src/stm32g0xx_hal_uart.c:2669:13:HAL_UART_TxHalfCpltCallback	0	static
../Drivers/STM32G0xx_HAL_Driver/Src/stm32g0xx_hal_uart.c:3732:13:UART_DMATxHalfCplt	8	static
../Drivers/STM32G0xx_HAL_Driver/Src/stm32g0xx_hal_uart.c:2684:13:HAL_UART_RxCpltCallback	0	static
../Drivers/STM32G0xx_HAL_Driver/Src/stm32g0xx_hal_uart.c:2699:13:HAL_UART_RxHalfCpltCallback	0	static
../Drivers/STM32G0xx_HAL_Driver/Src/stm32g0xx_hal_uart.c:2714:13:HAL_UART_ErrorCallback	0	static
../Drivers/STM32G0xx_HAL_Driver/Src/stm32g0xx_hal_uart.c:3841:13:UART_DMAError	16	static
../Drivers/STM32G0xx_HAL_Driver/Src/stm32g0xx_hal_uart.c:3881:13:UART_DMAAbortOnError	8	static
../Drivers/STM32G0xx_HAL_Driver/Src/stm32g0xx_hal_uart.c:2729:13:HAL_UART_AbortCpltCallback	0	static
../Drivers/STM32G0xx_HAL_Driver/Src/stm32g0xx_hal_uart.c:1997:19:HAL_UART_Abort_IT	16	static,ignoring_inline_asm
../Drivers/STM32G0xx_HAL_Driver/Src/stm32g0xx_hal_uart.c:3959:13:UART_DMARxAbortCallback	8	static
../Drivers/STM32G0xx_HAL_Driver/Src/stm32g0xx_hal_uart.c:3904:13:UART_DMATxAbortCallback	8	static
../Drivers/STM32G0xx_HAL_Driver/Src/stm32g0xx_hal_uart.c:2744:13:HAL_UART_AbortTransmitCpltCallback	0	static
../Drivers/STM32G0xx_HAL_Driver/Src/stm32g0xx_hal_uart.c:2150:19:HAL_UART_AbortTransmit_IT	16	static,ignoring_inline_asm
../Drivers/STM32G0xx_HAL_Driver/Src/stm32g0xx_hal_uart.c:4011:13:UART_DMATxOnlyAbortCallback	8	static
../Drivers/STM32G0xx_HAL_Driver/Src/stm32g0xx_hal_uart.c:2759:13:HAL_UART_AbortReceiveCpltCallback	0	static
../Drivers/STM32G0xx_HAL_Driver/Src/stm32g0xx_hal_uart.c:2241:19:HAL_UART_AbortReceive_IT	16	static,ignoring_inline_asm
../Drivers/STM32G0xx_HAL_Driver/Src/stm32g0xx_hal_uart.c:4044:13:UART_DMARxOnlyAbortCallback	8	static
../Drivers/STM32G0xx_HAL_Driver/Src/stm32g0xx_hal_uart.c:2776:13:HAL_UARTEx_RxEventCallback	0	static
../Drivers/STM32G0xx_HAL_Driver/Src/stm32g0xx_hal_uart.c:2334:6:HAL_UART_IRQHandler	32	static,ignoring_inline_asm
../Drivers/STM32G0xx_HAL_Driver/Src/stm32g0xx_hal_uart.c:4244:13:UART_RxISR_8BIT	24	static,ignoring_inline_asm
../Drivers/STM32G0xx_HAL_Driver/Src/stm32g0xx_hal_uart.c:4321:13:UART_RxISR_16BIT	24	static,ignoring_inline_asm
../Drivers/STM32G0xx_HAL_Driver/Src/stm32g0xx_hal_uart.c:4400:13:UART_RxISR_8BIT_FIFOEN	40	static,ignoring_inline_asm
../Drivers/STM32G0xx_HAL_Driver/Src/stm32g0xx_hal_uart.c:4548:13:UART_RxISR_16BIT_FIFOEN	40	static,ignoring_inline_asm
../Drivers/STM32G0xx_HAL_Driver/Src/stm32g0xx_hal_uart.c:3807:13:UART_DMARxHalfCplt	8	static
../Drivers/STM32G0xx_HAL_Driver/Src/stm32g0xx_hal_uart.c:3750:13:UART_DMAReceiveCplt	16	static,ignoring_inline_asm
../Drivers/STM32G0xx_HAL_Driver/Src/stm32g0xx_hal_uart.c:2824:6:HAL_UART_ReceiverTimeout_Config	8	static
../Drivers/STM32G0xx_HAL_Driver/Src/stm32g0xx_hal_uart.c:2839:19:HAL_UART_EnableReceiverTimeout	12	static
../Drivers/STM32G0xx_HAL_Driver/Src/stm32g0xx_hal_uart.c:2877:19:HAL_UART_DisableReceiverTimeout	12	static
../Drivers/STM32G0xx_HAL_Driver/Src/stm32g0xx_hal_uart.c:2955:6:HAL_MultiProcessor_EnterMuteMode	0	static
../Drivers/STM32G0xx_HAL_Driver/Src/stm32g0xx_hal_uart.c:2965:19:HAL_HalfDuplex_EnableTransmitter	20	static,ignoring_inline_asm
../Drivers/STM32G0xx_HAL_Driver/Src/stm32g0xx_hal_uart.c:2988:19:HAL_HalfDuplex_EnableReceiver	20	static,ignoring_inline_asm
../Drivers/STM32G0xx_HAL_Driver/Src/stm32g0xx_hal_uart.c:3012:19:HAL_LIN_SendBreak	8	static
../Drivers/STM32G0xx_HAL_Driver/Src/stm32g0xx_hal_uart.c:3057:23:HAL_UART_GetState	0	static
../Drivers/STM32G0xx_HAL_Driver/Src/stm32g0xx_hal_uart.c:3073:10:HAL_UART_GetError	0	static
../Drivers/STM32G0xx_HAL_Driver/Src/stm32g0xx_hal_uart.c:3119:19:UART_SetConfig	24	static
../Drivers/STM32G0xx_HAL_Driver/Src/stm32g0xx_hal_uart.c:3330:6:UART_AdvFeatureConfig	12	static
../Drivers/STM32G0xx_HAL_Driver/Src/stm32g0xx_hal_uart.c:3456:19:UART_WaitOnFlagUntilTimeout	24	static,ignoring_inline_asm
../Drivers/STM32G0xx_HAL_Driver/Src/stm32g0xx_hal_uart.c:1126:19:HAL_UART_Transmit	48	static
../Drivers/STM32G0xx_HAL_Driver/Src/stm32g0xx_hal_uart.c:1231:19:HAL_UART_Receive	48	static
../Drivers/STM32G0xx_HAL_Driver/Src/stm32g0xx_hal_uart.c:3404:19:UART_CheckIdleState	24	static
../Drivers/STM32G0xx_HAL_Driver/Src/stm32g0xx_hal_uart.c:307:19:HAL_UART_Init	16	static
../Drivers/STM32G0xx_HAL_Driver/Src/stm32g0xx_hal_uart.c:380:19:HAL_HalfDuplex_Init	16	static
../Drivers/STM32G0xx_HAL_Driver/Src/stm32g0xx_hal_uart.c:453:19:HAL_LIN_Init	16	static
../Drivers/STM32G0xx_HAL_Driver/Src/stm32g0xx_hal_uart.c:550:19:HAL_MultiProcessor_Init	24	static
../Drivers/STM32G0xx_HAL_Driver/Src/stm32g0xx_hal_uart.c:2915:19:HAL_MultiProcessor_EnableMuteMode	16	static,ignoring_inline_asm
../Drivers/STM32G0xx_HAL_Driver/Src/stm32g0xx_hal_uart.c:2935:19:HAL_MultiProcessor_DisableMuteMode	16	static,ignoring_inline_asm
../Drivers/STM32G0xx_HAL_Driver/Src/stm32g0xx_hal_uart.c:3520:19:UART_Start_Receive_IT	20	static,ignoring_inline_asm
../Drivers/STM32G0xx_HAL_Driver/Src/stm32g0xx_hal_uart.c:1423:19:HAL_UART_Receive_IT	16	static,ignoring_inline_asm
../Drivers/STM32G0xx_HAL_Driver/Src/stm32g0xx_hal_uart.c:3596:19:UART_Start_Receive_DMA	32	static,ignoring_inline_asm
../Drivers/STM32G0xx_HAL_Driver/Src/stm32g0xx_hal_uart.c:1574:19:HAL_UART_Receive_DMA	16	static,ignoring_inline_asm
